../Core/Src/main.c:122:6:HAL_ADC_ConvHalfCpltCallback	16	static
../Core/Src/main.c:127:6:HAL_ADC_ConvCpltCallback	16	static
../Core/Src/main.c:133:6:HAL_TIM_PeriodElapsedCallback	16	static
../Core/Src/main.c:138:13:process_block	24	static
../Core/Src/main.c:151:6:Calculate_Vrms	40	static
../Core/Src/main.c:199:6:Calculate_Irms	40	static
../Core/Src/main.c:247:7:Calculate_Phase_Difference	48	static
../Core/Src/main.c:277:17:ADC_Read_VREFINT	40	static
../Core/Src/main.c:325:5:main	16	static
../Core/Src/main.c:395:6:SystemClock_Config	88	static
../Core/Src/main.c:438:13:MX_ADC1_Init	24	static
../Core/Src/main.c:502:13:MX_TIM3_Init	64	static
../Core/Src/main.c:556:13:MX_DMA_Init	16	static
../Core/Src/main.c:573:13:MX_GPIO_Init	32	static
../Core/Src/main.c:605:6:Error_Handler	8	static,ignoring_inline_asm
