../Core/Src/main.c:148:6:HAL_ADC_ConvHalfCpltCallback	16	static
../Core/Src/main.c:153:6:HAL_ADC_ConvCpltCallback	16	static
../Core/Src/main.c:159:13:process_block	24	static
../Core/Src/main.c:172:6:Calculate_Vrms	40	static
../Core/Src/main.c:214:6:Calculate_Irms	40	static
../Core/Src/main.c:256:17:ADC_Read_VREFINT	40	static
../Core/Src/main.c:298:13:Compute_PF_FromBuffers	104	static
../Core/Src/main.c:373:13:Display_Update_FromValue	24	static
../Core/Src/main.c:408:5:main	16	static
../Core/Src/main.c:509:6:SystemClock_Config	88	static
../Core/Src/main.c:555:13:MX_ADC1_Init	24	static
../Core/Src/main.c:623:13:MX_TIM1_Init	120	static
../Core/Src/main.c:704:13:MX_TIM3_Init	64	static
../Core/Src/main.c:760:13:MX_DMA_Init	16	static
../Core/Src/main.c:778:13:MX_GPIO_Init	48	static
../Core/Src/main.c:849:6:HAL_TIM_PeriodElapsedCallback	16	static
../Core/Src/main.c:867:6:Error_Handler	8	static,ignoring_inline_asm
