../Core/Src/main.c:137:6:HAL_ADC_LevelOutOfWindowCallback	1
../Core/Src/main.c:145:6:HAL_ADC_ConvHalfCpltCallback	1
../Core/Src/main.c:150:6:HAL_ADC_ConvCpltCallback	1
../Core/Src/main.c:159:13:process_block	3
../Core/Src/main.c:172:6:Calculate_Vrms	5
../Core/Src/main.c:216:6:Calculate_Irms	5
../Core/Src/main.c:285:17:ADC_Read_VREFINT	1
../Core/Src/main.c:327:13:Compute_PF_FromBuffers	27
../Core/Src/main.c:464:5:main	4
../Core/Src/main.c:576:6:SystemClock_Config	3
../Core/Src/main.c:622:13:MX_ADC1_Init	4
../Core/Src/main.c:690:13:MX_TIM3_Init	6
../Core/Src/main.c:748:13:MX_DMA_Init	1
../Core/Src/main.c:766:13:MX_GPIO_Init	1
../Core/Src/main.c:803:6:HAL_TIM_PeriodElapsedCallback	2
../Core/Src/main.c:821:6:Error_Handler	1
