../Core/Src/main.c:191:6:HAL_ADC_ConvHalfCpltCallback	1
../Core/Src/main.c:196:6:HAL_ADC_ConvCpltCallback	1
../Core/Src/main.c:222:13:process_block	4
../Core/Src/main.c:261:6:Calculate_Vrms	4
../Core/Src/main.c:298:6:Calculate_Irms	4
../Core/Src/main.c:333:13:Compute_PF_FromBuffers	27
../Core/Src/main.c:412:5:main	57
../Core/Src/main.c:787:6:SystemClock_Config	3
../Core/Src/main.c:830:13:MX_ADC1_Init	5
../Core/Src/main.c:902:13:MX_TIM1_Init	7
../Core/Src/main.c:979:13:MX_TIM3_Init	6
../Core/Src/main.c:1030:13:MX_DMA_Init	1
../Core/Src/main.c:1047:13:MX_GPIO_Init	1
../Core/Src/main.c:1119:6:HAL_TIM_PeriodElapsedCallback	2
../Core/Src/main.c:1135:6:Error_Handler	1
