../Core/Src/main.c:205:6:SaveShuntValueToFlash	56	static
../Core/Src/main.c:229:6:LoadShuntValueFromFlash	48	static
../Core/Src/main.c:254:6:CurrentValue	64	static
../Core/Src/main.c:378:6:VoltageValue	32	static
../Core/Src/main.c:491:5:main	136	static
../Core/Src/main.c:1007:6:SystemClock_Config	88	static
../Core/Src/main.c:1053:13:MX_ADC1_Init	24	static
../Core/Src/main.c:1141:13:MX_TIM3_Init	64	static
../Core/Src/main.c:1197:13:MX_DMA_Init	16	static
../Core/Src/main.c:1215:13:MX_GPIO_Init	48	static
../Core/Src/main.c:1305:6:Error_Handler	8	static,ignoring_inline_asm
