../Core/Src/main.c:199:6:SaveShuntValueToFlash	48	static
../Core/Src/main.c:224:10:LoadShuntValueFromFlash	48	static
../Core/Src/main.c:241:6:CurrentValue	64	static
../Core/Src/main.c:429:6:VoltageValue	32	static
../Core/Src/main.c:542:5:main	136	static
../Core/Src/main.c:1049:6:SystemClock_Config	88	static
../Core/Src/main.c:1095:13:MX_ADC1_Init	24	static
../Core/Src/main.c:1183:13:MX_TIM3_Init	64	static
../Core/Src/main.c:1239:13:MX_DMA_Init	16	static
../Core/Src/main.c:1257:13:MX_GPIO_Init	48	static
../Core/Src/main.c:1347:6:Error_Handler	8	static,ignoring_inline_asm
