../DLMS_Dev/src/apdu.c:46:5:apdu_getAuthenticationString	40	static
../DLMS_Dev/src/apdu.c:118:5:apdu_generateApplicationContextName	32	static
../DLMS_Dev/src/apdu.c:221:15:useDedicatedKey	16	static
../DLMS_Dev/src/apdu.c:243:5:apdu_getInitiateRequest	24	static
../DLMS_Dev/src/apdu.c:315:5:apdu_generateUserInformation	64	static
../DLMS_Dev/src/apdu.c:396:5:apdu_parseUserInformation	104	static
../DLMS_Dev/src/apdu.c:745:5:apdu_verifyUserInformation	96	static
../DLMS_Dev/src/apdu.c:992:5:apdu_parseApplicationContextName	32	static
../DLMS_Dev/src/apdu.c:1105:5:apdu_validateAare	24	static
../DLMS_Dev/src/apdu.c:1136:5:apdu_updatePassword	32	static
../DLMS_Dev/src/apdu.c:1183:5:apdu_updateAuthentication	24	static
../DLMS_Dev/src/apdu.c:1274:5:apdu_getUserInformation	56	static
../DLMS_Dev/src/apdu.c:1362:5:apdu_generateAarq	32	static
../DLMS_Dev/src/apdu.c:1389:5:apdu_handleResultComponent	24	static
../DLMS_Dev/src/apdu.c:1417:5:apdu_parseProtocolVersion	24	static
../DLMS_Dev/src/apdu.c:1448:5:apdu_parsePDU	48	static
../DLMS_Dev/src/apdu.c:2151:5:apdu_generateAARE	264	static
