../DLMS_Dev/src/bigInteger.c:46:6:bi_isAttached	16	static
../DLMS_Dev/src/bigInteger.c:65:5:bi_capacity	24	static
../DLMS_Dev/src/bigInteger.c:133:10:bi_getCapacity	16	static
../DLMS_Dev/src/bigInteger.c:138:10:bi_size	16	static
../DLMS_Dev/src/bigInteger.c:143:6:bi_init	16	static
../DLMS_Dev/src/bigInteger.c:149:6:bi_append	16	static
../DLMS_Dev/src/bigInteger.c:155:5:bi_attach	24	static
../DLMS_Dev/src/bigInteger.c:176:5:bi_addRange	32	static
../DLMS_Dev/src/bigInteger.c:189:5:bi_add	16	static
../DLMS_Dev/src/bigInteger.c:194:5:bi_addValue2	64	static
../DLMS_Dev/src/bigInteger.c:218:15:bi_isZero	16	static
../DLMS_Dev/src/bigInteger.c:224:15:bi_isEven	16	static
../DLMS_Dev/src/bigInteger.c:230:15:bi_isOne	16	static
../DLMS_Dev/src/bigInteger.c:235:5:bi_toArray	32	static
../DLMS_Dev/src/bigInteger.c:258:6:bi_or	24	static
../DLMS_Dev/src/bigInteger.c:271:5:bi_compare	32	static
../DLMS_Dev/src/bigInteger.c:335:5:bi_compareValue	16	static
../DLMS_Dev/src/bigInteger.c:348:5:bi_addBigInteger	56	static
../DLMS_Dev/src/bigInteger.c:382:5:bi_fromByteBuffer	40	static
../DLMS_Dev/src/bigInteger.c:437:6:bi_sub	192	static
../DLMS_Dev/src/bigInteger.c:522:5:bi_multiply	200	static
../DLMS_Dev/src/bigInteger.c:584:6:bi_multiplyInt32	192	static
../DLMS_Dev/src/bigInteger.c:630:6:bi_lshift	80	static
../DLMS_Dev/src/bigInteger.c:659:6:bi_rshift	72	static
../DLMS_Dev/src/bigInteger.c:689:5:bi_clear	16	static
../DLMS_Dev/src/bigInteger.c:700:5:bi_copy	16	static
../DLMS_Dev/src/bigInteger.c:712:6:bi_pow	136	static
../DLMS_Dev/src/bigInteger.c:732:6:bi_div	392	static
../DLMS_Dev/src/bigInteger.c:794:5:bi_mod	272	static
../DLMS_Dev/src/bigInteger.c:852:5:bi_inv	848	static
../DLMS_Dev/src/bigInteger.c:895:10:bi_getUsedBits	32	static
../DLMS_Dev/src/bigInteger.c:911:15:bi_isBitSet	24	static
