../DLMS_Dev/src/bytebuffer.c:49:6:bb_isAttached	16	static
../DLMS_Dev/src/bytebuffer.c:66:10:bb_available	16	static
../DLMS_Dev/src/bytebuffer.c:79:10:bb_getCapacity	16	static
../DLMS_Dev/src/bytebuffer.c:94:10:bb_size	16	static
../DLMS_Dev/src/bytebuffer.c:100:5:bb_init	16	static
../DLMS_Dev/src/bytebuffer.c:115:5:bb_capacity	24	static
../DLMS_Dev/src/bytebuffer.c:189:5:bb_zero	24	static
../DLMS_Dev/src/bytebuffer.c:211:5:bb_setUInt8	24	static
../DLMS_Dev/src/bytebuffer.c:229:5:bb_insertUInt8	32	static
../DLMS_Dev/src/bytebuffer.c:254:5:bb_allocate	24	static
../DLMS_Dev/src/bytebuffer.c:320:5:bb_setUInt8ByIndex	24	static
../DLMS_Dev/src/bytebuffer.c:338:5:bb_setUInt16	24	static
../DLMS_Dev/src/bytebuffer.c:356:5:bb_setUInt16ByIndex	24	static
../DLMS_Dev/src/bytebuffer.c:375:5:bb_setUInt32	24	static
../DLMS_Dev/src/bytebuffer.c:393:5:bb_setUInt32ByIndex	40	static
../DLMS_Dev/src/bytebuffer.c:407:5:bb_setUInt64	88	static
../DLMS_Dev/src/bytebuffer.c:435:5:bb_setFloat	24	static
../DLMS_Dev/src/bytebuffer.c:461:5:bb_setDouble	40	static
../DLMS_Dev/src/bytebuffer.c:490:5:bb_setInt8	16	static
../DLMS_Dev/src/bytebuffer.c:497:5:bb_setInt16	16	static
../DLMS_Dev/src/bytebuffer.c:504:5:bb_setInt32	16	static
../DLMS_Dev/src/bytebuffer.c:511:5:bb_setInt64	24	static
../DLMS_Dev/src/bytebuffer.c:524:5:bb_set	32	static
../DLMS_Dev/src/bytebuffer.c:557:5:bb_set2	32	static
../DLMS_Dev/src/bytebuffer.c:584:5:bb_addString	24	static
../DLMS_Dev/src/bytebuffer.c:613:5:bb_attach	24	static
../DLMS_Dev/src/bytebuffer.c:651:5:bb_attachString2	32	static
../DLMS_Dev/src/bytebuffer.c:662:5:bb_attachString	24	static
../DLMS_Dev/src/bytebuffer.c:673:5:bb_clear	16	static
../DLMS_Dev/src/bytebuffer.c:693:5:bb_empty	16	static
../DLMS_Dev/src/bytebuffer.c:701:5:bb_getUInt8	16	static
../DLMS_Dev/src/bytebuffer.c:714:5:bb_getInt8	16	static
../DLMS_Dev/src/bytebuffer.c:727:5:bb_getUInt8ByIndex	24	static
../DLMS_Dev/src/bytebuffer.c:741:5:bb_getUInt16	16	static
../DLMS_Dev/src/bytebuffer.c:755:5:bb_getUInt32	16	static
../DLMS_Dev/src/bytebuffer.c:769:5:bb_getInt16	16	static
../DLMS_Dev/src/bytebuffer.c:784:5:bb_getUInt24	24	static
../DLMS_Dev/src/bytebuffer.c:793:5:bb_getInt32	24	static
../DLMS_Dev/src/bytebuffer.c:803:5:bb_getUInt24ByIndex	32	static
../DLMS_Dev/src/bytebuffer.c:818:5:bb_getUInt32ByIndex	24	static
../DLMS_Dev/src/bytebuffer.c:832:5:bb_getInt64	24	static
../DLMS_Dev/src/bytebuffer.c:844:5:bb_getUInt64	24	static
../DLMS_Dev/src/bytebuffer.c:856:5:bb_getUInt64ByIndex	64	static
../DLMS_Dev/src/bytebuffer.c:874:5:bb_getUInt128ByIndex	32	static
../DLMS_Dev/src/bytebuffer.c:896:5:bb_getFloat	24	static
../DLMS_Dev/src/bytebuffer.c:921:5:bb_getDouble	24	static
../DLMS_Dev/src/bytebuffer.c:949:5:bb_getUInt16ByIndex	24	static
../DLMS_Dev/src/bytebuffer.c:964:5:bb_addHexString	32	static
../DLMS_Dev/src/bytebuffer.c:985:5:bb_addHexString2	40	static
../DLMS_Dev/src/bytebuffer.c:1027:5:bb_addLogicalName	56	static
../DLMS_Dev/src/bytebuffer.c:1040:5:bb_toHexString2	24	static
../DLMS_Dev/src/bytebuffer.c:1049:7:bb_toString	24	static
../DLMS_Dev/src/bytebuffer.c:1061:7:bb_toHexString	24	static
../DLMS_Dev/src/bytebuffer.c:1068:5:bb_addDoubleAsString	56	static
../DLMS_Dev/src/bytebuffer.c:1090:5:bb_addIntAsString	16	static
../DLMS_Dev/src/bytebuffer.c:1095:5:bb_addIntAsString2	64	static
../DLMS_Dev/src/bytebuffer.c:1114:5:bb_subArray	32	static
../DLMS_Dev/src/bytebuffer.c:1132:5:bb_insert	48	static
../DLMS_Dev/src/bytebuffer.c:1162:5:bb_move	40	static
../DLMS_Dev/src/bytebuffer.c:1206:5:bb_trim	24	static
../DLMS_Dev/src/bytebuffer.c:1231:15:bb_compare	32	static
../DLMS_Dev/src/bytebuffer.c:1257:5:bb_get	24	static
../DLMS_Dev/src/bytebuffer.c:1272:10:bb_indexOf	24	static
../DLMS_Dev/src/bytebuffer.c:1296:6:bb_reverse	40	static
