../DLMS_Dev/src/client.c:58:5:cl_snrmRequest	56	static
../DLMS_Dev/src/client.c:178:5:cl_parseUAResponse	24	static
../DLMS_Dev/src/client.c:188:5:cl_getFrameSize	48	static
../DLMS_Dev/src/client.c:270:5:cl_getRemainingFrameSize	32	static
../DLMS_Dev/src/client.c:282:5:cl_aarqRequest	144	static
../DLMS_Dev/src/client.c:380:5:cl_parseAAREResponse	40	static
../DLMS_Dev/src/client.c:411:5:cl_getApplicationAssociationRequest	152	static
../DLMS_Dev/src/client.c:524:5:cl_parseApplicationAssociationResponse	96	static
../DLMS_Dev/src/client.c:613:5:cl_getObjectsRequest	32	static
../DLMS_Dev/src/client.c:633:5:cl_parseObjects	24	static
../DLMS_Dev/src/client.c:658:5:cl_parseObjectCount	24	static
../DLMS_Dev/src/client.c:683:5:cl_parseNextObject	72	static
../DLMS_Dev/src/client.c:784:5:cl_readSN	96	static
../DLMS_Dev/src/client.c:821:5:cl_readLN	120	static
../DLMS_Dev/src/client.c:884:5:cl_readList	160	static
../DLMS_Dev/src/client.c:997:5:cl_read	48	static
../DLMS_Dev/src/client.c:1023:5:cl_getKeepAlive	32	static
../DLMS_Dev/src/client.c:1045:5:cl_readRowsByEntry	48	static
../DLMS_Dev/src/client.c:1050:5:cl_readRowsByEntry2	56	static
../DLMS_Dev/src/client.c:1091:5:cl_readRowsByRange2	72	static
../DLMS_Dev/src/client.c:1275:5:cl_readRowsByRange	128	static
../DLMS_Dev/src/client.c:1295:5:cl_getData	24	static
../DLMS_Dev/src/client.c:1300:5:cl_getData2	40	static
../DLMS_Dev/src/client.c:1310:5:cl_changeType	24	static
../DLMS_Dev/src/client.c:1318:5:cl_updateValue	104	static
../DLMS_Dev/src/client.c:1335:5:cl_updateValues	128	static
../DLMS_Dev/src/client.c:1406:5:cl_receiverReady	24	static
../DLMS_Dev/src/client.c:1416:5:cl_releaseRequest	16	static
../DLMS_Dev/src/client.c:1426:5:cl_releaseRequest2	144	static
../DLMS_Dev/src/client.c:1491:5:cl_disconnectRequest	56	static
../DLMS_Dev/src/client.c:1597:5:cl_write	136	static
../DLMS_Dev/src/client.c:1638:5:cl_writeList	256	static
../DLMS_Dev/src/client.c:1844:5:cl_writeLN	136	static
../DLMS_Dev/src/client.c:1923:5:cl_writeSN	112	static
../DLMS_Dev/src/client.c:1963:5:cl_method	48	static
../DLMS_Dev/src/client.c:1986:5:cl_method2	56	static
../DLMS_Dev/src/client.c:2010:5:cl_methodLN	144	static
../DLMS_Dev/src/client.c:2101:5:cl_methodLN2	136	static
../DLMS_Dev/src/client.c:2160:5:cl_methodSN	120	static
../DLMS_Dev/src/client.c:2236:5:cl_methodSN2	120	static
../DLMS_Dev/src/client.c:2287:10:cl_getServerAddress	32	static
