../DLMS_Dev/src/converters.c:59:5:obj_typeToString	24	static
../DLMS_Dev/src/converters.c:102:5:obj_UInt16ArrayToString	40	static
../DLMS_Dev/src/converters.c:131:13:obj_typeToString2	24	static
../DLMS_Dev/src/converters.c:425:13:obj_getUnitAsString	24	static
../DLMS_Dev/src/converters.c:784:5:obj_DataToString	40	static
../DLMS_Dev/src/converters.c:800:5:obj_RegisterToString	40	static
../DLMS_Dev/src/converters.c:820:5:obj_clockToString	40	static
../DLMS_Dev/src/converters.c:850:5:obj_ScriptTableToString	56	static
../DLMS_Dev/src/converters.c:921:5:obj_specialDaysTableToString	48	static
../DLMS_Dev/src/converters.c:957:5:obj_TcpUdpSetupToString	40	static
../DLMS_Dev/src/converters.c:983:5:obj_mBusMasterPortSetupToString	40	static
../DLMS_Dev/src/converters.c:996:5:obj_timeWindowToString	40	static
../DLMS_Dev/src/converters.c:1021:5:obj_CaptureObjectsToString	40	static
../DLMS_Dev/src/converters.c:1061:5:obj_PushProtectionParametersToString	40	static
../DLMS_Dev/src/converters.c:1101:5:obj_pushSetupToString	40	static
../DLMS_Dev/src/converters.c:1190:5:obj_autoConnectToString	56	static
../DLMS_Dev/src/converters.c:1241:5:obj_seasonProfileToString	32	static
../DLMS_Dev/src/converters.c:1269:5:obj_weekProfileToString	32	static
../DLMS_Dev/src/converters.c:1306:5:obj_dayProfileToString	32	static
../DLMS_Dev/src/converters.c:1360:5:obj_activityCalendarToString	40	static
../DLMS_Dev/src/converters.c:1392:5:obj_securitySetupToString	40	static
../DLMS_Dev/src/converters.c:1411:5:obj_hdlcSetupToString	40	static
../DLMS_Dev/src/converters.c:1438:5:obj_localPortSetupToString	40	static
../DLMS_Dev/src/converters.c:1466:5:obj_IecTwistedPairSetupToString	48	static
../DLMS_Dev/src/converters.c:1519:5:obj_demandRegisterToString	40	static
../DLMS_Dev/src/converters.c:1551:5:obj_registerActivationToString	56	static
../DLMS_Dev/src/converters.c:1629:6:actionItemToString	16	static
../DLMS_Dev/src/converters.c:1649:5:obj_registerMonitorToString	56	static
../DLMS_Dev/src/converters.c:1719:5:obj_actionScheduleToString	48	static
../DLMS_Dev/src/converters.c:1773:5:obj_sapAssignmentToString	48	static
../DLMS_Dev/src/converters.c:1803:5:obj_autoAnswerToString	40	static
../DLMS_Dev/src/converters.c:1829:5:obj_ip4SetupToString	56	static
../DLMS_Dev/src/converters.c:1917:5:obj_in6AddrToString	40	static
../DLMS_Dev/src/converters.c:1940:5:obj_getIPAddress	40	static
../DLMS_Dev/src/converters.c:1979:5:obj_getNeighborDiscoverySetupAsString	40	static
../DLMS_Dev/src/converters.c:2015:5:obj_ip6SetupToString	40	static
../DLMS_Dev/src/converters.c:2071:5:obj_MBusDiagnosticToString	48	static
../DLMS_Dev/src/converters.c:2121:5:obj_MBusPortSetupToString	40	static
../DLMS_Dev/src/converters.c:2156:5:obj_G3PlcMacLayerCounters	40	static
../DLMS_Dev/src/converters.c:2187:5:obj_G3PlcMacSetupKeyTableToString	40	static
../DLMS_Dev/src/converters.c:2225:5:obj_G3PlcMacSetupNeighbourTableToString	32	static
../DLMS_Dev/src/converters.c:2263:5:obj_G3PlcMacSetupMacPosTableToString	32	static
../DLMS_Dev/src/converters.c:2285:5:obj_G3PlcMacSetupToString	40	static
../DLMS_Dev/src/converters.c:2343:5:obj_G3Plc6RoutingConfigurationToString	32	static
../DLMS_Dev/src/converters.c:2387:5:obj_G3Plc6RoutingTableToString	32	static
../DLMS_Dev/src/converters.c:2415:5:obj_G3Plc6ContextInformationTableToString	32	static
../DLMS_Dev/src/converters.c:2439:5:obj_G3Plc6BlacklistTableToString	32	static
../DLMS_Dev/src/converters.c:2459:5:obj_G3Plc6BroadcastLogTableToString	32	static
../DLMS_Dev/src/converters.c:2481:5:obj_G3Plc6LoWPANToString	40	static
../DLMS_Dev/src/converters.c:2553:5:obj_objectsToString	32	static
../DLMS_Dev/src/converters.c:2581:5:obj_FunctionControlActivationStatusToString	32	static
../DLMS_Dev/src/converters.c:2602:5:obj_FunctionControlFunctionsToString	32	static
../DLMS_Dev/src/converters.c:2622:5:obj_FunctionControlToString	40	static
../DLMS_Dev/src/converters.c:2642:5:obj_ArrayManagerToString	48	static
../DLMS_Dev/src/converters.c:2671:5:obj_UtilityTablesToString	40	static
../DLMS_Dev/src/converters.c:2689:5:obj_mbusSlavePortSetupToString	40	static
../DLMS_Dev/src/converters.c:2708:5:obj_imageTransferToString	48	static
../DLMS_Dev/src/converters.c:2750:5:obj_disconnectControlToString	40	static
../DLMS_Dev/src/converters.c:2767:5:obj_limiterToString	40	static
../DLMS_Dev/src/converters.c:2834:5:obj_mBusClientToString	40	static
../DLMS_Dev/src/converters.c:2878:5:obj_modemConfigurationToString	56	static
../DLMS_Dev/src/converters.c:2926:5:obj_macAddressSetupToString	40	static
../DLMS_Dev/src/converters.c:2940:6:qualityOfServiceToString	16	static
../DLMS_Dev/src/converters.c:2954:5:obj_GPRSSetupToString	40	static
../DLMS_Dev/src/converters.c:2973:5:obj_extendedRegisterToString	40	static
../DLMS_Dev/src/converters.c:3003:5:obj_rowsToString	32	static
../DLMS_Dev/src/converters.c:3039:6:obj_applicationContextNameToString	16	static
../DLMS_Dev/src/converters.c:3058:6:obj_xDLMSContextTypeToString	16	static
../DLMS_Dev/src/converters.c:3071:6:obj_authenticationMechanismNameToString	16	static
../DLMS_Dev/src/converters.c:3087:5:obj_associationLogicalNameToString	48	static
../DLMS_Dev/src/converters.c:3147:5:obj_associationShortNameToString	40	static
../DLMS_Dev/src/converters.c:3171:5:obj_pppSetupToString	40	static
../DLMS_Dev/src/converters.c:3203:5:obj_ProfileGenericToString	40	static
../DLMS_Dev/src/converters.c:3236:5:obj_appendReferences	40	static
../DLMS_Dev/src/converters.c:3255:5:obj_accountToString	40	static
../DLMS_Dev/src/converters.c:3310:5:obj_creditToString	40	static
../DLMS_Dev/src/converters.c:3341:5:obj_chargeToString	40	static
../DLMS_Dev/src/converters.c:3377:5:obj_tokenGatewayToString	40	static
../DLMS_Dev/src/converters.c:3401:5:obj_GsmDiagnosticToString	48	static
../DLMS_Dev/src/converters.c:3458:5:obj_CompactDataToString	40	static
../DLMS_Dev/src/converters.c:3484:5:obj_LlcSscsSetupToString	40	static
../DLMS_Dev/src/converters.c:3501:5:obj_PrimeNbOfdmPlcPhysicalLayerCountersToString	16	static
../DLMS_Dev/src/converters.c:3507:6:obj_PrimeNbOfdmPlcMacSetupToString	16	static
../DLMS_Dev/src/converters.c:3513:6:obj_PrimeNbOfdmPlcMacFunctionalParametersToString	16	static
../DLMS_Dev/src/converters.c:3519:6:obj_PrimeNbOfdmPlcMacCountersToString	16	static
../DLMS_Dev/src/converters.c:3525:6:obj_PrimeNbOfdmPlcMacNetworkAdministrationDataToString	16	static
../DLMS_Dev/src/converters.c:3531:6:obj_PrimeNbOfdmPlcApplicationsIdentificationToString	16	static
../DLMS_Dev/src/converters.c:3538:5:obj_scheduleToString	16	static
../DLMS_Dev/src/converters.c:3546:5:obj_ParameterMonitorToString	16	static
../DLMS_Dev/src/converters.c:3553:5:obj_ArbitratorToString	56	static
../DLMS_Dev/src/converters.c:3599:5:obj_Iec8802LlcType1SetupToString	40	static
../DLMS_Dev/src/converters.c:3614:5:obj_Iec8802LlcType2SetupToString	40	static
../DLMS_Dev/src/converters.c:3643:5:obj_Iec8802LlcType3SetupToString	40	static
../DLMS_Dev/src/converters.c:3666:5:obj_SFSKActiveInitiatorToString	40	static
../DLMS_Dev/src/converters.c:3687:5:obj_getArrayAsString	40	static
../DLMS_Dev/src/converters.c:3709:5:obj_FSKMacCountersToString	40	static
../DLMS_Dev/src/converters.c:3744:5:obj_SFSKMacSynchronizationTimeoutsToString	40	static
../DLMS_Dev/src/converters.c:3766:5:obj_SFSKPhyMacSetUpToString	40	static
../DLMS_Dev/src/converters.c:3809:5:obj_SFSKReportingSystemListToString	48	static
../DLMS_Dev/src/converters.c:3844:5:obj_lteMonitoringToString	40	static
../DLMS_Dev/src/converters.c:3885:5:obj_getNtpKeys	40	static
../DLMS_Dev/src/converters.c:3922:5:obj_NtpSetupToString	40	static
../DLMS_Dev/src/converters.c:3966:5:obj_toString	24	static
../DLMS_Dev/src/converters.c:4392:13:err_toString	16	static
