../DLMS_Dev/src/cosem.c:54:10:cosem_getObjectSize	24	static
../DLMS_Dev/src/cosem.c:463:5:cosem_createObject	32	static
../DLMS_Dev/src/cosem.c:502:5:cosem_createObject2	32	static
../DLMS_Dev/src/cosem.c:517:5:cosem_setLogicalName	16	static
../DLMS_Dev/src/cosem.c:526:5:cosem_init	40	static
../DLMS_Dev/src/cosem.c:537:5:cosem_init2	24	static
../DLMS_Dev/src/cosem.c:545:5:cosem_init3	32	static
../DLMS_Dev/src/cosem.c:554:5:cosem_init4	40	static
../DLMS_Dev/src/cosem.c:787:5:cosem_checkStructure	32	static
../DLMS_Dev/src/cosem.c:801:5:cosem_getStructure	24	static
../DLMS_Dev/src/cosem.c:823:5:cosem_checkArray	16	static
../DLMS_Dev/src/cosem.c:828:5:cosem_checkArray2	32	static
../DLMS_Dev/src/cosem.c:859:5:cosem_getUInt8	24	static
../DLMS_Dev/src/cosem.c:878:5:cosem_getUInt16	24	static
../DLMS_Dev/src/cosem.c:897:5:cosem_getUInt32	24	static
../DLMS_Dev/src/cosem.c:916:5:cosem_getInt8	24	static
../DLMS_Dev/src/cosem.c:935:5:cosem_getInt16	24	static
../DLMS_Dev/src/cosem.c:954:5:cosem_getInt32	24	static
../DLMS_Dev/src/cosem.c:973:5:cosem_getOctetStringBase	32	static
../DLMS_Dev/src/cosem.c:1007:5:cosem_getOctetStringBase2	32	static
../DLMS_Dev/src/cosem.c:1040:5:cosem_getOctetString	16	static
../DLMS_Dev/src/cosem.c:1045:5:cosem_getString	16	static
../DLMS_Dev/src/cosem.c:1050:5:cosem_getOctetString2	40	static
../DLMS_Dev/src/cosem.c:1055:5:cosem_getOctetString3	24	static
../DLMS_Dev/src/cosem.c:1060:5:cosem_getString2	48	static
../DLMS_Dev/src/cosem.c:1075:5:cosem_getDateTimeBase	64	static
../DLMS_Dev/src/cosem.c:1116:5:cosem_getDateTimeFromOctetStringBase	64	static
../DLMS_Dev/src/cosem.c:1170:5:cosem_getDateTimeFromOctetString	16	static
../DLMS_Dev/src/cosem.c:1175:5:cosem_getDateFromOctetString	16	static
../DLMS_Dev/src/cosem.c:1180:5:cosem_getTimeFromOctetString	16	static
../DLMS_Dev/src/cosem.c:1185:5:cosem_getDateTimeFromOctetString2	24	static
../DLMS_Dev/src/cosem.c:1190:5:cosem_getDateFromOctetString2	24	static
../DLMS_Dev/src/cosem.c:1195:5:cosem_getTimeFromOctetString2	24	static
../DLMS_Dev/src/cosem.c:1200:5:cosem_getBitString2	48	static
../DLMS_Dev/src/cosem.c:1227:5:cosem_getBitString	24	static
../DLMS_Dev/src/cosem.c:1248:5:cosem_getIntegerFromBitString	48	static
../DLMS_Dev/src/cosem.c:1271:5:cosem_getVariant	40	static
../DLMS_Dev/src/cosem.c:1289:5:cosem_getVariantExact	40	static
../DLMS_Dev/src/cosem.c:1314:5:cosem_getEnum	24	static
../DLMS_Dev/src/cosem.c:1333:5:cosem_getBoolean	24	static
../DLMS_Dev/src/cosem.c:1352:5:cosem_getUtf8String	16	static
../DLMS_Dev/src/cosem.c:1357:5:cosem_getUtf8String2	40	static
../DLMS_Dev/src/cosem.c:1362:5:cosem_setDateTimeAsOctetString	24	static
../DLMS_Dev/src/cosem.c:1374:5:cosem_setDateAsOctetString	24	static
../DLMS_Dev/src/cosem.c:1386:5:cosem_setBitString	56	static
../DLMS_Dev/src/cosem.c:1423:5:cosem_setTimeAsOctetString	24	static
../DLMS_Dev/src/cosem.c:1435:5:cosem_setOctetString	24	static
../DLMS_Dev/src/cosem.c:1455:5:cosem_setString	32	static
../DLMS_Dev/src/cosem.c:1479:5:cosem_setString2	32	static
../DLMS_Dev/src/cosem.c:1503:5:cosem_setDateTime	24	static
../DLMS_Dev/src/cosem.c:1514:5:cosem_setDate	24	static
../DLMS_Dev/src/cosem.c:1525:5:cosem_setTime	24	static
../DLMS_Dev/src/cosem.c:1537:5:cosem_setOctetString2	32	static
../DLMS_Dev/src/cosem.c:1560:5:cosem_getDateTime	16	static
../DLMS_Dev/src/cosem.c:1565:5:cosem_getDate	16	static
../DLMS_Dev/src/cosem.c:1570:5:cosem_getTime	16	static
../DLMS_Dev/src/cosem.c:1575:5:cosem_getDateTime2	24	static
../DLMS_Dev/src/cosem.c:1580:5:cosem_getDate2	24	static
../DLMS_Dev/src/cosem.c:1585:5:cosem_getTime2	24	static
../DLMS_Dev/src/cosem.c:1590:5:cosem_setUInt8	24	static
../DLMS_Dev/src/cosem.c:1601:5:cosem_setUInt16	24	static
../DLMS_Dev/src/cosem.c:1612:5:cosem_setUInt32	24	static
../DLMS_Dev/src/cosem.c:1623:5:cosem_setUInt64	24	static
../DLMS_Dev/src/cosem.c:1634:5:cosem_setInt8	24	static
../DLMS_Dev/src/cosem.c:1645:5:cosem_setInt16	24	static
../DLMS_Dev/src/cosem.c:1656:5:cosem_setInt32	24	static
../DLMS_Dev/src/cosem.c:1667:5:cosem_setInt64	24	static
../DLMS_Dev/src/cosem.c:1678:5:cosem_setVariant	16	static
../DLMS_Dev/src/cosem.c:1687:5:cosem_setStructure	24	static
../DLMS_Dev/src/cosem.c:1698:5:cosem_setArray	24	static
../DLMS_Dev/src/cosem.c:1709:5:cosem_setEnum	24	static
../DLMS_Dev/src/cosem.c:1720:5:cosem_setBoolean	24	static
../DLMS_Dev/src/cosem.c:1742:5:getSelectedColumns	72	static
../DLMS_Dev/src/cosem.c:1805:5:cosem_getColumns	56	static
../DLMS_Dev/src/cosem.c:2017:5:cosem_findObjectByLN	40	static
../DLMS_Dev/src/cosem.c:2055:5:cosem_setDeltaUInt8	24	static
../DLMS_Dev/src/cosem.c:2066:5:cosem_setDeltaUInt16	24	static
../DLMS_Dev/src/cosem.c:2077:5:cosem_setDeltaUInt32	24	static
../DLMS_Dev/src/cosem.c:2088:5:cosem_setDeltaInt8	24	static
../DLMS_Dev/src/cosem.c:2099:5:cosem_setDeltaInt16	24	static
../DLMS_Dev/src/cosem.c:2110:5:cosem_setDeltaInt32	24	static
../DLMS_Dev/src/cosem.c:2121:5:cosem_getDeltaUInt8	24	static
../DLMS_Dev/src/cosem.c:2140:5:cosem_getDeltaUInt16	24	static
../DLMS_Dev/src/cosem.c:2159:5:cosem_getDeltaUInt32	24	static
../DLMS_Dev/src/cosem.c:2178:5:cosem_getDeltaInt8	24	static
../DLMS_Dev/src/cosem.c:2197:5:cosem_getDeltaInt16	24	static
../DLMS_Dev/src/cosem.c:2216:5:cosem_getDeltaInt32	24	static
