../DLMS_Dev/src/date.c:53:6:time_getUtcOffset	72	static
../DLMS_Dev/src/date.c:74:6:time_init3	80	static
../DLMS_Dev/src/date.c:92:8:gxmktime	72	static
../DLMS_Dev/src/date.c:115:6:time_init	32	static
../DLMS_Dev/src/date.c:340:10:time_getDate	16	static
../DLMS_Dev/src/date.c:349:6:time_clearDate	16	static
../DLMS_Dev/src/date.c:374:10:time_getTime	40	static
../DLMS_Dev/src/date.c:388:6:time_clearTime	16	static
../DLMS_Dev/src/date.c:405:6:time_clearHours	16	static
../DLMS_Dev/src/date.c:410:6:time_clearMinutes	16	static
../DLMS_Dev/src/date.c:415:6:time_clearSeconds	16	static
../DLMS_Dev/src/date.c:420:10:time_getYears2	40	static
../DLMS_Dev/src/date.c:443:10:time_getYears	16	static
../DLMS_Dev/src/date.c:453:15:time_getMonths2	40	static
../DLMS_Dev/src/date.c:476:15:time_getMonths	16	static
../DLMS_Dev/src/date.c:486:15:time_getDays2	48	static
../DLMS_Dev/src/date.c:500:15:time_getDays	16	static
../DLMS_Dev/src/date.c:510:15:time_getHours	16	static
../DLMS_Dev/src/date.c:520:15:time_getHours2	16	static
../DLMS_Dev/src/date.c:526:15:time_getMinutes	16	static
../DLMS_Dev/src/date.c:536:15:time_getMinutes2	16	static
../DLMS_Dev/src/date.c:542:15:time_getSeconds	16	static
../DLMS_Dev/src/date.c:552:15:time_getSeconds2	16	static
../DLMS_Dev/src/date.c:558:6:time_addYears	16	static
../DLMS_Dev/src/date.c:575:6:time_addMonths	16	static
../DLMS_Dev/src/date.c:609:6:time_addDays	16	static
../DLMS_Dev/src/date.c:626:6:time_addHours	16	static
../DLMS_Dev/src/date.c:644:6:time_addMinutes	16	static
../DLMS_Dev/src/date.c:662:6:time_addSeconds	16	static
../DLMS_Dev/src/date.c:681:6:time_init2	64	static
../DLMS_Dev/src/date.c:722:6:time_initUnix	16	static
../DLMS_Dev/src/date.c:739:6:time_clear	16	static
../DLMS_Dev/src/date.c:752:5:date_isleap	16	static
../DLMS_Dev/src/date.c:757:15:date_daysInMonth	16	static
../DLMS_Dev/src/date.c:786:10:date_getYearDay	24	static
../DLMS_Dev/src/date.c:806:5:getDateFormat	16	static
../DLMS_Dev/src/date.c:858:5:time_print	72	static
../DLMS_Dev/src/date.c:877:5:time_toString2	48	static
../DLMS_Dev/src/date.c:893:5:time_toString	48	static
../DLMS_Dev/src/date.c:1344:6:time_copy	24	static
../DLMS_Dev/src/date.c:1356:6:time_addTime	24	static
../DLMS_Dev/src/date.c:1374:5:time_compareWithDiff	72	static
../DLMS_Dev/src/date.c:1470:5:time_compare2	16	static
../DLMS_Dev/src/date.c:1477:5:time_compare	16	static
../DLMS_Dev/src/date.c:1485:5:time_fromUnixTime2	56	static
../DLMS_Dev/src/date.c:1550:5:time_fromUnixTime3	24	static
../DLMS_Dev/src/date.c:1597:15:time_dayOfWeek	40	static
../DLMS_Dev/src/date.c:1616:5:time_fromUnixTime	56	static
../DLMS_Dev/src/date.c:1634:10:time_toUnixTime	16	static
../DLMS_Dev/src/date.c:1641:10:time_toUnixTime2	88	static
../DLMS_Dev/src/date.c:1667:5:time_getDeviation	16	static
../DLMS_Dev/src/date.c:1676:5:time_toUTC	16	static
../DLMS_Dev/src/date.c:1690:10:time_getNextScheduledDate	56	static
