../DLMS_Dev/src/dlmsSettings.c:50:6:svr_init	40	static
../DLMS_Dev/src/dlmsSettings.c:90:6:cl_init	32	static
../DLMS_Dev/src/dlmsSettings.c:174:6:cl_clear	16	static
../DLMS_Dev/src/dlmsSettings.c:214:6:svr_clear	16	static
../DLMS_Dev/src/dlmsSettings.c:221:6:plc_reset	16	static
../DLMS_Dev/src/dlmsSettings.c:260:6:resetBlockIndex	16	static
../DLMS_Dev/src/dlmsSettings.c:266:6:resetFrameSequence	16	static
../DLMS_Dev/src/dlmsSettings.c:281:15:increaseReceiverSequence	16	static
../DLMS_Dev/src/dlmsSettings.c:292:15:increaseSendSequence	16	static
../DLMS_Dev/src/dlmsSettings.c:299:15:checkFrame	32	static
../DLMS_Dev/src/dlmsSettings.c:407:15:getNextSend	16	static
../DLMS_Dev/src/dlmsSettings.c:421:15:getReceiverReady	16	static
../DLMS_Dev/src/dlmsSettings.c:428:15:getKeepAlive	16	static
../DLMS_Dev/src/dlmsSettings.c:436:15:isCiphered	16	static
../DLMS_Dev/src/dlmsSettings.c:443:6:trans_init	16	static
../DLMS_Dev/src/dlmsSettings.c:452:6:trans_clear	16	static
../DLMS_Dev/src/dlmsSettings.c:461:6:updateInvokeId	16	static
