../DLMS_Dev/src/../include/crc.h:88:21:countCRC	48	static
../DLMS_Dev/src/dlms.c:70:15:dlms_useHdlc	16	static
../DLMS_Dev/src/dlms.c:84:5:dlms_checkInit	16	static
../DLMS_Dev/src/dlms.c:102:15:dlms_useDedicatedKey	16	static
../DLMS_Dev/src/dlms.c:111:15:dlms_usePreEstablishedConnection	16	static
../DLMS_Dev/src/dlms.c:128:15:dlms_getGloMessage	32	static
../DLMS_Dev/src/dlms.c:295:15:dlms_getInvokeIDPriority	24	static
../DLMS_Dev/src/dlms.c:321:9:dlms_getLongInvokeIDPriority	24	static
../DLMS_Dev/src/dlms.c:337:5:dlms_getMaxPduSize	32	static
../DLMS_Dev/src/dlms.c:367:5:dlms_setData2	56	static
../DLMS_Dev/src/dlms.c:379:5:dlms_setData	32	static
../DLMS_Dev/src/dlms.c:393:5:getCount	24	static
../DLMS_Dev/src/dlms.c:421:5:getArray	56	static
../DLMS_Dev/src/dlms.c:489:5:getUInt32	32	static
../DLMS_Dev/src/dlms.c:518:5:getInt32	32	static
../DLMS_Dev/src/dlms.c:545:12:getBitString	48	static
../DLMS_Dev/src/dlms.c:581:12:getBool	32	static
../DLMS_Dev/src/dlms.c:616:5:getString	40	static
../DLMS_Dev/src/dlms.c:671:5:getUtfString	40	static
../DLMS_Dev/src/dlms.c:721:5:getOctetString	40	static
../DLMS_Dev/src/dlms.c:781:5:getBcd	48	static
../DLMS_Dev/src/dlms.c:867:5:getUInt8	32	static
../DLMS_Dev/src/dlms.c:896:5:getInt16	32	static
../DLMS_Dev/src/dlms.c:925:5:getInt8	32	static
../DLMS_Dev/src/dlms.c:955:5:getUInt16	32	static
../DLMS_Dev/src/dlms.c:985:5:getInt64	32	static
../DLMS_Dev/src/dlms.c:1015:5:getUInt64	32	static
../DLMS_Dev/src/dlms.c:1045:5:getEnum	32	static
../DLMS_Dev/src/dlms.c:1075:5:getDouble	32	static
../DLMS_Dev/src/dlms.c:1106:5:getFloat	32	static
../DLMS_Dev/src/dlms.c:1137:5:getTime	64	static
../DLMS_Dev/src/dlms.c:1194:5:getDate	72	static
../DLMS_Dev/src/dlms.c:1259:5:getDateTime	48	static
../DLMS_Dev/src/dlms.c:1523:5:getCompactArrayItem	56	static
../DLMS_Dev/src/dlms.c:1597:5:getCompactArrayItem2	40	static
../DLMS_Dev/src/dlms.c:1649:5:getDataTypes	96	static
../DLMS_Dev/src/dlms.c:1774:5:getCompactArray	96	static
../DLMS_Dev/src/dlms.c:1958:5:dlms_getData	56	static
../DLMS_Dev/src/dlms.c:2224:5:dlms_checkLLCBytes	16	static
../DLMS_Dev/src/dlms.c:2246:5:dlms_getHDLCAddress	48	static
../DLMS_Dev/src/dlms.c:2305:6:dlms_getServerAddress	24	static
../DLMS_Dev/src/dlms.c:2332:5:dlms_checkHdlcAddress	56	static
../DLMS_Dev/src/dlms.c:2422:5:dlms_getAddress	24	static
../DLMS_Dev/src/dlms.c:2452:5:dlms_getAddressBytes	32	static
../DLMS_Dev/src/dlms.c:2481:5:dlms_getHdlcFrame	80	static
../DLMS_Dev/src/dlms.c:2635:5:dlms_getPlcFrame	56	static
../DLMS_Dev/src/dlms.c:2707:10:dlms_countFCS24	40	static
../DLMS_Dev/src/dlms.c:2731:5:dlms_getMacHdlcFrame	64	static
../DLMS_Dev/src/dlms.c:2812:5:dlms_getMacFrame	40	static
../DLMS_Dev/src/dlms.c:2828:5:dlms_getDataFromFrame	48	static
../DLMS_Dev/src/dlms.c:2868:5:dlms_getHdlcData	88	static
../DLMS_Dev/src/dlms.c:3161:5:dlms_checkWrapperAddress	32	static
../DLMS_Dev/src/dlms.c:3265:5:dlms_getTcpData	56	static
../DLMS_Dev/src/dlms.c:3332:5:dlms_getMBusData	48	static
../DLMS_Dev/src/dlms.c:3428:5:dlms_getPlcData	80	static
../DLMS_Dev/src/dlms.c:3566:5:dlms_getPlcHdlcData	88	static
../DLMS_Dev/src/dlms.c:3687:15:dlms_isPlcSfskData	24	static
../DLMS_Dev/src/dlms.c:3718:5:dlms_getDataFromBlock	40	static
../DLMS_Dev/src/dlms.c:3737:5:dlms_receiverReady	160	static
../DLMS_Dev/src/dlms.c:3854:5:dlms_getWrapperFrame	40	static
../DLMS_Dev/src/dlms.c:3911:5:dlms_verifyInvokeId	24	static
../DLMS_Dev/src/dlms.c:3921:5:dlms_handleGetResponse	40	static
../DLMS_Dev/src/dlms.c:4062:5:handleWriteResponse	32	static
../DLMS_Dev/src/dlms.c:4089:5:dlms_handleWriteResponse	32	static
../DLMS_Dev/src/dlms.c:4117:5:dlms_getValueFromData	64	static
../DLMS_Dev/src/dlms.c:4199:5:dlms_readResponseDataBlockResult	40	static
../DLMS_Dev/src/dlms.c:4262:5:dlms_handleReadResponse	56	static
../DLMS_Dev/src/dlms.c:4385:5:dlms_handleMethodResponse	24	static
../DLMS_Dev/src/dlms.c:4489:5:dlms_handlePush	32	static
../DLMS_Dev/src/dlms.c:4556:5:dlms_handleSetResponse	40	static
../DLMS_Dev/src/dlms.c:4618:5:dlms_changeType2	48	static
../DLMS_Dev/src/dlms.c:4633:5:dlms_changeType	56	static
../DLMS_Dev/src/dlms.c:4698:5:dlms_handleDataNotification	96	static
../DLMS_Dev/src/dlms.c:4772:5:dlms_handleGbt	32	static
../DLMS_Dev/src/dlms.c:4861:5:dlms_handleGloDedRequest	72	static
../DLMS_Dev/src/dlms.c:4997:5:dlms_handleGloDedResponse	80	static
../DLMS_Dev/src/dlms.c:5082:5:dlms_handleGeneralCiphering	56	static
../DLMS_Dev/src/dlms.c:5135:9:dlms_handleConfirmedServiceError	24	static
../DLMS_Dev/src/dlms.c:5161:5:dlms_handleExceptionResponse	24	static
../DLMS_Dev/src/dlms.c:5180:5:dlms_getPdu	40	static
../DLMS_Dev/src/dlms.c:5460:5:dlms_addLLCBytes	24	static
../DLMS_Dev/src/dlms.c:5481:5:dlms_updateSendTime	96	static
../DLMS_Dev/src/dlms.c:5518:5:dlms_appendMultipleSNBlocks	32	static
../DLMS_Dev/src/dlms.c:5575:5:dlms_getSNPdu	80	static
../DLMS_Dev/src/dlms.c:5753:6:dlms_multipleBlocks	32	static
../DLMS_Dev/src/dlms.c:5780:5:dlms_getLNPdu	88	static
../DLMS_Dev/src/dlms.c:6116:5:dlms_getLnMessages	64	static
../DLMS_Dev/src/dlms.c:6243:5:dlms_getSnMessages	48	static
../DLMS_Dev/src/dlms.c:6321:5:dlms_getData2	40	static
../DLMS_Dev/src/dlms.c:6331:5:dlms_getData3	64	static
../DLMS_Dev/src/dlms.c:6458:5:dlms_generateChallenge	32	static
../DLMS_Dev/src/dlms.c:6477:5:dlms_getActionInfo	24	static
../DLMS_Dev/src/dlms.c:6589:5:dlms_secure	64	static
../DLMS_Dev/src/dlms.c:6705:5:dlms_parseSnrmUaResponse	40	static
../DLMS_Dev/src/dlms.c:6796:5:dlms_appendHdlcParameter	16	static
../DLMS_Dev/src/dlms.c:6810:5:dlms_pduAvailable	24	static
../DLMS_Dev/src/dlms.c:6834:5:dlms_isPduFull	32	static
