../DLMS_Dev/src/gxarray.c:44:6:arr_init	16	static
../DLMS_Dev/src/gxarray.c:54:6:arr_isAttached	16	static
../DLMS_Dev/src/gxarray.c:59:10:arr_getCapacity	16	static
../DLMS_Dev/src/gxarray.c:64:6:arr_attach	24	static
../DLMS_Dev/src/gxarray.c:80:5:arr_capacity	24	static
../DLMS_Dev/src/gxarray.c:140:5:arr_push	24	static
../DLMS_Dev/src/gxarray.c:156:6:arr_clear	24	static
../DLMS_Dev/src/gxarray.c:187:6:arr_empty	16	static
../DLMS_Dev/src/gxarray.c:210:5:arr_get	16	static
../DLMS_Dev/src/gxarray.c:225:5:arr_getByIndex	24	static
../DLMS_Dev/src/gxarray.c:239:5:arr_getByIndex3	24	static
../DLMS_Dev/src/gxarray.c:288:5:arr_getByIndex2	32	static
../DLMS_Dev/src/gxarray.c:297:5:arr_getByIndex4	32	static
../DLMS_Dev/src/gxarray.c:306:5:arr_getByIndexRef	24	static
../DLMS_Dev/src/gxarray.c:320:5:arr_setByIndexRef	24	static
../DLMS_Dev/src/gxarray.c:332:6:arr_clearKeyValuePair	24	static
../DLMS_Dev/src/gxarray.c:357:6:arr_clearStrings	24	static
../DLMS_Dev/src/gxarray.c:382:5:arr_removeByIndex	32	static
../DLMS_Dev/src/gxarray.c:428:5:arr_swap	24	static
