../DLMS_Dev/src/gxget.c:66:5:cosem_getByteBuffer	16	static
../DLMS_Dev/src/gxget.c:88:5:cosem_getData	24	static
../DLMS_Dev/src/gxget.c:111:5:cosem_getRegister	24	static
../DLMS_Dev/src/gxget.c:145:5:cosem_getRegisterTable	24	static
../DLMS_Dev/src/gxget.c:172:5:cosem_getClock	24	static
../DLMS_Dev/src/gxget.c:216:5:cosem_getActionSchedule	48	static
../DLMS_Dev/src/gxget.c:282:5:getActivityCalendarDayProfileTable	56	static
../DLMS_Dev/src/gxget.c:419:5:getActivityCalendarWeekProfileTable	40	static
../DLMS_Dev/src/gxget.c:464:5:getActivityCalendarSeasonProfile	40	static
../DLMS_Dev/src/gxget.c:509:5:getActivityCalendarName	16	static
../DLMS_Dev/src/gxget.c:516:5:cosem_getActivityCalendar	32	static
../DLMS_Dev/src/gxget.c:565:5:getLNAccessRights	56	static
../DLMS_Dev/src/gxget.c:640:5:getLNObjects	56	static
../DLMS_Dev/src/gxget.c:803:5:getUserList	64	static
../DLMS_Dev/src/gxget.c:861:5:cosem_getAssociationLogicalName	64	static
../DLMS_Dev/src/gxget.c:1000:5:getSNObjects	40	static
../DLMS_Dev/src/gxget.c:1061:5:getSNAccessRights	48	static
../DLMS_Dev/src/gxget.c:1111:5:cosem_getAssociationShortName	48	static
../DLMS_Dev/src/gxget.c:1156:5:cosem_getAutoAnswer	48	static
../DLMS_Dev/src/gxget.c:1226:5:cosem_getAutoConnect	48	static
../DLMS_Dev/src/gxget.c:1317:5:cosem_getDemandRegister	32	static
../DLMS_Dev/src/gxget.c:1385:5:cosem_getMacAddressSetup	24	static
../DLMS_Dev/src/gxget.c:1402:5:cosem_getExtendedRegister	32	static
../DLMS_Dev/src/gxget.c:1454:5:cosem_getQualityOfService	24	static
../DLMS_Dev/src/gxget.c:1473:5:cosem_getGprsSetup	32	static
../DLMS_Dev/src/gxget.c:1504:5:cosem_getSecuritySetup	32	static
../DLMS_Dev/src/gxget.c:1649:5:cosem_getIecHdlcSetup	24	static
../DLMS_Dev/src/gxget.c:1688:5:cosem_getIecLocalPortSetup	24	static
../DLMS_Dev/src/gxget.c:1734:5:cosem_getIecTwistedPairSetup	48	static
../DLMS_Dev/src/gxget.c:1786:5:cosem_getIP4Setup	48	static
../DLMS_Dev/src/gxget.c:1921:5:getIpv6Address	48	static
../DLMS_Dev/src/gxget.c:1942:5:getAddressList	40	static
../DLMS_Dev/src/gxget.c:1971:5:cosem_getIP6Setup	40	static
../DLMS_Dev/src/gxget.c:2051:5:cosem_getMbusSlavePortSetup	24	static
../DLMS_Dev/src/gxget.c:2080:5:cosem_getImageTransfer	48	static
../DLMS_Dev/src/gxget.c:2167:5:getColumns	40	static
../DLMS_Dev/src/gxget.c:2277:5:cosem_getRow	48	static
../DLMS_Dev/src/gxget.c:2347:5:profileGeneric_getData	72	static
../DLMS_Dev/src/gxget.c:2432:5:getProfileGenericData	200	static
../DLMS_Dev/src/gxget.c:2592:5:cosem_getProfileGeneric	40	static
../DLMS_Dev/src/gxget.c:2683:5:cosem_getDisconnectControl	24	static
../DLMS_Dev/src/gxget.c:2708:5:cosem_getLimiter	40	static
../DLMS_Dev/src/gxget.c:2862:5:cosem_getmMbusClient	48	static
../DLMS_Dev/src/gxget.c:2982:5:cosem_add	32	static
../DLMS_Dev/src/gxget.c:2994:5:cosem_getModemConfiguration	48	static
../DLMS_Dev/src/gxget.c:3120:5:cosem_getPppSetup	48	static
../DLMS_Dev/src/gxget.c:3244:5:cosem_getRegisterActivation	56	static
../DLMS_Dev/src/gxget.c:3402:5:cosem_getRegisterMonitor	48	static
../DLMS_Dev/src/gxget.c:3512:5:cosem_getSapAssignment	48	static
../DLMS_Dev/src/gxget.c:3562:5:cosem_getSchedule	56	static
../DLMS_Dev/src/gxget.c:3625:5:cosem_getScriptTable	40	static
../DLMS_Dev/src/gxget.c:3693:5:cosem_getSpecialDaysTable	64	static
../DLMS_Dev/src/gxget.c:3735:5:cosem_getTcpUdpSetup	32	static
../DLMS_Dev/src/gxget.c:3773:5:cosem_getMbusDiagnostic	56	static
../DLMS_Dev/src/gxget.c:3843:5:cosem_getMbusPortSetup	32	static
../DLMS_Dev/src/gxget.c:3928:5:cosem_getG3PlcMacLayerCounters	24	static
../DLMS_Dev/src/gxget.c:3978:5:cosem_getG3PlcMacSetupNeighbourTables	48	static
../DLMS_Dev/src/gxget.c:4045:5:cosem_getG3PlcMacSetupPosTables	40	static
../DLMS_Dev/src/gxget.c:4089:5:cosem_getG3PlcMacSetup	40	static
../DLMS_Dev/src/gxget.c:4263:5:cosem_getUInt16Array	40	static
../DLMS_Dev/src/gxget.c:4287:5:cosem_getG3Plc6LoWPAN	64	static
../DLMS_Dev/src/gxget.c:4545:5:cosem_getFunctionControl	56	static
../DLMS_Dev/src/gxget.c:4663:5:cosem_getArrayManager	40	static
../DLMS_Dev/src/gxget.c:4710:5:cosem_getUtilityTables	24	static
../DLMS_Dev/src/gxget.c:4736:5:cosem_getMbusMasterPortSetup	24	static
../DLMS_Dev/src/gxget.c:4754:5:cosem_getPushSetup	48	static
../DLMS_Dev/src/gxget.c:4972:5:cosem_getZigbeeNetworkControl	48	static
../DLMS_Dev/src/gxget.c:5043:5:getUnitCharge	40	static
../DLMS_Dev/src/gxget.c:5107:5:cosem_getCharge	24	static
../DLMS_Dev/src/gxget.c:5168:5:cosem_getTokenGateway	48	static
../DLMS_Dev/src/gxget.c:5232:5:cosem_getCredit	24	static
../DLMS_Dev/src/gxget.c:5285:5:cosem_getAccount	56	static
../DLMS_Dev/src/gxget.c:5473:5:compactData_getValues	88	static
../DLMS_Dev/src/gxget.c:5505:5:cosem_getCompactData	24	static
../DLMS_Dev/src/gxget.c:5550:5:cosem_getValue	24	static
../DLMS_Dev/src/gxget.c:6085:5:cosem_getGsmDiagnostic	48	static
../DLMS_Dev/src/gxget.c:6204:5:cosem_getParameterMonitor	48	static
../DLMS_Dev/src/gxget.c:6317:5:cosem_getLlcSscsSetup	24	static
../DLMS_Dev/src/gxget.c:6338:5:cosem_getPrimeNbOfdmPlcPhysicalLayerCounters	24	static
../DLMS_Dev/src/gxget.c:6366:5:cosem_getPrimeNbOfdmPlcMacSetup	24	static
../DLMS_Dev/src/gxget.c:6402:5:cosem_getPrimeNbOfdmPlcMacFunctionalParameters	24	static
../DLMS_Dev/src/gxget.c:6458:5:cosem_getPrimeNbOfdmPlcMacCounters	24	static
../DLMS_Dev/src/gxget.c:6493:5:cosem_getMulticastEntries	48	static
../DLMS_Dev/src/gxget.c:6530:5:cosem_getSwitchTable	48	static
../DLMS_Dev/src/gxget.c:6561:5:cosem_getDirectTable	48	static
../DLMS_Dev/src/gxget.c:6600:5:cosem_getAvailableSwitches	48	static
../DLMS_Dev/src/gxget.c:6637:5:cosem_getCommunications	48	static
../DLMS_Dev/src/gxget.c:6678:6:cosem_getPrimeNbOfdmPlcMacNetworkAdministrationData	24	static
../DLMS_Dev/src/gxget.c:6707:6:cosem_getPrimeNbOfdmPlcApplicationsIdentification	24	static
../DLMS_Dev/src/gxget.c:6733:5:cosem_getArbitrator	64	static
../DLMS_Dev/src/gxget.c:6871:5:cosem_getIec8802LlcType1Setup	32	static
../DLMS_Dev/src/gxget.c:6889:5:cosem_getIec8802LlcType2Setup	32	static
../DLMS_Dev/src/gxget.c:6930:5:cosem_getIec8802LlcType3Setup	32	static
../DLMS_Dev/src/gxget.c:6961:5:cosem_getSFSKActiveInitiator	32	static
../DLMS_Dev/src/gxget.c:6984:5:cosem_getFSKMacCounters	48	static
../DLMS_Dev/src/gxget.c:7081:5:cosem_getSFSKMacSynchronizationTimeouts	32	static
../DLMS_Dev/src/gxget.c:7108:5:cosem_getSFSKPhyMacSetUp	48	static
../DLMS_Dev/src/gxget.c:7196:5:cosem_getSFSKReportingSystemList	48	static
../DLMS_Dev/src/gxget.c:7237:5:cosem_getLteMonitoring	32	static
../DLMS_Dev/src/gxget.c:7278:5:getAuthenticationKeys	40	static
../DLMS_Dev/src/gxget.c:7313:5:cosem_getNtpSetup	24	static
