../DLMS_Dev/src/gxinvoke.c:64:5:invoke_Charge	48	static
../DLMS_Dev/src/gxinvoke.c:127:5:invoke_Credit	32	static
../DLMS_Dev/src/gxinvoke.c:175:5:invoke_gxTokenGateway	32	static
../DLMS_Dev/src/gxinvoke.c:207:5:invoke_AssociationLogicalName	176	static
../DLMS_Dev/src/gxinvoke.c:474:5:invoke_ImageTransfer	72	static
../DLMS_Dev/src/gxinvoke.c:663:5:invoke_SapAssigment	48	static
../DLMS_Dev/src/gxinvoke.c:785:5:invoke_SecuritySetup	80	static
../DLMS_Dev/src/gxinvoke.c:1468:5:invoke_AssociationShortName	64	static
../DLMS_Dev/src/gxinvoke.c:1551:5:invoke_ScriptTable	64	static
../DLMS_Dev/src/gxinvoke.c:1686:5:invoke_zigbeeNetworkControl	48	static
../DLMS_Dev/src/gxinvoke.c:1795:5:invoke_ExtendedRegister	40	static
../DLMS_Dev/src/gxinvoke.c:1827:5:invoke_DemandRegister	40	static
../DLMS_Dev/src/gxinvoke.c:1878:5:invoke_Clock	64	static
../DLMS_Dev/src/gxinvoke.c:1978:5:invoke_Register	24	static
../DLMS_Dev/src/gxinvoke.c:2009:5:capture	208	static
../DLMS_Dev/src/gxinvoke.c:2078:5:invoke_ProfileGeneric	32	static
../DLMS_Dev/src/gxinvoke.c:2107:5:compactDataAppend	32	static
../DLMS_Dev/src/gxinvoke.c:2128:5:compactDataAppendArray	48	static
../DLMS_Dev/src/gxinvoke.c:2172:5:cosem_captureCompactData	288	static
../DLMS_Dev/src/gxinvoke.c:2274:5:invoke_CompactData	32	static
../DLMS_Dev/src/gxinvoke.c:2307:5:invoke_DisconnectControl	32	static
../DLMS_Dev/src/gxinvoke.c:2334:5:invoke_LlcSscsSetup	24	static
../DLMS_Dev/src/gxinvoke.c:2354:5:invoke_PrimeNbOfdmPlcPhysicalLayerCounters	24	static
../DLMS_Dev/src/gxinvoke.c:2373:5:invoke_PrimeNbOfdmPlcMacCounters	24	static
../DLMS_Dev/src/gxinvoke.c:2392:5:invoke_PrimeNbOfdmPlcMacNetworkAdministrationData	24	static
../DLMS_Dev/src/gxinvoke.c:2415:5:invoke_SpecialDaysTable	64	static
../DLMS_Dev/src/gxinvoke.c:2559:5:invoke_RegisterActivation	72	static
../DLMS_Dev/src/gxinvoke.c:2750:5:invoke_copySeasonProfile	40	static
../DLMS_Dev/src/gxinvoke.c:2791:5:invoke_copyWeekProfileTable	32	static
../DLMS_Dev/src/gxinvoke.c:2834:5:invoke_copyDayProfileTable	56	static
../DLMS_Dev/src/gxinvoke.c:2893:5:invoke_ActivityCalendar	24	static
../DLMS_Dev/src/gxinvoke.c:2918:5:invoke_ArrayManagerInsertEntry	88	static
../DLMS_Dev/src/gxinvoke.c:3057:5:invoke_ArrayManagerDeleteEntry	72	static
../DLMS_Dev/src/gxinvoke.c:3168:5:invoke_ArrayManager	112	static
../DLMS_Dev/src/gxinvoke.c:3472:5:invoke_G3_PLC_MAC_Setup	56	static
../DLMS_Dev/src/gxinvoke.c:3549:5:invoke_removeFromActivationStatusList	48	static
../DLMS_Dev/src/gxinvoke.c:3584:5:invoke_removeFromFunctionList	48	static
../DLMS_Dev/src/gxinvoke.c:3618:5:invoke_FunctionControl	72	static
../DLMS_Dev/src/gxinvoke.c:3879:5:invoke_removeFromNtpKeys	40	static
../DLMS_Dev/src/gxinvoke.c:3917:5:invoke_NtpSetup	32	static
../DLMS_Dev/src/gxinvoke.c:3986:5:invoke_removeFromIps	40	static
../DLMS_Dev/src/gxinvoke.c:4019:5:invoke_appendToIps	16	static
../DLMS_Dev/src/gxinvoke.c:4046:5:invoke_Ip6Setup	48	static
../DLMS_Dev/src/gxinvoke.c:4126:5:cosem_invoke	32	static
