../DLMS_Dev/src/gxobjects.c:49:22:obj_getLogicalName	16	static
../DLMS_Dev/src/gxobjects.c:61:11:co_init	24	static
../DLMS_Dev/src/gxobjects.c:72:5:obj_clearProfileGenericBuffer	32	static
../DLMS_Dev/src/gxobjects.c:94:5:obj_clearPushObjectList	32	static
../DLMS_Dev/src/gxobjects.c:118:5:obj_clearCreditChargeConfigurations	32	static
../DLMS_Dev/src/gxobjects.c:141:5:obj_clearTokenGatewayConfigurations	32	static
../DLMS_Dev/src/gxobjects.c:163:5:obj_clearSapList	32	static
../DLMS_Dev/src/gxobjects.c:185:5:obj_clearProfileGenericCaptureObjects	32	static
../DLMS_Dev/src/gxobjects.c:230:5:obj_clearSeasonProfile	40	static
../DLMS_Dev/src/gxobjects.c:251:5:obj_clearWeekProfileTable	40	static
../DLMS_Dev/src/gxobjects.c:271:5:obj_clearDayProfileTable	40	static
../DLMS_Dev/src/gxobjects.c:303:5:obj_clearRegisterMonitorActions	16	static
../DLMS_Dev/src/gxobjects.c:310:5:obj_clearModemConfigurationInitialisationStrings	32	static
../DLMS_Dev/src/gxobjects.c:333:5:obj_clearScheduleEntries	40	static
../DLMS_Dev/src/gxobjects.c:353:5:obj_clearByteBufferList	32	static
../DLMS_Dev/src/gxobjects.c:377:5:obj_clearScriptTable	40	static
../DLMS_Dev/src/gxobjects.c:409:5:obj_clearChargeTables	40	static
../DLMS_Dev/src/gxobjects.c:431:5:obj_clearRegisterActivationAssignment	16	static
../DLMS_Dev/src/gxobjects.c:444:5:obj_clearRegisterActivationMaskList	40	static
../DLMS_Dev/src/gxobjects.c:486:5:obj_clearIP4SetupOptions	32	static
../DLMS_Dev/src/gxobjects.c:508:5:obj_clearPPPSetupIPCPOptions	32	static
../DLMS_Dev/src/gxobjects.c:528:5:obj_clearPPPSetupLCPOptions	32	static
../DLMS_Dev/src/gxobjects.c:549:5:obj_clearActiveDevices	32	static
../DLMS_Dev/src/gxobjects.c:570:5:obj_clearUserList	32	static
../DLMS_Dev/src/gxobjects.c:591:5:obj_clearNeighbourTable	32	static
../DLMS_Dev/src/gxobjects.c:614:5:obj_clearActivationStatus	32	static
../DLMS_Dev/src/gxobjects.c:633:5:obj_clearFunctionList	32	static
../DLMS_Dev/src/gxobjects.c:655:5:obj_clearBitArrayList	32	static
../DLMS_Dev/src/gxobjects.c:676:5:obj_clearVariantList	32	static
../DLMS_Dev/src/gxobjects.c:699:5:obj_clearAvailableSwitches	32	static
../DLMS_Dev/src/gxobjects.c:722:5:obj_clearCertificateInfo	40	static
../DLMS_Dev/src/gxobjects.c:746:5:obj_clearNtpSetupKeys	40	static
../DLMS_Dev/src/gxobjects.c:767:6:obj_clear	32	static
../DLMS_Dev/src/gxobjects.c:1391:15:obj_attributeCount	24	static
../DLMS_Dev/src/gxobjects.c:1755:5:obj_getAttributeIndexToRead	40	static
../DLMS_Dev/src/gxobjects.c:1869:15:obj_methodCount	24	static
../DLMS_Dev/src/gxobjects.c:2196:6:init_ProtectionParameter	16	static
../DLMS_Dev/src/gxobjects.c:2210:6:clear_ProtectionParameter	16	static
../DLMS_Dev/src/gxobjects.c:2227:5:obj_clearParametersList	32	static
../DLMS_Dev/src/gxobjects.c:2251:6:clock_updateDST	16	static
../DLMS_Dev/src/gxobjects.c:2265:5:clock_utcToMeterTime	16	static
