../DLMS_Dev/src/gxserializer.c:58:15:ser_isEof	24	static
../DLMS_Dev/src/gxserializer.c:67:5:ser_loadUInt8	24	static
../DLMS_Dev/src/gxserializer.c:81:5:ser_loadUInt16	24	static
../DLMS_Dev/src/gxserializer.c:95:5:ser_loadUInt32	24	static
../DLMS_Dev/src/gxserializer.c:109:5:ser_loadUInt64	24	static
../DLMS_Dev/src/gxserializer.c:123:5:ser_loadInt8	16	static
../DLMS_Dev/src/gxserializer.c:128:5:ser_loadInt16	16	static
../DLMS_Dev/src/gxserializer.c:133:5:ser_loadInt32	16	static
../DLMS_Dev/src/gxserializer.c:138:5:ser_loadInt64	16	static
../DLMS_Dev/src/gxserializer.c:143:5:ser_seek	16	static
../DLMS_Dev/src/gxserializer.c:169:5:ser_save	32	static
../DLMS_Dev/src/gxserializer.c:199:5:ser_saveUInt8	16	static
../DLMS_Dev/src/gxserializer.c:216:5:ser_set	40	static
../DLMS_Dev/src/gxserializer.c:273:5:ser_get	32	static
../DLMS_Dev/src/gxserializer.c:326:5:ser_set2	32	static
../DLMS_Dev/src/gxserializer.c:388:5:ser_loadObjectCount	40	static
../DLMS_Dev/src/gxserializer.c:434:5:ser_checkArray2	32	static
../DLMS_Dev/src/gxserializer.c:466:5:ser_loadDateTime	80	static
../DLMS_Dev/src/gxserializer.c:515:5:ser_loadVariantArray	32	static
../DLMS_Dev/src/gxserializer.c:557:5:ser_loadOctetString	24	static
../DLMS_Dev/src/gxserializer.c:590:5:ser_loadOctetString2	32	static
../DLMS_Dev/src/gxserializer.c:623:5:ser_loadOctetString3	32	static
../DLMS_Dev/src/gxserializer.c:654:5:ser_getOctetString2	40	static
../DLMS_Dev/src/gxserializer.c:668:5:ser_getOctetString	24	static
../DLMS_Dev/src/gxserializer.c:699:5:ser_loadFloat	32	static
../DLMS_Dev/src/gxserializer.c:722:5:ser_loadDouble	40	static
../DLMS_Dev/src/gxserializer.c:748:5:ser_loadBitString	32	static
../DLMS_Dev/src/gxserializer.c:816:5:ser_getVariantArrayItem	24	static
../DLMS_Dev/src/gxserializer.c:836:5:ser_loadVariant	40	static
../DLMS_Dev/src/gxserializer.c:1056:5:ser_saveUInt16	16	static
../DLMS_Dev/src/gxserializer.c:1069:5:ser_saveUInt32	16	static
../DLMS_Dev/src/gxserializer.c:1082:5:ser_saveUInt64	24	static
../DLMS_Dev/src/gxserializer.c:1095:5:ser_saveInt8	16	static
../DLMS_Dev/src/gxserializer.c:1102:5:ser_saveInt16	16	static
../DLMS_Dev/src/gxserializer.c:1109:5:ser_saveInt32	16	static
../DLMS_Dev/src/gxserializer.c:1116:5:ser_saveInt64	24	static
../DLMS_Dev/src/gxserializer.c:1124:5:ser_saveDateTime2	56	static
../DLMS_Dev/src/gxserializer.c:1144:5:ser_saveDate	48	static
../DLMS_Dev/src/gxserializer.c:1164:5:ser_saveTime	48	static
../DLMS_Dev/src/gxserializer.c:1186:5:ser_saveFloat	32	static
../DLMS_Dev/src/gxserializer.c:1209:5:ser_saveDouble	48	static
../DLMS_Dev/src/gxserializer.c:1237:5:ser_saveObjectCount	24	static
../DLMS_Dev/src/gxserializer.c:1272:5:ser_setOctetString2	32	static
../DLMS_Dev/src/gxserializer.c:1300:5:ser_saveBytes3	48	static
../DLMS_Dev/src/gxserializer.c:1556:5:ser_saveBytes	16	static
../DLMS_Dev/src/gxserializer.c:1563:15:isAttributeSet	16	static
../DLMS_Dev/src/gxserializer.c:1572:10:ser_getIgnoredAttributes	24	static
../DLMS_Dev/src/gxserializer.c:1590:5:ser_saveDateTime	24	static
../DLMS_Dev/src/gxserializer.c:1600:5:ser_saveOctetString	32	static
../DLMS_Dev/src/gxserializer.c:1620:5:ser_saveOctetString3	32	static
../DLMS_Dev/src/gxserializer.c:1644:5:ser_saveOctetString2	40	static
../DLMS_Dev/src/gxserializer.c:1658:5:ser_saveBitString	32	static
../DLMS_Dev/src/gxserializer.c:1675:5:ser_saveBitString2	32	static
../DLMS_Dev/src/gxserializer.c:1692:5:ser_saveObjectArrayCount	32	static
../DLMS_Dev/src/gxserializer.c:1710:5:ser_saveVariantArrayCount	32	static
../DLMS_Dev/src/gxserializer.c:1728:5:ser_saveArrayCount	32	static
../DLMS_Dev/src/gxserializer.c:1747:5:ser_saveData	16	static
../DLMS_Dev/src/gxserializer.c:1758:5:ser_saveRegister	32	static
../DLMS_Dev/src/gxserializer.c:1781:5:ser_saveClock	32	static
../DLMS_Dev/src/gxserializer.c:1801:5:ser_saveScriptTable	56	static
../DLMS_Dev/src/gxserializer.c:1902:5:ser_saveSpecialDaysTable	40	static
../DLMS_Dev/src/gxserializer.c:1943:5:ser_saveTcpUdpSetup	32	static
../DLMS_Dev/src/gxserializer.c:1969:5:ser_saveMBusMasterPortSetup	32	static
../DLMS_Dev/src/gxserializer.c:1982:5:saveTimeWindow	40	static
../DLMS_Dev/src/gxserializer.c:2018:5:saveObjectsInternal	40	static
../DLMS_Dev/src/gxserializer.c:2074:5:ser_savePushSetup	32	static
../DLMS_Dev/src/gxserializer.c:2095:5:ser_saveAutoConnect	48	static
../DLMS_Dev/src/gxserializer.c:2146:5:ser_saveSeasonProfile	40	static
../DLMS_Dev/src/gxserializer.c:2186:5:ser_saveweekProfile	40	static
../DLMS_Dev/src/gxserializer.c:2226:5:ser_saveDayProfile	48	static
../DLMS_Dev/src/gxserializer.c:2285:5:ser_saveActivityCalendar	32	static
../DLMS_Dev/src/gxserializer.c:2307:5:ser_saveSecuritySetup	32	static
../DLMS_Dev/src/gxserializer.c:2366:5:ser_saveHdlcSetup	32	static
../DLMS_Dev/src/gxserializer.c:2387:5:ser_saveLocalPortSetup	32	static
../DLMS_Dev/src/gxserializer.c:2409:5:ser_saveIecTwistedPairSetup	32	static
../DLMS_Dev/src/gxserializer.c:2426:5:ser_saveDemandRegister	32	static
../DLMS_Dev/src/gxserializer.c:2447:5:ser_saveRegisterActivation	48	static
../DLMS_Dev/src/gxserializer.c:2545:5:ser_saveActionItem	24	static
../DLMS_Dev/src/gxserializer.c:2567:5:ser_saveRegisterMonitor	48	static
../DLMS_Dev/src/gxserializer.c:2656:5:ser_saveActionSchedule	40	static
../DLMS_Dev/src/gxserializer.c:2718:5:ser_saveSapAssignment	40	static
../DLMS_Dev/src/gxserializer.c:2759:5:ser_saveAutoAnswer	32	static
../DLMS_Dev/src/gxserializer.c:2779:5:ser_saveIp4Setup	48	static
../DLMS_Dev/src/gxserializer.c:2892:5:saveIpv6Address	24	static
../DLMS_Dev/src/gxserializer.c:2911:5:saveAddressList	40	static
../DLMS_Dev/src/gxserializer.c:2943:5:ser_saveIp6Setup	48	static
../DLMS_Dev/src/gxserializer.c:3002:5:ser_saveG3PlcMacLayerCounters	32	static
../DLMS_Dev/src/gxserializer.c:3024:5:ser_saveKeyTable	48	static
../DLMS_Dev/src/gxserializer.c:3050:5:ser_saveNeighbourTable	48	static
../DLMS_Dev/src/gxserializer.c:3093:5:ser_saveMacPosTable	48	static
../DLMS_Dev/src/gxserializer.c:3120:5:ser_saveG3PlcMacSetup	32	static
../DLMS_Dev/src/gxserializer.c:3158:5:ser_saveRoutingConfiguration	48	static
../DLMS_Dev/src/gxserializer.c:3196:5:ser_saveRoutingTable	48	static
../DLMS_Dev/src/gxserializer.c:3226:5:ser_saveContextInformationTable	48	static
../DLMS_Dev/src/gxserializer.c:3255:5:ser_saveBlacklistTable	48	static
../DLMS_Dev/src/gxserializer.c:3281:5:ser_saveBroadcastLogTable	48	static
../DLMS_Dev/src/gxserializer.c:3332:5:ser_saveUInt16Array	40	static
../DLMS_Dev/src/gxserializer.c:3355:5:ser_saveG3Plc6LoWPAN	32	static
../DLMS_Dev/src/gxserializer.c:3391:5:ser_saveActivationStatus	48	static
../DLMS_Dev/src/gxserializer.c:3428:5:ser_saveFunctionList	56	static
../DLMS_Dev/src/gxserializer.c:3501:5:ser_saveFunctionControl	32	static
../DLMS_Dev/src/gxserializer.c:3517:5:ser_saveArrayManagerElements	40	static
../DLMS_Dev/src/gxserializer.c:3549:5:ser_saveArrayManager	32	static
../DLMS_Dev/src/gxserializer.c:3563:5:ser_saveUtilityTables	32	static
../DLMS_Dev/src/gxserializer.c:3578:5:ser_saveMbusDiagnostic	48	static
../DLMS_Dev/src/gxserializer.c:3627:5:ser_loadArray	32	static
../DLMS_Dev/src/gxserializer.c:3647:5:loadTimeWindow	40	static
../DLMS_Dev/src/gxserializer.c:3697:5:ser_saveMbusPortSetup	32	static
../DLMS_Dev/src/gxserializer.c:3725:5:ser_saveMbusSlavePortSetup	32	static
../DLMS_Dev/src/gxserializer.c:3741:5:ser_saveImageTransfer	40	static
../DLMS_Dev/src/gxserializer.c:3795:5:ser_saveDisconnectControl	32	static
../DLMS_Dev/src/gxserializer.c:3810:5:ser_saveLimiter	40	static
../DLMS_Dev/src/gxserializer.c:3893:5:ser_saveMBusClient	32	static
../DLMS_Dev/src/gxserializer.c:3925:5:ser_saveModemConfiguration	48	static
../DLMS_Dev/src/gxserializer.c:3997:5:ser_saveMacAddressSetup	32	static
../DLMS_Dev/src/gxserializer.c:4012:5:ser_saveQualityOfService	24	static
../DLMS_Dev/src/gxserializer.c:4028:5:ser_saveGPRSSetup	32	static
../DLMS_Dev/src/gxserializer.c:4050:5:ser_saveExtendedRegister	32	static
../DLMS_Dev/src/gxserializer.c:4080:5:ser_saveApplicationContextName	24	static
../DLMS_Dev/src/gxserializer.c:4102:5:ser_savexDLMSContextType	24	static
../DLMS_Dev/src/gxserializer.c:4116:5:ser_saveAuthenticationMechanismName	24	static
../DLMS_Dev/src/gxserializer.c:4134:5:ser_saveAssociationLogicalName	48	static
../DLMS_Dev/src/gxserializer.c:4263:5:ser_saveAssociationShortName	48	static
../DLMS_Dev/src/gxserializer.c:4357:5:ser_savePppSetup	32	static
../DLMS_Dev/src/gxserializer.c:4390:5:ser_saveProfileGeneric	32	static
../DLMS_Dev/src/gxserializer.c:4413:5:ser_saveAccount	32	static
../DLMS_Dev/src/gxserializer.c:4447:5:ser_saveCredit	32	static
../DLMS_Dev/src/gxserializer.c:4471:5:ser_saveUnitCharge	40	static
../DLMS_Dev/src/gxserializer.c:4531:5:ser_saveCharge	32	static
../DLMS_Dev/src/gxserializer.c:4555:5:ser_saveTokenGateway	16	static
../DLMS_Dev/src/gxserializer.c:4563:5:ser_saveGsmDiagnostic	40	static
../DLMS_Dev/src/gxserializer.c:4629:5:ser_saveCompactData	32	static
../DLMS_Dev/src/gxserializer.c:4648:5:ser_saveLlcSscsSetup	32	static
../DLMS_Dev/src/gxserializer.c:4662:5:ser_savePrimeNbOfdmPlcPhysicalLayerCounters	16	static
../DLMS_Dev/src/gxserializer.c:4670:5:ser_savePrimeNbOfdmPlcMacSetup	16	static
../DLMS_Dev/src/gxserializer.c:4678:5:ser_savePrimeNbOfdmPlcMacFunctionalParameters	16	static
../DLMS_Dev/src/gxserializer.c:4686:5:ser_savePrimeNbOfdmPlcMacCounters	16	static
../DLMS_Dev/src/gxserializer.c:4694:5:ser_savePrimeNbOfdmPlcMacNetworkAdministrationData	16	static
../DLMS_Dev/src/gxserializer.c:4702:5:ser_savePrimeNbOfdmPlcApplicationsIdentification	16	static
../DLMS_Dev/src/gxserializer.c:4710:5:ser_saveArbitrator	16	static
../DLMS_Dev/src/gxserializer.c:4718:5:ser_saveIec8802LlcType1Setup	16	static
../DLMS_Dev/src/gxserializer.c:4726:5:ser_saveIec8802LlcType2Setup	16	static
../DLMS_Dev/src/gxserializer.c:4734:5:ser_saveIec8802LlcType3Setup	16	static
../DLMS_Dev/src/gxserializer.c:4742:5:ser_saveSFSKActiveInitiator	16	static
../DLMS_Dev/src/gxserializer.c:4750:5:ser_saveFSKMacCounters	16	static
../DLMS_Dev/src/gxserializer.c:4758:5:ser_saveSFSKMacSynchronizationTimeouts	16	static
../DLMS_Dev/src/gxserializer.c:4766:5:ser_saveSFSKPhyMacSetUp	16	static
../DLMS_Dev/src/gxserializer.c:4774:5:ser_saveSFSKReportingSystemList	16	static
../DLMS_Dev/src/gxserializer.c:4783:5:ser_saveLteMonitoring	16	static
../DLMS_Dev/src/gxserializer.c:4793:5:saveNtpSetupKeys	40	static
../DLMS_Dev/src/gxserializer.c:4830:5:ser_saveNtpSetup	32	static
../DLMS_Dev/src/gxserializer.c:4850:5:ser_saveSchedule	16	static
../DLMS_Dev/src/gxserializer.c:4873:6:ser_init	16	static
../DLMS_Dev/src/gxserializer.c:4879:5:ser_saveObject	24	static
../DLMS_Dev/src/gxserializer.c:5310:6:ResetPosition	16	static
../DLMS_Dev/src/gxserializer.c:5327:5:ser_saveObjects	56	static
../DLMS_Dev/src/gxserializer.c:5426:5:ser_saveObjects2	56	static
../DLMS_Dev/src/gxserializer.c:5525:5:ser_getArrayItem	32	static
../DLMS_Dev/src/gxserializer.c:5540:5:ser_verifyObjectArray	32	static
../DLMS_Dev/src/gxserializer.c:5558:5:ser_loadData	32	static
../DLMS_Dev/src/gxserializer.c:5570:5:ser_loadRegister	32	static
../DLMS_Dev/src/gxserializer.c:5589:5:ser_loadClock	32	static
../DLMS_Dev/src/gxserializer.c:5610:5:ser_loadScriptTable	72	static
../DLMS_Dev/src/gxserializer.c:5700:5:ser_loadSpecialDaysTable	48	static
../DLMS_Dev/src/gxserializer.c:5732:5:ser_loadTcpUdpSetup	48	static
../DLMS_Dev/src/gxserializer.c:5777:5:ser_loadMBusMasterPortSetup	32	static
../DLMS_Dev/src/gxserializer.c:5790:5:ser_loadObjectsInternal	64	static
../DLMS_Dev/src/gxserializer.c:5859:5:ser_loadPushSetup	40	static
../DLMS_Dev/src/gxserializer.c:5892:5:ser_loadAutoConnect	48	static
../DLMS_Dev/src/gxserializer.c:5964:5:ser_loadSeasonProfile	32	static
../DLMS_Dev/src/gxserializer.c:6000:5:ser_loadweekProfile	32	static
../DLMS_Dev/src/gxserializer.c:6042:5:ser_loadDayProfile	64	static
../DLMS_Dev/src/gxserializer.c:6111:5:ser_loadActivityCalendar	40	static
../DLMS_Dev/src/gxserializer.c:6134:5:ser_loadSecuritySetup	40	static
../DLMS_Dev/src/gxserializer.c:6209:5:ser_loadHdlcSetup	32	static
../DLMS_Dev/src/gxserializer.c:6230:5:ser_loadLocalPortSetup	32	static
../DLMS_Dev/src/gxserializer.c:6280:5:ser_loadIecTwistedPairSetup	32	static
../DLMS_Dev/src/gxserializer.c:6298:5:ser_loadDemandRegister	32	static
../DLMS_Dev/src/gxserializer.c:6319:5:ser_loadRegisterActivation	72	static
../DLMS_Dev/src/gxserializer.c:6456:5:ser_loadActionItem	48	static
../DLMS_Dev/src/gxserializer.c:6488:5:ser_loadRegisterMonitor	80	static
../DLMS_Dev/src/gxserializer.c:6581:5:ser_loadActionSchedule	56	static
../DLMS_Dev/src/gxserializer.c:6641:5:ser_loadSapAssignment	48	static
../DLMS_Dev/src/gxserializer.c:6681:5:ser_loadAutoAnswer	32	static
../DLMS_Dev/src/gxserializer.c:6719:5:ser_loadIp4Setup	56	static
../DLMS_Dev/src/gxserializer.c:6840:5:ser_loadIp6Setup	64	static
../DLMS_Dev/src/gxserializer.c:6982:5:ser_loadUtilityTables	32	static
../DLMS_Dev/src/gxserializer.c:6997:5:ser_loadMbusSlavePortSetup	32	static
../DLMS_Dev/src/gxserializer.c:7013:5:ser_loadImageTransfer	40	static
../DLMS_Dev/src/gxserializer.c:7061:5:ser_loadDisconnectControl	32	static
../DLMS_Dev/src/gxserializer.c:7090:5:ser_loadLimiter	56	static
../DLMS_Dev/src/gxserializer.c:7191:5:ser_loadMBusDiagnostic	48	static
../DLMS_Dev/src/gxserializer.c:7239:5:ser_loadMBusPortSetup	48	static
../DLMS_Dev/src/gxserializer.c:7274:5:ser_loadMBusClient	48	static
../DLMS_Dev/src/gxserializer.c:7329:5:ser_loadG3PlcMacLayerCounters	40	static
../DLMS_Dev/src/gxserializer.c:7352:5:ser_loadkeyTable	40	static
../DLMS_Dev/src/gxserializer.c:7373:5:ser_loadNeighbourTable	48	static
../DLMS_Dev/src/gxserializer.c:7421:5:ser_loadPosTable	40	static
../DLMS_Dev/src/gxserializer.c:7443:5:ser_loadG3PlcMacSetup	40	static
../DLMS_Dev/src/gxserializer.c:7482:5:ser_loadRoutingConfiguration	40	static
../DLMS_Dev/src/gxserializer.c:7515:5:ser_loadRoutingTable	40	static
../DLMS_Dev/src/gxserializer.c:7540:5:ser_loadContextInformationTable	40	static
../DLMS_Dev/src/gxserializer.c:7564:5:ser_loadBlacklistTable	40	static
../DLMS_Dev/src/gxserializer.c:7585:5:ser_loadBroadcastLogTable	40	static
../DLMS_Dev/src/gxserializer.c:7631:5:ser_loadUInt16Array	40	static
../DLMS_Dev/src/gxserializer.c:7657:5:ser_loadG3Plc6LoWPAN	40	static
../DLMS_Dev/src/gxserializer.c:7699:5:ser_loadActivationStatus	40	static
../DLMS_Dev/src/gxserializer.c:7794:5:ser_loadFunctions	72	static
../DLMS_Dev/src/gxserializer.c:7859:5:ser_loadFunctionControl	40	static
../DLMS_Dev/src/gxserializer.c:7876:5:ser_loadArrayManagerElements	64	static
../DLMS_Dev/src/gxserializer.c:7931:5:ser_loadArrayManager	40	static
../DLMS_Dev/src/gxserializer.c:7948:5:ser_loadModemConfiguration	56	static
../DLMS_Dev/src/gxserializer.c:8037:5:ser_loadMacAddressSetup	32	static
../DLMS_Dev/src/gxserializer.c:8054:5:ser_loadQualityOfService	24	static
../DLMS_Dev/src/gxserializer.c:8070:5:ser_loadGPRSSetup	32	static
../DLMS_Dev/src/gxserializer.c:8092:5:ser_loadExtendedRegister	32	static
../DLMS_Dev/src/gxserializer.c:8118:5:ser_loadApplicationContextName	24	static
../DLMS_Dev/src/gxserializer.c:8141:5:ser_loadxDLMSContextType	24	static
../DLMS_Dev/src/gxserializer.c:8155:5:ser_loadAuthenticationMechanismName	32	static
../DLMS_Dev/src/gxserializer.c:8172:5:ser_loadAssociationLogicalName	88	static
../DLMS_Dev/src/gxserializer.c:8331:5:ser_loadAssociationShortName	88	static
../DLMS_Dev/src/gxserializer.c:8485:5:ser_loadPppSetup	48	static
../DLMS_Dev/src/gxserializer.c:8530:5:ser_loadProfileGeneric	48	static
../DLMS_Dev/src/gxserializer.c:8564:5:ser_loadAccount	32	static
../DLMS_Dev/src/gxserializer.c:8606:5:ser_loadCredit	32	static
../DLMS_Dev/src/gxserializer.c:8664:5:ser_loadUnitCharge	48	static
../DLMS_Dev/src/gxserializer.c:8719:5:ser_loadCharge	40	static
../DLMS_Dev/src/gxserializer.c:8785:5:ser_loadTokenGateway	16	static
../DLMS_Dev/src/gxserializer.c:8793:5:ser_loadGsmDiagnostic	48	static
../DLMS_Dev/src/gxserializer.c:8851:5:ser_loadCompactData	40	static
../DLMS_Dev/src/gxserializer.c:8871:5:ser_loadLlcSscsSetup	32	static
../DLMS_Dev/src/gxserializer.c:8885:5:ser_loadPrimeNbOfdmPlcPhysicalLayerCounters	16	static
../DLMS_Dev/src/gxserializer.c:8893:5:ser_loadPrimeNbOfdmPlcMacSetup	16	static
../DLMS_Dev/src/gxserializer.c:8901:5:ser_loadPrimeNbOfdmPlcMacFunctionalParameters	16	static
../DLMS_Dev/src/gxserializer.c:8909:5:ser_loadPrimeNbOfdmPlcMacCounters	16	static
../DLMS_Dev/src/gxserializer.c:8917:6:ser_loadPrimeNbOfdmPlcMacNetworkAdministrationData	16	static
../DLMS_Dev/src/gxserializer.c:8925:6:ser_loadPrimeNbOfdmPlcApplicationsIdentification	16	static
../DLMS_Dev/src/gxserializer.c:8934:5:ser_loadArbitrator	16	static
../DLMS_Dev/src/gxserializer.c:8942:5:ser_loadIec8802LlcType1Setup	16	static
../DLMS_Dev/src/gxserializer.c:8950:5:ser_loadIec8802LlcType2Setup	16	static
../DLMS_Dev/src/gxserializer.c:8958:5:ser_loadIec8802LlcType3Setup	16	static
../DLMS_Dev/src/gxserializer.c:8966:5:ser_loadSFSKActiveInitiator	16	static
../DLMS_Dev/src/gxserializer.c:8974:5:ser_loadFSKMacCounters	16	static
../DLMS_Dev/src/gxserializer.c:8982:5:ser_loadSFSKMacSynchronizationTimeouts	16	static
../DLMS_Dev/src/gxserializer.c:8990:5:ser_loadSFSKPhyMacSetUp	16	static
../DLMS_Dev/src/gxserializer.c:8998:5:ser_loadSFSKReportingSystemList	16	static
../DLMS_Dev/src/gxserializer.c:9007:5:ser_loadLteMonitoring	16	static
../DLMS_Dev/src/gxserializer.c:9017:5:ser_loadNtpSetup	40	static
../DLMS_Dev/src/gxserializer.c:9089:5:ser_loadSchedule	16	static
../DLMS_Dev/src/gxserializer.c:9112:5:ser_loadObject	32	static
../DLMS_Dev/src/gxserializer.c:9541:5:ser_getDataSize	24	static
../DLMS_Dev/src/gxserializer.c:9562:5:ser_loadObjects	40	static
../DLMS_Dev/src/gxserializer.c:9608:5:ser_loadObjects2	48	static
