../DLMS_Dev/src/gxsetmalloc.c:55:5:cosem_setData	24	static
../DLMS_Dev/src/gxsetmalloc.c:71:5:cosem_setRegister	32	static
../DLMS_Dev/src/gxsetmalloc.c:108:5:cosem_setRegistertable	40	static
../DLMS_Dev/src/gxsetmalloc.c:164:5:cosem_setClock	56	static
../DLMS_Dev/src/gxsetmalloc.c:279:5:cosem_orderSeasonProfile	56	static
../DLMS_Dev/src/gxsetmalloc.c:321:5:updateSeasonProfile	72	static
../DLMS_Dev/src/gxsetmalloc.c:377:5:updateWeekProfileTable	56	static
../DLMS_Dev/src/gxsetmalloc.c:460:5:updateDayProfileTable	88	static
../DLMS_Dev/src/gxsetmalloc.c:578:5:cosem_setActivityCalendar	56	static
../DLMS_Dev/src/gxsetmalloc.c:644:5:cosem_setActionSchedule	88	static
../DLMS_Dev/src/gxsetmalloc.c:769:5:cosem_updateAttributeAccessModes	40	static
../DLMS_Dev/src/gxsetmalloc.c:882:5:cosem_parseLNObjects	96	static
../DLMS_Dev/src/gxsetmalloc.c:976:5:cosem_setAssociationLogicalName	64	static
../DLMS_Dev/src/gxsetmalloc.c:1487:5:updateSNAccessRights	40	static
../DLMS_Dev/src/gxsetmalloc.c:1585:5:cosem_parseSNObjects	104	static
../DLMS_Dev/src/gxsetmalloc.c:1668:5:cosem_setAssociationShortName	80	static
../DLMS_Dev/src/gxsetmalloc.c:1759:5:cosem_setAutoAnswer	96	static
../DLMS_Dev/src/gxsetmalloc.c:1846:5:cosem_setAutoConnect	104	static
../DLMS_Dev/src/gxsetmalloc.c:1941:5:cosem_setDemandRegister	56	static
../DLMS_Dev/src/gxsetmalloc.c:2041:5:cosem_setMacAddressSetup	40	static
../DLMS_Dev/src/gxsetmalloc.c:2058:5:cosem_setExtendedRegister	56	static
../DLMS_Dev/src/gxsetmalloc.c:2120:5:cosem_setGprsSetup	48	static
../DLMS_Dev/src/gxsetmalloc.c:2224:5:cosem_setSecuritySetup	56	static
../DLMS_Dev/src/gxsetmalloc.c:2397:5:cosem_setIecHdlcSetup	24	static
../DLMS_Dev/src/gxsetmalloc.c:2439:5:cosem_setIecLocalPortSetup	40	static
../DLMS_Dev/src/gxsetmalloc.c:2486:5:cosem_setIecTwistedPairSetup	40	static
../DLMS_Dev/src/gxsetmalloc.c:2537:5:cosem_setIP4Setup	56	static
../DLMS_Dev/src/gxsetmalloc.c:2655:5:cosem_copyIP6Address	16	static
../DLMS_Dev/src/gxsetmalloc.c:2669:5:cosem_setIP6Setup	56	static
../DLMS_Dev/src/gxsetmalloc.c:2810:5:cosem_setUtilityTables	32	static
../DLMS_Dev/src/gxsetmalloc.c:2834:5:cosem_setMbusSlavePortSetup	24	static
../DLMS_Dev/src/gxsetmalloc.c:2860:5:cosem_setDisconnectControl	24	static
../DLMS_Dev/src/gxsetmalloc.c:2882:5:cosem_setLimiter	72	static
../DLMS_Dev/src/gxsetmalloc.c:3106:5:cosem_setmMbusClient	56	static
../DLMS_Dev/src/gxsetmalloc.c:3223:5:cosem_setModemConfiguration	56	static
../DLMS_Dev/src/gxsetmalloc.c:3305:5:cosem_setPppSetup	56	static
../DLMS_Dev/src/gxsetmalloc.c:3465:5:cosem_setRegisterActivation	88	static
../DLMS_Dev/src/gxsetmalloc.c:3597:5:cosem_setRegisterMonitor	64	static
../DLMS_Dev/src/gxsetmalloc.c:3797:5:cosem_setSapAssignment	48	static
../DLMS_Dev/src/gxsetmalloc.c:3850:5:cosem_setSchedule	80	static
../DLMS_Dev/src/gxsetmalloc.c:4007:5:cosem_setScriptTable	80	static
../DLMS_Dev/src/gxsetmalloc.c:4219:5:cosem_setSpecialDaysTable	72	static
../DLMS_Dev/src/gxsetmalloc.c:4286:5:cosem_setTcpUdpSetup	48	static
../DLMS_Dev/src/gxsetmalloc.c:4338:5:cosem_setMbusDiagnostic	56	static
../DLMS_Dev/src/gxsetmalloc.c:4428:5:cosem_setMbusPortSetup	96	static
../DLMS_Dev/src/gxsetmalloc.c:4523:5:cosem_setMbusMasterPortSetup	24	static
../DLMS_Dev/src/gxsetmalloc.c:4538:5:cosem_setG3PlcMacLayerCounters	32	static
../DLMS_Dev/src/gxsetmalloc.c:4586:5:cosem_setG3PlcMacSetup	80	static
../DLMS_Dev/src/gxsetmalloc.c:4851:5:cosem_getUint16Array	32	static
../DLMS_Dev/src/gxsetmalloc.c:4884:5:cosem_setG3Plc6LoWPAN	112	static
../DLMS_Dev/src/gxsetmalloc.c:5267:5:cosem_setFunctionControl	96	static
../DLMS_Dev/src/gxsetmalloc.c:5387:5:cosem_setArrayManager	64	static
../DLMS_Dev/src/gxsetmalloc.c:5467:5:cosem_setPushSetup	128	static
../DLMS_Dev/src/gxsetmalloc.c:5783:5:setUnitCharge	72	static
../DLMS_Dev/src/gxsetmalloc.c:5905:5:cosem_setCharge	56	static
../DLMS_Dev/src/gxsetmalloc.c:5987:5:cosem_setCredit	56	static
../DLMS_Dev/src/gxsetmalloc.c:6045:5:cosem_setAccount	80	static
../DLMS_Dev/src/gxsetmalloc.c:6297:5:cosem_setImageTransfer	64	static
../DLMS_Dev/src/gxsetmalloc.c:6383:5:setCaptureObjects	72	static
../DLMS_Dev/src/gxsetmalloc.c:6477:5:cosem_setProfileGeneric	192	static
../DLMS_Dev/src/gxsetmalloc.c:6710:5:cosem_setGsmDiagnostic	72	static
../DLMS_Dev/src/gxsetmalloc.c:6884:5:cosem_setTokenGateway	72	static
../DLMS_Dev/src/gxsetmalloc.c:6966:5:compactData_updateTemplateArrayOrStructDescription	40	static
../DLMS_Dev/src/gxsetmalloc.c:7072:5:compactData_updateTemplateDescription	168	static
../DLMS_Dev/src/gxsetmalloc.c:7170:5:cosem_setCompactData	32	static
../DLMS_Dev/src/gxsetmalloc.c:7214:5:cosem_setParameterMonitor	80	static
../DLMS_Dev/src/gxsetmalloc.c:7373:5:cosem_setLlcSscsSetup	32	static
../DLMS_Dev/src/gxsetmalloc.c:7397:5:cosem_setPrimeNbOfdmPlcPhysicalLayerCounters	32	static
../DLMS_Dev/src/gxsetmalloc.c:7428:5:cosem_setPrimeNbOfdmPlcMacSetup	32	static
../DLMS_Dev/src/gxsetmalloc.c:7467:5:cosem_setPrimeNbOfdmPlcMacFunctionalParameters	40	static
../DLMS_Dev/src/gxsetmalloc.c:7524:5:cosem_setPrimeNbOfdmPlcMacCounters	32	static
../DLMS_Dev/src/gxsetmalloc.c:7561:5:cosem_setMulticastEntries	48	static
../DLMS_Dev/src/gxsetmalloc.c:7596:5:cosem_setSwitchTable	32	static
../DLMS_Dev/src/gxsetmalloc.c:7618:5:cosem_setDirectTable	48	static
../DLMS_Dev/src/gxsetmalloc.c:7680:5:cosem_setAvailableSwitches	40	static
../DLMS_Dev/src/gxsetmalloc.c:7739:5:cosem_setCommunications	48	static
../DLMS_Dev/src/gxsetmalloc.c:7811:5:cosem_setPrimeNbOfdmPlcMacNetworkAdministrationData	32	static
../DLMS_Dev/src/gxsetmalloc.c:7845:5:cosem_setPrimeNbOfdmPlcApplicationsIdentification	40	static
../DLMS_Dev/src/gxsetmalloc.c:7875:5:cosem_setArbitrator	56	static
../DLMS_Dev/src/gxsetmalloc.c:8018:5:cosem_setIec8802LlcType1Setup	32	static
../DLMS_Dev/src/gxsetmalloc.c:8038:5:cosem_setIec8802LlcType2Setup	32	static
../DLMS_Dev/src/gxsetmalloc.c:8079:5:cosem_setIec8802LlcType3Setup	32	static
../DLMS_Dev/src/gxsetmalloc.c:8111:5:cosem_setSFSKActiveInitiator	40	static
../DLMS_Dev/src/gxsetmalloc.c:8161:5:cosem_setFSKMacCounters	56	static
../DLMS_Dev/src/gxsetmalloc.c:8291:5:cosem_setSFSKMacSynchronizationTimeouts	32	static
../DLMS_Dev/src/gxsetmalloc.c:8319:5:cosem_setSFSKPhyMacSetUp	48	static
../DLMS_Dev/src/gxsetmalloc.c:8412:5:cosem_setSFSKReportingSystemList	40	static
../DLMS_Dev/src/gxsetmalloc.c:8456:5:cosem_setLteMonitoring	40	static
../DLMS_Dev/src/gxsetmalloc.c:8557:5:cosem_setNtpSetup	56	static
