../DLMS_Dev/src/helpers.c:62:15:hlp_isBigEndian	16	static
../DLMS_Dev/src/helpers.c:68:13:hlp_getErrorMessage	24	static
../DLMS_Dev/src/helpers.c:293:15:hlp_getObjectCountSizeInBytes	16	static
../DLMS_Dev/src/helpers.c:313:5:hlp_getObjectCount	32	static
../DLMS_Dev/src/helpers.c:366:5:hlp_getObjectCount2	40	static
../DLMS_Dev/src/helpers.c:411:5:hlp_setObjectCount	24	static
../DLMS_Dev/src/helpers.c:443:7:hlp_bytesToHex	56	static
../DLMS_Dev/src/helpers.c:473:5:hlp_bytesToHex2	40	static
../DLMS_Dev/src/helpers.c:478:5:hlp_bytesToHex3	56	static
../DLMS_Dev/src/helpers.c:517:15:hlp_getValue	24	static
../DLMS_Dev/src/helpers.c:539:5:hlp_hexToBytes	48	static
../DLMS_Dev/src/helpers.c:605:5:hlp_hexToBytes2	48	static
../DLMS_Dev/src/helpers.c:657:6:hlp_trace	32	static
../DLMS_Dev/src/helpers.c:671:5:hlp_parseLogicalName	40	static
../DLMS_Dev/src/helpers.c:719:5:hlp_setLogicalName2	32	static
../DLMS_Dev/src/helpers.c:732:5:hlp_printLogicalName	48	static
../DLMS_Dev/src/helpers.c:751:5:hlp_appendLogicalName	48	static
../DLMS_Dev/src/helpers.c:765:5:hlp_getLogicalNameToString	32	static
../DLMS_Dev/src/helpers.c:825:5:hlp_setLogicalName	40	static
../DLMS_Dev/src/helpers.c:875:6:hlp_replace	24	static
../DLMS_Dev/src/helpers.c:887:8:hlp_getScaler	24	static
../DLMS_Dev/src/helpers.c:912:5:hlp_getDataTypeSize	24	static
../DLMS_Dev/src/helpers.c:990:5:hlp_intToString	32	static
../DLMS_Dev/src/helpers.c:1052:5:hlp_uint64ToString	40	static
../DLMS_Dev/src/helpers.c:1100:9:hlp_stringToInt	16	static
../DLMS_Dev/src/helpers.c:1105:9:hlp_stringToInt2	24	static
../DLMS_Dev/src/helpers.c:1135:5:hlp_int64ToString	40	static
../DLMS_Dev/src/helpers.c:1172:9:hlp_stringToInt64	32	static
../DLMS_Dev/src/helpers.c:1204:15:hlp_rand	8	static
../DLMS_Dev/src/helpers.c:1210:15:hlp_swapBits	24	static
../DLMS_Dev/src/helpers.c:1221:5:hlp_add	40	static
