../DLMS_Dev/src/server.c:96:6:svr_copyAssociationView	24	static
../DLMS_Dev/src/server.c:114:5:sr_initialize	24	static
../DLMS_Dev/src/server.c:141:5:svr_initialize	56	static
../DLMS_Dev/src/server.c:238:5:svr_updateShortNames	40	static
../DLMS_Dev/src/server.c:287:6:svr_setInitialize	16	static
../DLMS_Dev/src/server.c:315:6:svr_reset	16	static
../DLMS_Dev/src/server.c:327:5:svr_generateExceptionResponse	32	static
../DLMS_Dev/src/server.c:375:5:svr_HandleAarqRequest	176	static
../DLMS_Dev/src/server.c:675:5:svr_handleSnrmRequest	40	static
../DLMS_Dev/src/server.c:747:5:svr_generateDisconnectRequest	24	static
../DLMS_Dev/src/server.c:787:5:dlms_addFrame	48	static
../DLMS_Dev/src/server.c:843:5:svr_reportError	168	static
../DLMS_Dev/src/server.c:923:5:svr_handleSetRequest2	80	static
../DLMS_Dev/src/server.c:1123:5:svr_getTarget	56	static
../DLMS_Dev/src/server.c:1188:5:svr_handleSetRequestWithList	96	static
../DLMS_Dev/src/server.c:1317:5:svr_hanleSetRequestWithDataBlock	56	static
../DLMS_Dev/src/server.c:1435:5:svr_generateConfirmedServiceError	24	static
../DLMS_Dev/src/server.c:1457:5:svr_handleSetRequest	112	static
../DLMS_Dev/src/server.c:1526:5:svr_getRequestNormal	160	static
../DLMS_Dev/src/server.c:1741:5:svr_getRequestNextDataBlock	120	static
../DLMS_Dev/src/server.c:1837:5:svr_getRequestWithList	168	static
../DLMS_Dev/src/server.c:2047:5:svr_handleGetRequest	112	static
../DLMS_Dev/src/server.c:2119:5:svr_findSNObject	48	static
../DLMS_Dev/src/server.c:2166:5:svr_handleRead	56	static
../DLMS_Dev/src/server.c:2236:5:svr_getReadData	48	static
../DLMS_Dev/src/server.c:2314:5:svr_handleReadBlockNumberAccess	120	static
../DLMS_Dev/src/server.c:2411:5:svr_handleReadDataBlockAccess	136	static
../DLMS_Dev/src/server.c:2508:5:svr_returnSNError	104	static
../DLMS_Dev/src/server.c:2529:5:svr_handleReadRequest	96	static
../DLMS_Dev/src/server.c:2621:5:svr_handleWriteRequest	160	static
../DLMS_Dev/src/server.c:2873:5:svr_handleMethodRequest	152	static
../DLMS_Dev/src/server.c:3131:5:svr_handleReleaseRequest	48	static
../DLMS_Dev/src/server.c:3213:5:svr_registerRequest	80	static
../DLMS_Dev/src/server.c:3263:5:svr_parseRegisterRequest	24	static
../DLMS_Dev/src/server.c:3286:5:svr_parseDiscoverRequest	24	static
../DLMS_Dev/src/server.c:3300:5:dlms_pingRequest	56	static
../DLMS_Dev/src/server.c:3318:5:dlm_parsePing	16	static
../DLMS_Dev/src/server.c:3324:5:dlms_repeaterCallRequest	48	static
../DLMS_Dev/src/server.c:3346:5:svr_discoverReport	80	static
../DLMS_Dev/src/server.c:3406:5:svr_handleCommand	56	static
../DLMS_Dev/src/server.c:3678:5:svr_handleRequest	32	static
../DLMS_Dev/src/server.c:3690:5:svr_handleRequest3	24	static
../DLMS_Dev/src/server.c:3698:5:svr_handleRequest2	48	static
../DLMS_Dev/src/server.c:3712:5:svr_getIecPacket	48	static
../DLMS_Dev/src/server.c:3770:5:svr_handleRequest4	96	static
../DLMS_Dev/src/server.c:4207:5:svr_handleInactivityTimeout	40	static
../DLMS_Dev/src/server.c:4261:15:svr_isPushCommunicationWindowActive	40	static
../DLMS_Dev/src/server.c:4306:5:svr_invoke	56	static
../DLMS_Dev/src/server.c:4409:5:svr_handleProfileGeneric	64	static
../DLMS_Dev/src/server.c:4459:5:svr_handleSingleActionSchedule	96	static
../DLMS_Dev/src/server.c:4550:15:equal	16	static
../DLMS_Dev/src/server.c:4559:5:svr_invokeScript	64	static
../DLMS_Dev/src/server.c:4623:5:svr_handleActivityCalendar	144	static
../DLMS_Dev/src/server.c:4792:5:svr_handleAutoConnect	72	static
../DLMS_Dev/src/server.c:4842:5:svr_run	40	static
../DLMS_Dev/src/server.c:4914:10:svr_isChangedWithAction	24	static
../DLMS_Dev/src/server.c:5039:5:svr_monitor	112	static
../DLMS_Dev/src/server.c:5148:5:svr_monitorAll	32	static
../DLMS_Dev/src/server.c:5174:5:svr_invokeLimiterAction	40	static
../DLMS_Dev/src/server.c:5203:5:svr_limiter	96	static
../DLMS_Dev/src/server.c:5366:5:svr_limiterAll	32	static
