../DLMS_Dev/src/variant.c:51:5:var_setEnum	16	static
../DLMS_Dev/src/variant.c:59:5:var_setUInt8	16	static
../DLMS_Dev/src/variant.c:67:5:var_setUInt16	16	static
../DLMS_Dev/src/variant.c:75:5:var_setUInt32	16	static
../DLMS_Dev/src/variant.c:83:5:var_setUInt64	24	static
../DLMS_Dev/src/variant.c:91:5:var_setInt8	16	static
../DLMS_Dev/src/variant.c:99:5:var_setInt16	16	static
../DLMS_Dev/src/variant.c:107:5:var_setInt32	16	static
../DLMS_Dev/src/variant.c:115:5:var_setInt64	24	static
../DLMS_Dev/src/variant.c:124:5:var_setDouble	24	static
../DLMS_Dev/src/variant.c:133:5:var_getUInt8	16	static
../DLMS_Dev/src/variant.c:146:5:var_getUInt16	16	static
../DLMS_Dev/src/variant.c:159:5:var_getUInt32	16	static
../DLMS_Dev/src/variant.c:172:5:var_getUInt64	16	static
../DLMS_Dev/src/variant.c:185:5:var_getInt8	16	static
../DLMS_Dev/src/variant.c:198:5:var_getInt16	16	static
../DLMS_Dev/src/variant.c:211:5:var_getInt32	16	static
../DLMS_Dev/src/variant.c:225:5:var_getInt64	16	static
../DLMS_Dev/src/variant.c:238:5:var_addBytes	24	static
../DLMS_Dev/src/variant.c:261:5:var_setString	24	static
../DLMS_Dev/src/variant.c:276:5:var_addOctetString	16	static
../DLMS_Dev/src/variant.c:284:5:var_addByteArray	24	static
../DLMS_Dev/src/variant.c:294:5:var_init	16	static
../DLMS_Dev/src/variant.c:302:6:var_attachArray	24	static
../DLMS_Dev/src/variant.c:315:6:var_attachStructure	24	static
../DLMS_Dev/src/variant.c:328:5:var_clear	16	static
../DLMS_Dev/src/variant.c:410:5:var_getDateTime2	24	static
../DLMS_Dev/src/variant.c:602:5:var_getDate	24	static
../DLMS_Dev/src/variant.c:689:5:var_getTime	24	static
../DLMS_Dev/src/variant.c:763:5:var_getBytes	16	static
../DLMS_Dev/src/variant.c:779:5:var_setOctetString	40	static
../DLMS_Dev/src/variant.c:816:5:var_getBytes2	24	static
../DLMS_Dev/src/variant.c:824:5:var_getBytes3	40	static
../DLMS_Dev/src/variant.c:833:5:var_getBytes4	56	static
../DLMS_Dev/src/variant.c:1101:5:var_getSize	24	static
../DLMS_Dev/src/variant.c:1166:5:var_toInteger	56	static
../DLMS_Dev/src/variant.c:1284:6:va_isAttached	16	static
../DLMS_Dev/src/variant.c:1289:10:va_size	16	static
../DLMS_Dev/src/variant.c:1294:10:va_getCapacity	16	static
../DLMS_Dev/src/variant.c:1300:6:va_init	16	static
../DLMS_Dev/src/variant.c:1308:5:va_capacity	24	static
../DLMS_Dev/src/variant.c:1367:5:va_push	24	static
../DLMS_Dev/src/variant.c:1417:6:va_clear	32	static
../DLMS_Dev/src/variant.c:1454:6:va_attach2	16	static
../DLMS_Dev/src/variant.c:1466:5:va_getByIndex	32	static
../DLMS_Dev/src/variant.c:1485:5:va_copyArray	32	static
../DLMS_Dev/src/variant.c:1512:5:va_addValue	40	static
../DLMS_Dev/src/variant.c:1541:5:var_toString	56	static
../DLMS_Dev/src/variant.c:1584:5:va_toString	32	static
../DLMS_Dev/src/variant.c:1607:12:convert	368	static
../DLMS_Dev/src/variant.c:2011:5:var_changeType	16	static
../DLMS_Dev/src/variant.c:2269:5:var_copy	48	static
../DLMS_Dev/src/variant.c:2454:5:var_setDateTime	24	static
../DLMS_Dev/src/variant.c:2466:5:var_setDate	24	static
../DLMS_Dev/src/variant.c:2478:5:var_setTime	24	static
../DLMS_Dev/src/variant.c:2490:5:var_setDateTimeAsOctetString	24	static
../DLMS_Dev/src/variant.c:2508:5:var_setDateAsOctetString	24	static
../DLMS_Dev/src/variant.c:2526:5:var_setTimeAsOctetString	24	static
../DLMS_Dev/src/variant.c:2544:5:var_setBoolean	24	static
../DLMS_Dev/src/variant.c:2572:6:var_attach	16	static
../DLMS_Dev/src/variant.c:2587:5:var_getDateTime	24	static
../DLMS_Dev/src/variant.c:2611:8:var_toDouble	16	static
../DLMS_Dev/src/variant.c:2722:5:var_print	48	static
../DLMS_Dev/src/variant.c:2744:5:va_print	32	static
../DLMS_Dev/src/variant.c:2770:5:var_setDeltaUInt8	16	static
../DLMS_Dev/src/variant.c:2778:5:var_setDeltaUInt16	16	static
../DLMS_Dev/src/variant.c:2786:5:var_setDeltaUInt32	16	static
../DLMS_Dev/src/variant.c:2794:5:var_setDeltaInt8	16	static
../DLMS_Dev/src/variant.c:2802:5:var_setDeltaInt16	16	static
../DLMS_Dev/src/variant.c:2810:5:var_setDeltaInt32	16	static
../DLMS_Dev/src/variant.c:2818:5:var_getDeltaUInt8	16	static
../DLMS_Dev/src/variant.c:2831:5:var_getDeltaUInt16	16	static
../DLMS_Dev/src/variant.c:2844:5:var_getDeltaUInt32	16	static
../DLMS_Dev/src/variant.c:2857:5:var_getDeltaUInt64	16	static
../DLMS_Dev/src/variant.c:2870:5:var_getDeltaInt8	16	static
../DLMS_Dev/src/variant.c:2883:5:var_getDeltaInt16	16	static
../DLMS_Dev/src/variant.c:2896:5:var_getDeltaInt32	16	static
