../Core/Src/main.c:122:9:charTo7Seg	16	static
../Core/Src/main.c:157:6:updateDigits	24	static
../Core/Src/main.c:168:6:displayPasswordScreen	16	static
../Core/Src/main.c:181:10:ADC_Convert_Rank1	24	static
../Core/Src/main.c:201:10:ADC_Convert_Rank2	24	static
../Core/Src/main.c:232:5:main	8	static
../Core/Src/main.c:456:6:SystemClock_Config	88	static
../Core/Src/main.c:502:13:MX_ADC1_Init	24	static
../Core/Src/main.c:570:13:MX_TIM3_Init	64	static
../Core/Src/main.c:628:13:MX_GPIO_Init	48	static
../Core/Src/main.c:695:6:Error_Handler	8	static,ignoring_inline_asm
