2025-06-24 10:54:40,247 [INFO] Activator:176 - 


2025-06-24 10:54:40,270 [INFO] Activator:177 - !SESSION log4j initialized
2025-06-24 10:54:50,166 [INFO] LogOutputStream:77 - [STDOUT_REDIRECT] 
2025-06-24 10:54:57,338 [INFO] ApplicationProperties:184 - Using Application install path: C:\ST\STM32CubeIDE_1.18.1\STM32CubeIDE\plugins\com.st.stm32cube.common.mx_6.14.1.202504091515
2025-06-24 10:54:57,363 [INFO] DbMcusXml:78 - Set database path to: C:\ST\STM32CubeIDE_1.18.1\STM32CubeIDE\plugins\com.st.stm32cube.common.mx_6.14.1.202504091515\\db\/mcu/
2025-06-24 10:54:57,363 [INFO] ApiDb:274 - Set plugin database path to: C:\ST\STM32CubeIDE_1.18.1\STM32CubeIDE\plugins\com.st.stm32cube.common.mx_6.14.1.202504091515\\db\/plugins/boardmanager/
2025-06-24 10:54:57,364 [WARN] ApiDb:259 - Overriding images path with different value:  => C:\ST\STM32CubeIDE_1.18.1\STM32CubeIDE\plugins\com.st.stm32cube.common.mx_6.14.1.202504091515\\db\/plugins/mcufinder/images/
2025-06-24 10:54:57,378 [INFO] ApiDb:250 - Set database path to: C:\Users\singh\.stmcufinder\plugins\mcufinder//mcu/
2025-06-24 10:54:57,379 [INFO] DbMcusAds:125 - Set database path to: C:\Users\singh\.stmcufinder\plugins\mcufinder//mcu/
2025-06-24 10:54:57,382 [INFO] CrossReferenceDbSqlite:203 - Set database path to: C:\Users\singh\.stmcufinder\plugins\mcufinder//mcu/cs/
2025-06-24 10:54:57,568 [INFO] RulesReader:64 - Compatibility file has been processed (302 Rules)
2025-06-24 10:54:57,713 [INFO] DbMcusXml:78 - Set database path to: C:\ST\STM32CubeIDE_1.18.1\STM32CubeIDE\plugins\com.st.stm32cube.common.mx_6.14.1.202504091515\\db\/mcu/
2025-06-24 10:54:57,713 [INFO] ApiDb:274 - Set plugin database path to: C:\ST\STM32CubeIDE_1.18.1\STM32CubeIDE\plugins\com.st.stm32cube.common.mx_6.14.1.202504091515\\db\/plugins/boardmanager/
2025-06-24 10:54:57,713 [INFO] ApiDb:261 - Set plugin images path to: C:\ST\STM32CubeIDE_1.18.1\STM32CubeIDE\plugins\com.st.stm32cube.common.mx_6.14.1.202504091515\\db\/plugins/mcufinder/images/
2025-06-24 10:54:57,713 [WARN] DbFile:41 - Overriding database path with different value: C:\Users\singh\.stmcufinder\plugins\mcufinder/ => C:\Users\singh\.stmcufinder\plugins\mcufinder
2025-06-24 10:54:57,713 [INFO] ApiDb:250 - Set database path to: C:\Users\singh\.stmcufinder\plugins\mcufinder//mcu/
2025-06-24 10:54:57,713 [WARN] DbFile:41 - Overriding database path with different value: C:\Users\singh\.stmcufinder\plugins\mcufinder/ => C:\Users\singh\.stmcufinder\plugins\mcufinder
2025-06-24 10:54:57,715 [INFO] DbMcusAds:125 - Set database path to: C:\Users\singh\.stmcufinder\plugins\mcufinder//mcu/
2025-06-24 10:54:57,715 [WARN] DbFile:41 - Overriding database path with different value: C:\Users\singh\.stmcufinder\plugins\mcufinder/ => C:\Users\singh\.stmcufinder\plugins\mcufinder
2025-06-24 10:54:57,715 [WARN] DbFile:41 - Overriding database path with different value: C:\Users\singh\.stmcufinder\plugins\mcufinder/ => C:\Users\singh\.stmcufinder\plugins\mcufinder
2025-06-24 10:54:57,715 [INFO] CrossReferenceDbSqlite:203 - Set database path to: C:\Users\singh\.stmcufinder\plugins\mcufinder//mcu/cs/
2025-06-24 10:54:57,822 [INFO] MainPanel:272 - HeapMemory: 268435456
2025-06-24 10:54:57,965 [INFO] DbMcusXml:78 - Set database path to: C:\ST\STM32CubeIDE_1.18.1\STM32CubeIDE\plugins\com.st.stm32cube.common.mx_6.14.1.202504091515\\db\/mcu/
2025-06-24 10:54:57,965 [INFO] ApiDb:274 - Set plugin database path to: C:\ST\STM32CubeIDE_1.18.1\STM32CubeIDE\plugins\com.st.stm32cube.common.mx_6.14.1.202504091515\\db\/plugins/boardmanager/
2025-06-24 10:54:57,965 [INFO] ApiDb:261 - Set plugin images path to: C:\ST\STM32CubeIDE_1.18.1\STM32CubeIDE\plugins\com.st.stm32cube.common.mx_6.14.1.202504091515\\db\/plugins/mcufinder/images/
2025-06-24 10:54:57,966 [WARN] DbFile:41 - Overriding database path with different value: C:\Users\singh\.stmcufinder\plugins\mcufinder/ => C:\Users\singh\.stmcufinder\plugins\mcufinder
2025-06-24 10:54:57,966 [INFO] ApiDb:250 - Set database path to: C:\Users\singh\.stmcufinder\plugins\mcufinder//mcu/
2025-06-24 10:54:57,966 [WARN] DbFile:41 - Overriding database path with different value: C:\Users\singh\.stmcufinder\plugins\mcufinder/ => C:\Users\singh\.stmcufinder\plugins\mcufinder
2025-06-24 10:54:57,966 [INFO] DbMcusAds:125 - Set database path to: C:\Users\singh\.stmcufinder\plugins\mcufinder//mcu/
2025-06-24 10:54:57,966 [WARN] DbFile:41 - Overriding database path with different value: C:\Users\singh\.stmcufinder\plugins\mcufinder/ => C:\Users\singh\.stmcufinder\plugins\mcufinder
2025-06-24 10:54:57,966 [WARN] DbFile:41 - Overriding database path with different value: C:\Users\singh\.stmcufinder\plugins\mcufinder/ => C:\Users\singh\.stmcufinder\plugins\mcufinder
2025-06-24 10:54:57,966 [INFO] CrossReferenceDbSqlite:203 - Set database path to: C:\Users\singh\.stmcufinder\plugins\mcufinder//mcu/cs/
2025-06-24 10:54:57,989 [INFO] ApplicationProperties:184 - Using Application install path: C:\ST\STM32CubeIDE_1.18.1\STM32CubeIDE\plugins\com.st.stm32cube.common.mx_6.14.1.202504091515
2025-06-24 10:54:57,991 [INFO] PluginManage:196 - Search for loadable plugins [exclusion list=, ]
2025-06-24 10:54:57,992 [INFO] PluginManage:310 - Check plugin analytics
2025-06-24 10:54:58,280 [INFO] AnalyticsPlugin:253 - Accepted Software Licenses: 
2025-06-24 10:54:58,280 [INFO] AnalyticsPlugin:255 - Accepted CMSIS Pack Licenses: 
2025-06-24 10:54:58,280 [INFO] AnalyticsPlugin:257 - Accepted Firmware Licenses: FW.G0.1.6.0
2025-06-24 10:54:58,283 [INFO] PluginManage:359 - Loaded plugin analytics (category:tool,tabindex:-1)
2025-06-24 10:54:58,285 [INFO] PluginManage:310 - Check plugin cadmodel
2025-06-24 10:54:58,292 [INFO] CADModel:105 - Init CAD model plugin
2025-06-24 10:54:58,293 [INFO] PluginManage:359 - Loaded plugin cadmodel (category:power,tabindex:5)
2025-06-24 10:54:58,293 [INFO] PluginManage:310 - Check plugin clock
2025-06-24 10:54:58,307 [INFO] PluginManage:359 - Loaded plugin clock (category:base,tabindex:2)
2025-06-24 10:54:58,307 [INFO] PluginManage:310 - Check plugin ddr
2025-06-24 10:54:58,311 [INFO] PluginManage:359 - Loaded plugin ddr (category:tool,tabindex:6)
2025-06-24 10:54:58,311 [INFO] PluginManage:310 - Check plugin filemanager
2025-06-24 10:54:58,503 [INFO] PluginManage:359 - Loaded plugin filemanager (category:base,tabindex:10)
2025-06-24 10:54:58,503 [INFO] PluginManage:310 - Check plugin ipmanager
2025-06-24 10:54:58,511 [INFO] PluginManage:359 - Loaded plugin ipmanager (category:base,tabindex:5)
2025-06-24 10:54:58,512 [INFO] PluginManage:310 - Check plugin lpbam
2025-06-24 10:54:58,521 [INFO] PluginManage:359 - Loaded plugin lpbam (category:base,tabindex:0)
2025-06-24 10:54:58,521 [INFO] PluginManage:310 - Check plugin memorymap
2025-06-24 10:54:58,541 [INFO] PluginManage:359 - Loaded plugin memorymap (category:base,tabindex:4)
2025-06-24 10:54:58,541 [INFO] PluginManage:310 - Check plugin pinoutandconfiguration
2025-06-24 10:54:58,554 [INFO] PluginManage:359 - Loaded plugin pinoutandconfiguration (category:base,tabindex:1)
2025-06-24 10:54:58,555 [INFO] PluginManage:310 - Check plugin pinoutconfig
2025-06-24 10:54:58,705 [WARN] SupportedApi:132 - Cannot load RTOS API schema: s4s-elt-must-match.1: The content of 'definitions' must match (annotation?, (simpleType | complexType)?, (unique | key | keyref)*)). A problem was found starting at: attribute.
2025-06-24 10:54:58,907 [INFO] PluginManage:359 - Loaded plugin pinoutconfig (category:base,tabindex:0)
2025-06-24 10:54:58,907 [INFO] PluginManage:310 - Check plugin power
2025-06-24 10:54:58,920 [INFO] PluginManage:359 - Loaded plugin power (category:power,tabindex:4)
2025-06-24 10:54:58,920 [INFO] PluginManage:310 - Check plugin projectmanager
2025-06-24 10:54:58,941 [INFO] PluginManage:359 - Loaded plugin projectmanager (category:projectmanager,tabindex:4)
2025-06-24 10:54:58,941 [INFO] PluginManage:310 - Check plugin rif
2025-06-24 10:54:58,954 [INFO] PluginManage:359 - Loaded plugin rif (category:base,tabindex:3)
2025-06-24 10:54:58,955 [INFO] PluginManage:310 - Check plugin thirdparty
2025-06-24 10:54:59,164 [WARN] IntegrityCheckThread:84 - waiting for thirdparty lock release [integrity check]
2025-06-24 10:54:59,164 [INFO] PluginManage:359 - Loaded plugin thirdparty (category:base,tabindex:-1)
2025-06-24 10:54:59,164 [INFO] IntegrityCheckThread:86 - entering critical section [integrity check]
2025-06-24 10:54:59,164 [INFO] PluginManage:310 - Check plugin tools
2025-06-24 10:54:59,165 [INFO] ThirdPartyUpdaterWithRetryManager:70 - Updater plugin not ready yet. [1/15]
2025-06-24 10:54:59,168 [INFO] PluginManage:359 - Loaded plugin tools (category:base,tabindex:7)
2025-06-24 10:54:59,168 [INFO] PluginManage:310 - Check plugin tutovideos
2025-06-24 10:54:59,468 [INFO] PluginManage:359 - Loaded plugin tutovideos (category:base,tabindex:-1)
2025-06-24 10:54:59,468 [INFO] PluginManage:310 - Check plugin updater
2025-06-24 10:54:59,500 [INFO] PluginManage:359 - Loaded plugin updater (category:base,tabindex:12)
2025-06-24 10:54:59,500 [INFO] PluginManage:310 - Check plugin userauth
2025-06-24 10:54:59,511 [INFO] UserAuth:118 - Init User Auth plugin
2025-06-24 10:54:59,513 [INFO] PluginManage:359 - Loaded plugin userauth (category:base,tabindex:14)
2025-06-24 10:54:59,513 [INFO] PluginManage:283 - PluginManage : Loaded plugins [18]
2025-06-24 10:54:59,828 [INFO] PinOutPanel:1589 - setPackage(No Configuration,No Configuration)
2025-06-24 10:54:59,952 [INFO] CADModel:165 - CPN selected for project level
2025-06-24 10:54:59,952 [INFO] CADModel:114 - Register for checkConnection events
2025-06-24 10:54:59,979 [INFO] IPUIPlugin:80 - create IPUIPlugin
2025-06-24 10:54:59,979 [INFO] PluginManager:220 - loadIPPluginJar : add adc
2025-06-24 10:54:59,983 [INFO] IPUIPlugin:80 - create IPUIPlugin
2025-06-24 10:54:59,984 [INFO] PluginManager:220 - loadIPPluginJar : add aes
2025-06-24 10:54:59,988 [INFO] IPUIPlugin:80 - create IPUIPlugin
2025-06-24 10:54:59,989 [INFO] PluginManager:220 - loadIPPluginJar : add can
2025-06-24 10:54:59,992 [INFO] IPUIPlugin:80 - create IPUIPlugin
2025-06-24 10:54:59,992 [INFO] PluginManager:220 - loadIPPluginJar : add comp
2025-06-24 10:54:59,998 [INFO] IPUIPlugin:80 - create IPUIPlugin
2025-06-24 10:54:59,999 [INFO] PluginManager:220 - loadIPPluginJar : add cryp
2025-06-24 10:55:00,005 [INFO] IPUIPlugin:80 - create IPUIPlugin
2025-06-24 10:55:00,005 [INFO] PluginManager:220 - loadIPPluginJar : add ddr_ctrl_phy
2025-06-24 10:55:00,010 [INFO] IPUIPlugin:80 - create IPUIPlugin
2025-06-24 10:55:00,010 [INFO] PluginManager:220 - loadIPPluginJar : add dfsdm
2025-06-24 10:55:00,020 [INFO] IPUIPlugin:80 - create IPUIPlugin
2025-06-24 10:55:00,021 [INFO] PluginManager:220 - loadIPPluginJar : add dma
2025-06-24 10:55:00,026 [INFO] IPUIPlugin:80 - create IPUIPlugin
2025-06-24 10:55:00,027 [INFO] PluginManager:220 - loadIPPluginJar : add dma3
2025-06-24 10:55:00,033 [INFO] IPUIPlugin:80 - create IPUIPlugin
2025-06-24 10:55:00,033 [INFO] PluginManager:220 - loadIPPluginJar : add extmemmanager
2025-06-24 10:55:00,036 [INFO] IPUIPlugin:80 - create IPUIPlugin
2025-06-24 10:55:00,036 [INFO] PluginManager:220 - loadIPPluginJar : add fatfs
2025-06-24 10:55:00,044 [INFO] IPUIPlugin:80 - create IPUIPlugin
2025-06-24 10:55:00,044 [INFO] PluginManager:220 - loadIPPluginJar : add fmc
2025-06-24 10:55:00,061 [INFO] IPUIPlugin:80 - create IPUIPlugin
2025-06-24 10:55:00,061 [INFO] PluginManager:220 - loadIPPluginJar : add freertos
2025-06-24 10:55:00,063 [INFO] IPUIPlugin:80 - create IPUIPlugin
2025-06-24 10:55:00,064 [INFO] PluginManager:220 - loadIPPluginJar : add genericplugin
2025-06-24 10:55:00,067 [INFO] IPUIPlugin:80 - create IPUIPlugin
2025-06-24 10:55:00,067 [INFO] PluginManager:220 - loadIPPluginJar : add gfxmmu
2025-06-24 10:55:00,075 [INFO] IPUIPlugin:80 - create IPUIPlugin
2025-06-24 10:55:00,075 [INFO] PluginManager:220 - loadIPPluginJar : add gic
2025-06-24 10:55:00,082 [INFO] IPUIPlugin:80 - create IPUIPlugin
2025-06-24 10:55:00,082 [INFO] PluginManager:220 - loadIPPluginJar : add gpio
2025-06-24 10:55:00,087 [INFO] IPUIPlugin:80 - create IPUIPlugin
2025-06-24 10:55:00,087 [INFO] PluginManager:220 - loadIPPluginJar : add gtzc
2025-06-24 10:55:00,091 [INFO] IPUIPlugin:80 - create IPUIPlugin
2025-06-24 10:55:00,091 [INFO] PluginManager:220 - loadIPPluginJar : add hash
2025-06-24 10:55:00,096 [INFO] IPUIPlugin:80 - create IPUIPlugin
2025-06-24 10:55:00,097 [INFO] PluginManager:220 - loadIPPluginJar : add i2c
2025-06-24 10:55:00,100 [INFO] IPUIPlugin:80 - create IPUIPlugin
2025-06-24 10:55:00,101 [INFO] PluginManager:220 - loadIPPluginJar : add i2s
2025-06-24 10:55:00,105 [INFO] IPUIPlugin:80 - create IPUIPlugin
2025-06-24 10:55:00,105 [INFO] PluginManager:220 - loadIPPluginJar : add i3c
2025-06-24 10:55:00,111 [INFO] IPUIPlugin:80 - create IPUIPlugin
2025-06-24 10:55:00,112 [INFO] PluginManager:220 - loadIPPluginJar : add ipddr
2025-06-24 10:55:00,121 [INFO] IPUIPlugin:80 - create IPUIPlugin
2025-06-24 10:55:00,121 [INFO] PluginManager:220 - loadIPPluginJar : add linkedlist
2025-06-24 10:55:00,126 [INFO] IPUIPlugin:80 - create IPUIPlugin
2025-06-24 10:55:00,127 [INFO] PluginManager:220 - loadIPPluginJar : add lorawan
2025-06-24 10:55:00,129 [INFO] IPUIPlugin:80 - create IPUIPlugin
2025-06-24 10:55:00,130 [INFO] PluginManager:220 - loadIPPluginJar : add ltdc
2025-06-24 10:55:00,141 [INFO] IPUIPlugin:80 - create IPUIPlugin
2025-06-24 10:55:00,141 [INFO] PluginManager:220 - loadIPPluginJar : add mdma
2025-06-24 10:55:00,147 [INFO] IPUIPlugin:80 - create IPUIPlugin
2025-06-24 10:55:00,147 [INFO] PluginManager:220 - loadIPPluginJar : add nvic
2025-06-24 10:55:00,152 [INFO] IPUIPlugin:80 - create IPUIPlugin
2025-06-24 10:55:00,153 [INFO] PluginManager:220 - loadIPPluginJar : add opamp
2025-06-24 10:55:00,157 [INFO] IPUIPlugin:80 - create IPUIPlugin
2025-06-24 10:55:00,158 [INFO] PluginManager:220 - loadIPPluginJar : add openamp
2025-06-24 10:55:00,162 [INFO] IPUIPlugin:80 - create IPUIPlugin
2025-06-24 10:55:00,162 [INFO] PluginManager:220 - loadIPPluginJar : add pdm2pcm
2025-06-24 10:55:00,172 [INFO] IPUIPlugin:80 - create IPUIPlugin
2025-06-24 10:55:00,177 [INFO] PluginManager:220 - loadIPPluginJar : add plateformsettings
2025-06-24 10:55:00,180 [INFO] IPUIPlugin:80 - create IPUIPlugin
2025-06-24 10:55:00,180 [INFO] PluginManager:220 - loadIPPluginJar : add quadspi
2025-06-24 10:55:00,183 [INFO] IPUIPlugin:80 - create IPUIPlugin
2025-06-24 10:55:00,184 [INFO] PluginManager:220 - loadIPPluginJar : add radio
2025-06-24 10:55:00,192 [INFO] IPUIPlugin:80 - create IPUIPlugin
2025-06-24 10:55:00,192 [INFO] PluginManager:220 - loadIPPluginJar : add resmgrutility
2025-06-24 10:55:00,198 [INFO] IPUIPlugin:80 - create IPUIPlugin
2025-06-24 10:55:00,198 [INFO] PluginManager:220 - loadIPPluginJar : add sai
2025-06-24 10:55:00,203 [INFO] IPUIPlugin:80 - create IPUIPlugin
2025-06-24 10:55:00,203 [INFO] PluginManager:220 - loadIPPluginJar : add spi
2025-06-24 10:55:00,213 [INFO] IPUIPlugin:80 - create IPUIPlugin
2025-06-24 10:55:00,213 [INFO] PluginManager:220 - loadIPPluginJar : add stm32_wpan
2025-06-24 10:55:00,217 [INFO] IPUIPlugin:80 - create IPUIPlugin
2025-06-24 10:55:00,217 [INFO] PluginManager:220 - loadIPPluginJar : add tim
2025-06-24 10:55:00,223 [INFO] IPUIPlugin:80 - create IPUIPlugin
2025-06-24 10:55:00,223 [INFO] PluginManager:220 - loadIPPluginJar : add touchsensing
2025-06-24 10:55:00,227 [INFO] IPUIPlugin:80 - create IPUIPlugin
2025-06-24 10:55:00,227 [INFO] PluginManager:220 - loadIPPluginJar : add tracer_emb
2025-06-24 10:55:00,231 [INFO] IPUIPlugin:80 - create IPUIPlugin
2025-06-24 10:55:00,231 [INFO] PluginManager:220 - loadIPPluginJar : add ts
2025-06-24 10:55:00,234 [INFO] IPUIPlugin:80 - create IPUIPlugin
2025-06-24 10:55:00,234 [INFO] PluginManager:220 - loadIPPluginJar : add tsc
2025-06-24 10:55:00,237 [INFO] IPUIPlugin:80 - create IPUIPlugin
2025-06-24 10:55:00,237 [INFO] PluginManager:220 - loadIPPluginJar : add ucpd
2025-06-24 10:55:00,243 [INFO] IPUIPlugin:80 - create IPUIPlugin
2025-06-24 10:55:00,243 [INFO] PluginManager:220 - loadIPPluginJar : add usart
2025-06-24 10:55:00,248 [INFO] IPUIPlugin:80 - create IPUIPlugin
2025-06-24 10:55:00,248 [INFO] PluginManager:220 - loadIPPluginJar : add usbx
2025-06-24 10:55:00,420 [FATAL] Updater:351 - Updater called before beeing initialized
2025-06-24 10:55:00,474 [INFO] RulesReader:64 - Compatibility file has been processed (302 Rules)
2025-06-24 10:55:00,492 [INFO] RulesReader:64 - Compatibility file has been processed (302 Rules)
2025-06-24 10:55:00,503 [INFO] CADModel:165 - CPN selected for project level
2025-06-24 10:55:00,503 [INFO] CADModel:114 - Register for checkConnection events
2025-06-24 10:55:00,503 [FATAL] Updater:351 - Updater called before beeing initialized
2025-06-24 10:55:00,503 [ERROR] CADModel:125 - Updater not yet initialized, retry later 
2025-06-24 10:55:00,761 [FATAL] Updater:351 - Updater called before beeing initialized
2025-06-24 10:55:00,765 [INFO] CADModel:165 - CPN selected for project level
2025-06-24 10:55:00,765 [INFO] CADModel:114 - Register for checkConnection events
2025-06-24 10:55:00,765 [FATAL] Updater:351 - Updater called before beeing initialized
2025-06-24 10:55:00,765 [ERROR] CADModel:125 - Updater not yet initialized, retry later 
2025-06-24 10:55:00,771 [FATAL] Updater:351 - Updater called before beeing initialized
2025-06-24 10:55:01,061 [FATAL] Updater:351 - Updater called before beeing initialized
2025-06-24 10:55:01,070 [INFO] DbMcusAds:53 - JSON generation date=Thu Mar 06 20:24:21 IST 2025 (1741272861825)
2025-06-24 10:55:01,070 [FATAL] Updater:351 - Updater called before beeing initialized
2025-06-24 10:55:01,148 [WARN] DetailPanel:346 - Failed to get advertising image, set to default
2025-06-24 10:55:01,697 [FATAL] Updater:351 - Updater called before beeing initialized
2025-06-24 10:55:01,703 [FATAL] Updater:351 - Updater called before beeing initialized
2025-06-24 10:55:01,703 [FATAL] Updater:351 - Updater called before beeing initialized
2025-06-24 10:55:01,703 [WARN] DetailPanel:346 - Failed to get advertising image, set to default
2025-06-24 10:55:01,705 [FATAL] Updater:351 - Updater called before beeing initialized
2025-06-24 10:55:01,815 [ERROR] Updater:1198 - MainUpdater not yet initialized. External WinMGr cannot be set.
2025-06-24 10:55:01,820 [INFO] Updater:1134 - Updater Version found : 6.14.1
2025-06-24 10:55:01,867 [INFO] ApplicationProperties:184 - Using Application install path: C:\ST\STM32CubeIDE_1.18.1\STM32CubeIDE\plugins\com.st.stm32cube.common.mx_6.14.1.202504091515
2025-06-24 10:55:02,169 [INFO] ThirdPartyUpdaterWithRetryManager:70 - Updater plugin not ready yet. [2/15]
2025-06-24 10:55:02,534 [INFO] MainUpdater:2872 - connection check result : 10
2025-06-24 10:55:02,535 [INFO] MainUpdater:289 - Updater Check For Update Now.
2025-06-24 10:55:02,535 [INFO] MicroXplorer:498 - Change Database Version : DB.6.0.141
2025-06-24 10:55:02,545 [INFO] McuFinderGlobals:63 - Set McuFinder mode to 2 (CubeIDE integrated)
2025-06-24 10:55:02,547 [INFO] UserAuth:484 - Internet connection configuration mode: 1
2025-06-24 10:55:02,625 [INFO] JxBrowserEngine:152 - Initiate JxBrowser Engine with user profile folder
2025-06-24 10:55:02,847 [INFO] CheckServerUpdateThread:120 - End of CheckServer Thread
2025-06-24 10:55:05,556 [INFO] WebApp:169 - Instantiating new browser for Auth
2025-06-24 10:55:05,844 [WARN] PackLoader:240 - Cannot read IP mode file for STMicroelectronics.FP-SNS-MOTENVWB1.1.4.0
2025-06-24 10:55:05,875 [WARN] PackLoader:240 - Cannot read IP mode file for STMicroelectronics.FP-ATR-ASTRA1.2.0.2
2025-06-24 10:55:05,907 [WARN] PackLoader:240 - Cannot read IP mode file for STMicroelectronics.X-CUBE-SMBUS.2.1.0
2025-06-24 10:55:05,919 [WARN] PackLoader:240 - Cannot read IP mode file for STMicroelectronics.X-CUBE-ST60.1.0.0
2025-06-24 10:55:05,993 [WARN] PackLoader:240 - Cannot read IP mode file for STMicroelectronics.X-CUBE-AZRTOS-F7.1.1.0
2025-06-24 10:55:06,073 [WARN] PackLoader:240 - Cannot read IP mode file for Infineon.AIROC-Wi-Fi-Bluetooth-STM32.1.7.0
2025-06-24 10:55:06,108 [WARN] PackLoader:240 - Cannot read IP mode file for STMicroelectronics.X-CUBE-DISPLAY.3.0.0
2025-06-24 10:55:06,136 [WARN] PackLoader:240 - Cannot read IP mode file for STMicroelectronics.X-CUBE-NFC10.1.0.0
2025-06-24 10:55:06,166 [WARN] PackLoader:240 - Cannot read IP mode file for STMicroelectronics.X-CUBE-BLEMGR.4.0.0
2025-06-24 10:55:06,187 [WARN] PackLoader:240 - Cannot read IP mode file for emotas.I-CUBE-CANOPEN.1.3.0
2025-06-24 10:55:06,196 [WARN] ConditionMgr:438 - getConditionDescription Invalid condition id : Cortex-A Device cause : null
2025-06-24 10:55:06,219 [WARN] ConditionMgr:1044 - genDependencies : Invalid condition id : Cortex-A Device cause : null
2025-06-24 10:55:06,220 [WARN] ConditionMgr:1044 - genDependencies : Invalid condition id : Cortex-A Device cause : null
2025-06-24 10:55:06,220 [WARN] ConditionMgr:1044 - genDependencies : Invalid condition id : Cortex-A Device cause : null
2025-06-24 10:55:06,228 [WARN] PackLoader:240 - Cannot read IP mode file for STMicroelectronics.X-CUBE-AI.10.0.0
2025-06-24 10:55:06,237 [WARN] PackLoader:240 - Cannot read IP mode file for STMicroelectronics.FP-SNS-SMARTAG2.1.2.0
2025-06-24 10:55:06,247 [WARN] PackLoader:240 - Cannot read IP mode file for STMicroelectronics.FP-SNS-FLIGHT1.5.1.0
2025-06-24 10:55:06,286 [INFO] LogOutputStream:77 - [STDOUT_REDIRECT] 1 : Invalid condition id : UX_CORESTACK_Condition cause : null
2025-06-24 10:55:06,288 [INFO] LogOutputStream:77 - [STDOUT_REDIRECT] 1 : Invalid condition id : UX_CORESTACK_Condition cause : null
2025-06-24 10:55:06,291 [INFO] LogOutputStream:77 - [STDOUT_REDIRECT] 1 : Invalid condition id : UX_CORESTACK_Condition cause : null
2025-06-24 10:55:06,295 [INFO] LogOutputStream:77 - [STDOUT_REDIRECT] 1 : Invalid condition id : UX_CORESTACK_Condition cause : null
2025-06-24 10:55:06,298 [INFO] LogOutputStream:77 - [STDOUT_REDIRECT] 1 : Invalid condition id : UX_CORESTACK_Condition cause : null
2025-06-24 10:55:06,306 [WARN] PackLoader:240 - Cannot read IP mode file for STMicroelectronics.X-CUBE-AZRTOS-WL.2.0.0
2025-06-24 10:55:06,324 [WARN] PackLoader:240 - Cannot read IP mode file for STMicroelectronics.FP-SNS-MOTENV1.5.0.0
2025-06-24 10:55:06,369 [WARN] PackLoader:240 - Cannot read IP mode file for WES.I-CUBE-Cesium.1.3.0
2025-06-24 10:55:06,381 [WARN] PackLoader:240 - Cannot read IP mode file for STMicroelectronics.X-CUBE-BLE2.3.3.0
2025-06-24 10:55:06,395 [WARN] PackLoader:240 - Cannot read IP mode file for STMicroelectronics.X-CUBE-NFC9.1.0.0
2025-06-24 10:55:06,408 [WARN] PackLoader:240 - Cannot read IP mode file for STMicroelectronics.X-CUBE-BLE1.7.1.0
2025-06-24 10:55:06,416 [WARN] PackLoader:240 - Cannot read IP mode file for wolfSSL.I-CUBE-wolfMQTT.1.19.2
2025-06-24 10:55:06,422 [WARN] PackLoader:240 - Cannot read IP mode file for STMicroelectronics.X-CUBE-AI.10.1.0
2025-06-24 10:55:06,568 [WARN] PackLoader:240 - Cannot read IP mode file for STMicroelectronics.X-CUBE-MEMS1.11.2.0
2025-06-24 10:55:06,935 [WARN] PackLoader:240 - Cannot read IP mode file for STMicroelectronics.X-CUBE-AZRTOS-G0.1.1.0
2025-06-24 10:55:06,951 [WARN] PackLoader:240 - Cannot read IP mode file for STMicroelectronics.X-CUBE-SAFEA1.1.2.2
2025-06-24 10:55:06,963 [WARN] PackLoader:240 - Cannot read IP mode file for STMicroelectronics.X-CUBE-NFC4.3.0.0
2025-06-24 10:55:06,982 [WARN] PackLoader:240 - Cannot read IP mode file for EmbeddedOffice.I-CUBE-FS-RTOS.1.0.1
2025-06-24 10:55:06,992 [WARN] PackLoader:240 - Cannot read IP mode file for STMicroelectronics.X-CUBE-WB05N.2.0.0
2025-06-24 10:55:07,001 [WARN] PackLoader:240 - Cannot read IP mode file for wolfSSL.I-CUBE-wolfTPM.3.8.0
2025-06-24 10:55:07,014 [WARN] PackLoader:240 - Cannot read IP mode file for STMicroelectronics.X-CUBE-TCPP.4.2.0
2025-06-24 10:55:07,024 [WARN] PackLoader:240 - Cannot read IP mode file for RealThread.X-CUBE-RT-Thread_Nano.4.1.1
2025-06-24 10:55:07,032 [WARN] PackLoader:240 - Cannot read IP mode file for STMicroelectronics.FP-ATR-SIGFOX1.3.2.0
2025-06-24 10:55:07,043 [WARN] PackLoader:240 - Cannot read IP mode file for STMicroelectronics.X-CUBE-EEPRMA1.5.1.0
2025-06-24 10:55:07,052 [WARN] PackLoader:240 - Cannot read IP mode file for wolfSSL.I-CUBE-wolfSSL.5.7.6
2025-06-24 10:55:07,064 [WARN] PackLoader:240 - Cannot read IP mode file for ITTIA_DB.I-CUBE-ITTIADB.8.9.0
2025-06-24 10:55:07,076 [WARN] PackLoader:240 - Cannot read IP mode file for STMicroelectronics.X-CUBE-ST67W61.1.0.0
2025-06-24 10:55:07,137 [WARN] PackLoader:240 - Cannot read IP mode file for SEGGER.I-CUBE-embOS.1.3.1
2025-06-24 10:55:07,230 [WARN] PackLoader:240 - Cannot read IP mode file for STMicroelectronics.X-CUBE-ALGOBUILD.1.4.0
2025-06-24 10:55:07,321 [WARN] PackLoader:240 - Cannot read IP mode file for STMicroelectronics.X-CUBE-MEMS1.11.3.0
2025-06-24 10:55:07,556 [WARN] PackLoader:240 - Cannot read IP mode file for STMicroelectronics.X-CUBE-PM33A1.1.0.0
2025-06-24 10:55:07,589 [WARN] PackLoader:240 - Cannot read IP mode file for STMicroelectronics.X-CUBE-AZRTOS-F4.1.1.0
2025-06-24 10:55:07,600 [WARN] PackLoader:240 - Cannot read IP mode file for Avnet-IotConnect.X-CUBE-IoTC-DA16k-PMOD.1.0.0
2025-06-24 10:55:07,606 [WARN] PackLoader:240 - Cannot read IP mode file for STMicroelectronics.X-CUBE-ISPU.2.1.0
2025-06-24 10:55:07,636 [WARN] PackLoader:240 - Cannot read IP mode file for STMicroelectronics.X-CUBE-AZRTOS-L5.2.0.0
2025-06-24 10:55:07,653 [WARN] PackLoader:240 - Cannot read IP mode file for STMicroelectronics.X-CUBE-NFC6.3.1.0
2025-06-24 10:55:07,666 [WARN] PackLoader:240 - Cannot read IP mode file for STMicroelectronics.X-CUBE-FREERTOS.1.3.1
2025-06-24 10:55:07,708 [WARN] PackLoader:240 - Cannot read IP mode file for STMicroelectronics.X-CUBE-FREERTOS.1.3.0
2025-06-24 10:55:07,718 [WARN] PackLoader:240 - Cannot read IP mode file for STMicroelectronics.X-CUBE-NFC7.1.0.1
2025-06-24 10:55:07,728 [WARN] PackLoader:240 - Cannot read IP mode file for STMicroelectronics.X-CUBE-DPower.1.3.0
2025-06-24 10:55:07,765 [WARN] ConditionMgr:438 - getConditionDescription Invalid condition id : LAN8742 Phy interface Condition cause : null
2025-06-24 10:55:07,766 [WARN] PackLoader:240 - Cannot read IP mode file for STMicroelectronics.X-CUBE-AZRTOS-L4.2.0.0
2025-06-24 10:55:07,769 [WARN] ConditionMgr:1044 - genDependencies : Invalid condition id : LAN8742 Phy interface Condition cause : null
2025-06-24 10:55:07,770 [WARN] ConditionMgr:1044 - genDependencies : Invalid condition id : LAN8742 Phy interface Condition cause : null
2025-06-24 10:55:07,771 [WARN] ConditionMgr:1044 - genDependencies : Invalid condition id : LAN8742 Phy interface Condition cause : null
2025-06-24 10:55:07,789 [WARN] PackLoader:240 - Cannot read IP mode file for STMicroelectronics.X-CUBE-SFXS2LP1.4.0.0
2025-06-24 10:55:07,840 [WARN] PackLoader:240 - Cannot read IP mode file for STMicroelectronics.X-CUBE-AZRTOS-H7.3.3.0
2025-06-24 10:55:07,868 [WARN] ConditionMgr:438 - getConditionDescription Invalid condition id : UX DEVICE CLASS RTOS Condition cause : null
2025-06-24 10:55:07,869 [WARN] ConditionMgr:438 - getConditionDescription Invalid condition id : UX DEVICE CLASS RTOS Condition cause : null
2025-06-24 10:55:07,873 [WARN] PackLoader:240 - Cannot read IP mode file for STMicroelectronics.X-CUBE-AZRTOS-WB.2.0.0
2025-06-24 10:55:07,874 [WARN] ConditionMgr:1044 - genDependencies : Invalid condition id : UX DEVICE CLASS RTOS Condition cause : null
2025-06-24 10:55:07,875 [WARN] ConditionMgr:1044 - genDependencies : Invalid condition id : UX DEVICE CLASS RTOS Condition cause : null
2025-06-24 10:55:07,876 [WARN] ConditionMgr:1044 - genDependencies : Invalid condition id : UX DEVICE CLASS RTOS Condition cause : null
2025-06-24 10:55:07,876 [WARN] ConditionMgr:1044 - genDependencies : Invalid condition id : UX DEVICE CLASS RTOS Condition cause : null
2025-06-24 10:55:07,876 [WARN] ConditionMgr:1044 - genDependencies : Invalid condition id : UX DEVICE CLASS RTOS Condition cause : null
2025-06-24 10:55:07,888 [WARN] PackLoader:240 - Cannot read IP mode file for STMicroelectronics.X-CUBE-GNSS1.7.0.1
2025-06-24 10:55:07,896 [WARN] PackLoader:240 - Cannot read IP mode file for STMicroelectronics.X-CUBE-TOUCHGFX.4.25.0
2025-06-24 10:55:07,907 [WARN] PackLoader:240 - Cannot read IP mode file for STMicroelectronics.FP-SNS-STBOX1.2.0.0
2025-06-24 10:55:07,933 [WARN] PackLoader:240 - Cannot read IP mode file for STMicroelectronics.X-CUBE-SUBG2.5.0.0
2025-06-24 10:55:07,985 [WARN] PackLoader:240 - Cannot read IP mode file for STMicroelectronics.X-CUBE-AZRTOS-H7RS.1.1.0
2025-06-24 10:55:07,996 [WARN] PackLoader:240 - Cannot read IP mode file for Cesanta.I-CUBE-Mongoose.7.13.0
2025-06-24 10:55:08,026 [WARN] PackLoader:240 - Cannot read IP mode file for STMicroelectronics.X-CUBE-AZRTOS-G4.2.0.0
2025-06-24 10:55:08,038 [WARN] PackLoader:240 - Cannot read IP mode file for wolfSSL.I-CUBE-wolfSSH.1.4.20
2025-06-24 10:55:08,046 [WARN] PackLoader:240 - Cannot read IP mode file for STMicroelectronics.X-CUBE-NFC7.2.0.0
2025-06-24 10:55:08,073 [WARN] PackLoader:240 - Cannot read IP mode file for STMicroelectronics.X-CUBE-IPS.3.1.0
2025-06-24 10:55:08,092 [WARN] PackLoader:240 - Cannot read IP mode file for STMicroelectronics.X-CUBE-ALS.1.0.2
2025-06-24 10:55:08,103 [WARN] PackLoader:240 - Cannot read IP mode file for portGmbH.I-Cube-SoM-uGOAL.1.1.0
2025-06-24 10:55:08,145 [WARN] PackLoader:240 - Cannot read IP mode file for STMicroelectronics.X-CUBE-TOF1.3.4.3
2025-06-24 10:55:08,170 [INFO] ThirdParty:978 - Integrity check success = true
2025-06-24 10:55:08,170 [INFO] IntegrityCheckThread:100 - exiting critical section [integrity check]
2025-06-24 10:55:08,170 [INFO] IntegrityCheckThread:103 - End integrity checks thread
2025-06-24 10:55:08,844 [INFO] WebApp:463 - Apply proxy settings
2025-06-24 10:55:08,845 [INFO] WebApp:548 - Chromium requires no authentication
2025-06-24 10:55:08,865 [INFO] WebApp:491 - Direct internet connection detected
2025-06-24 10:55:08,932 [INFO] WebApp:894 - Register for checkConnection events
2025-06-24 10:55:08,933 [INFO] WebApp:463 - Apply proxy settings
2025-06-24 10:55:08,933 [INFO] WebApp:548 - Chromium requires no authentication
2025-06-24 10:55:08,934 [INFO] WebApp:491 - Direct internet connection detected
2025-06-24 10:55:09,391 [INFO] WebApp:225 - Starting web application
2025-06-24 10:55:09,391 [INFO] WebApp:593 - Web application path used C:\ST\STM32CubeIDE_1.18.1\STM32CubeIDE\plugins\com.st.stm32cube.common.mx_6.14.1.202504091515\db\plugins\mcufinder\reactClient1\index.html
2025-06-24 10:55:09,724 [INFO] WebApp:191 - Connection restablished
2025-06-24 10:55:09,801 [INFO] UserAuth:484 - Internet connection configuration mode: 1
2025-06-24 13:09:29,057 [INFO] WebApp:194 - Connection lost
2025-06-24 13:09:30,211 [INFO] WebApp:191 - Connection restablished
2025-06-24 13:09:31,942 [INFO] WebApp:194 - Connection lost
2025-06-24 13:09:32,846 [INFO] WebApp:191 - Connection restablished
2025-06-24 16:55:08,900 [ERROR] LogOutputStream:75 - [STDERR_REDIRECT] 
