2025-08-25 12:50:39,040 [INFO] Activator:176 - 


2025-08-25 12:50:39,056 [INFO] Activator:177 - !SESSION log4j initialized
2025-08-25 12:50:48,667 [INFO] LogOutputStream:77 - [STDOUT_REDIRECT] 
2025-08-25 12:50:51,813 [INFO] ApplicationProperties:184 - Using Application install path: C:\ST\STM32CubeIDE_1.18.1\STM32CubeIDE\plugins\com.st.stm32cube.common.mx_6.15.0.202507011659
2025-08-25 12:50:51,845 [INFO] DbMcusXml:78 - Set database path to: C:\ST\STM32CubeIDE_1.18.1\STM32CubeIDE\plugins\com.st.stm32cube.common.mx_6.15.0.202507011659\\db\/mcu/
2025-08-25 12:50:51,846 [INFO] ApiDb:274 - Set plugin database path to: C:\ST\STM32CubeIDE_1.18.1\STM32CubeIDE\plugins\com.st.stm32cube.common.mx_6.15.0.202507011659\\db\/plugins/boardmanager/
2025-08-25 12:50:51,847 [WARN] ApiDb:259 - Overriding images path with different value:  => C:\ST\STM32CubeIDE_1.18.1\STM32CubeIDE\plugins\com.st.stm32cube.common.mx_6.15.0.202507011659\\db\/plugins/mcufinder/images/
2025-08-25 12:50:51,862 [INFO] ApiDb:250 - Set database path to: C:\Users\singh\.stmcufinder\plugins\mcufinder//mcu/
2025-08-25 12:50:51,864 [INFO] DbMcusAds:125 - Set database path to: C:\Users\singh\.stmcufinder\plugins\mcufinder//mcu/
2025-08-25 12:50:51,868 [INFO] CrossReferenceDbSqlite:203 - Set database path to: C:\Users\singh\.stmcufinder\plugins\mcufinder//mcu/cs/
2025-08-25 12:50:52,086 [INFO] RulesReader:64 - Compatibility file has been processed (317 Rules)
2025-08-25 12:50:52,237 [INFO] DbMcusXml:78 - Set database path to: C:\ST\STM32CubeIDE_1.18.1\STM32CubeIDE\plugins\com.st.stm32cube.common.mx_6.15.0.202507011659\\db\/mcu/
2025-08-25 12:50:52,238 [INFO] ApiDb:274 - Set plugin database path to: C:\ST\STM32CubeIDE_1.18.1\STM32CubeIDE\plugins\com.st.stm32cube.common.mx_6.15.0.202507011659\\db\/plugins/boardmanager/
2025-08-25 12:50:52,238 [INFO] ApiDb:261 - Set plugin images path to: C:\ST\STM32CubeIDE_1.18.1\STM32CubeIDE\plugins\com.st.stm32cube.common.mx_6.15.0.202507011659\\db\/plugins/mcufinder/images/
2025-08-25 12:50:52,238 [WARN] DbFile:41 - Overriding database path with different value: C:\Users\singh\.stmcufinder\plugins\mcufinder/ => C:\Users\singh\.stmcufinder\plugins\mcufinder
2025-08-25 12:50:52,238 [INFO] ApiDb:250 - Set database path to: C:\Users\singh\.stmcufinder\plugins\mcufinder//mcu/
2025-08-25 12:50:52,239 [WARN] DbFile:41 - Overriding database path with different value: C:\Users\singh\.stmcufinder\plugins\mcufinder/ => C:\Users\singh\.stmcufinder\plugins\mcufinder
2025-08-25 12:50:52,239 [INFO] DbMcusAds:125 - Set database path to: C:\Users\singh\.stmcufinder\plugins\mcufinder//mcu/
2025-08-25 12:50:52,239 [WARN] DbFile:41 - Overriding database path with different value: C:\Users\singh\.stmcufinder\plugins\mcufinder/ => C:\Users\singh\.stmcufinder\plugins\mcufinder
2025-08-25 12:50:52,239 [WARN] DbFile:41 - Overriding database path with different value: C:\Users\singh\.stmcufinder\plugins\mcufinder/ => C:\Users\singh\.stmcufinder\plugins\mcufinder
2025-08-25 12:50:52,239 [INFO] CrossReferenceDbSqlite:203 - Set database path to: C:\Users\singh\.stmcufinder\plugins\mcufinder//mcu/cs/
2025-08-25 12:50:52,363 [INFO] MainPanel:274 - HeapMemory: 268435456
2025-08-25 12:50:52,546 [INFO] DbMcusXml:78 - Set database path to: C:\ST\STM32CubeIDE_1.18.1\STM32CubeIDE\plugins\com.st.stm32cube.common.mx_6.15.0.202507011659\\db\/mcu/
2025-08-25 12:50:52,547 [INFO] ApiDb:274 - Set plugin database path to: C:\ST\STM32CubeIDE_1.18.1\STM32CubeIDE\plugins\com.st.stm32cube.common.mx_6.15.0.202507011659\\db\/plugins/boardmanager/
2025-08-25 12:50:52,547 [INFO] ApiDb:261 - Set plugin images path to: C:\ST\STM32CubeIDE_1.18.1\STM32CubeIDE\plugins\com.st.stm32cube.common.mx_6.15.0.202507011659\\db\/plugins/mcufinder/images/
2025-08-25 12:50:52,547 [WARN] DbFile:41 - Overriding database path with different value: C:\Users\singh\.stmcufinder\plugins\mcufinder/ => C:\Users\singh\.stmcufinder\plugins\mcufinder
2025-08-25 12:50:52,547 [INFO] ApiDb:250 - Set database path to: C:\Users\singh\.stmcufinder\plugins\mcufinder//mcu/
2025-08-25 12:50:52,547 [WARN] DbFile:41 - Overriding database path with different value: C:\Users\singh\.stmcufinder\plugins\mcufinder/ => C:\Users\singh\.stmcufinder\plugins\mcufinder
2025-08-25 12:50:52,548 [INFO] DbMcusAds:125 - Set database path to: C:\Users\singh\.stmcufinder\plugins\mcufinder//mcu/
2025-08-25 12:50:52,548 [WARN] DbFile:41 - Overriding database path with different value: C:\Users\singh\.stmcufinder\plugins\mcufinder/ => C:\Users\singh\.stmcufinder\plugins\mcufinder
2025-08-25 12:50:52,548 [WARN] DbFile:41 - Overriding database path with different value: C:\Users\singh\.stmcufinder\plugins\mcufinder/ => C:\Users\singh\.stmcufinder\plugins\mcufinder
2025-08-25 12:50:52,548 [INFO] CrossReferenceDbSqlite:203 - Set database path to: C:\Users\singh\.stmcufinder\plugins\mcufinder//mcu/cs/
2025-08-25 12:50:52,575 [INFO] ApplicationProperties:184 - Using Application install path: C:\ST\STM32CubeIDE_1.18.1\STM32CubeIDE\plugins\com.st.stm32cube.common.mx_6.15.0.202507011659
2025-08-25 12:50:52,577 [INFO] PluginManage:196 - Search for loadable plugins [exclusion list=, ]
2025-08-25 12:50:52,580 [INFO] PluginManage:310 - Check plugin analytics
2025-08-25 12:50:52,876 [INFO] AnalyticsPlugin:253 - Accepted Software Licenses: 
2025-08-25 12:50:52,877 [INFO] AnalyticsPlugin:255 - Accepted CMSIS Pack Licenses: 
2025-08-25 12:50:52,877 [INFO] AnalyticsPlugin:257 - Accepted Firmware Licenses: 
2025-08-25 12:50:52,882 [INFO] PluginManage:359 - Loaded plugin analytics (category:tool,tabindex:-1)
2025-08-25 12:50:52,882 [INFO] PluginManage:310 - Check plugin cadmodel
2025-08-25 12:50:52,891 [INFO] CADModel:105 - Init CAD model plugin
2025-08-25 12:50:52,891 [INFO] PluginManage:359 - Loaded plugin cadmodel (category:power,tabindex:5)
2025-08-25 12:50:52,892 [INFO] PluginManage:310 - Check plugin clock
2025-08-25 12:50:52,909 [INFO] PluginManage:359 - Loaded plugin clock (category:base,tabindex:2)
2025-08-25 12:50:52,909 [INFO] PluginManage:310 - Check plugin ddr
2025-08-25 12:50:52,914 [INFO] PluginManage:359 - Loaded plugin ddr (category:tool,tabindex:6)
2025-08-25 12:50:52,914 [INFO] PluginManage:310 - Check plugin filemanager
2025-08-25 12:50:53,137 [INFO] PluginManage:359 - Loaded plugin filemanager (category:base,tabindex:10)
2025-08-25 12:50:53,137 [INFO] PluginManage:310 - Check plugin ipmanager
2025-08-25 12:50:53,148 [INFO] PluginManage:359 - Loaded plugin ipmanager (category:base,tabindex:5)
2025-08-25 12:50:53,148 [INFO] PluginManage:310 - Check plugin lpbam
2025-08-25 12:50:53,161 [INFO] PluginManage:359 - Loaded plugin lpbam (category:base,tabindex:0)
2025-08-25 12:50:53,161 [INFO] PluginManage:310 - Check plugin memorymap
2025-08-25 12:50:53,186 [INFO] PluginManage:359 - Loaded plugin memorymap (category:base,tabindex:4)
2025-08-25 12:50:53,187 [INFO] PluginManage:310 - Check plugin pinoutandconfiguration
2025-08-25 12:50:53,198 [INFO] PluginManage:359 - Loaded plugin pinoutandconfiguration (category:base,tabindex:1)
2025-08-25 12:50:53,198 [INFO] PluginManage:310 - Check plugin pinoutconfig
2025-08-25 12:50:53,316 [WARN] SupportedApi:132 - Cannot load RTOS API schema: s4s-elt-must-match.1: The content of 'definitions' must match (annotation?, (simpleType | complexType)?, (unique | key | keyref)*)). A problem was found starting at: attribute.
2025-08-25 12:50:53,545 [INFO] PluginManage:359 - Loaded plugin pinoutconfig (category:base,tabindex:0)
2025-08-25 12:50:53,545 [INFO] PluginManage:310 - Check plugin power
2025-08-25 12:50:53,562 [INFO] PluginManage:359 - Loaded plugin power (category:power,tabindex:4)
2025-08-25 12:50:53,562 [INFO] PluginManage:310 - Check plugin projectmanager
2025-08-25 12:50:53,590 [INFO] PluginManage:359 - Loaded plugin projectmanager (category:projectmanager,tabindex:4)
2025-08-25 12:50:53,590 [INFO] PluginManage:310 - Check plugin rif
2025-08-25 12:50:53,615 [INFO] PluginManage:359 - Loaded plugin rif (category:base,tabindex:3)
2025-08-25 12:50:53,615 [INFO] PluginManage:310 - Check plugin thirdparty
2025-08-25 12:50:54,065 [INFO] PluginManage:359 - Loaded plugin thirdparty (category:base,tabindex:-1)
2025-08-25 12:50:54,065 [WARN] IntegrityCheckThread:84 - waiting for thirdparty lock release [integrity check]
2025-08-25 12:50:54,066 [INFO] PluginManage:310 - Check plugin tools
2025-08-25 12:50:54,066 [INFO] IntegrityCheckThread:86 - entering critical section [integrity check]
2025-08-25 12:50:54,067 [INFO] ThirdPartyUpdaterWithRetryManager:70 - Updater plugin not ready yet. [1/15]
2025-08-25 12:50:54,071 [INFO] PluginManage:359 - Loaded plugin tools (category:base,tabindex:7)
2025-08-25 12:50:54,071 [INFO] PluginManage:310 - Check plugin tutovideos
2025-08-25 12:50:54,681 [INFO] PluginManage:359 - Loaded plugin tutovideos (category:base,tabindex:-1)
2025-08-25 12:50:54,681 [INFO] PluginManage:310 - Check plugin updater
2025-08-25 12:50:54,725 [INFO] PluginManage:359 - Loaded plugin updater (category:base,tabindex:12)
2025-08-25 12:50:54,725 [INFO] PluginManage:310 - Check plugin userauth
2025-08-25 12:50:54,734 [INFO] UserAuth:118 - Init User Auth plugin
2025-08-25 12:50:54,735 [INFO] PluginManage:359 - Loaded plugin userauth (category:base,tabindex:14)
2025-08-25 12:50:54,735 [INFO] PluginManage:283 - PluginManage : Loaded plugins [18]
2025-08-25 12:50:55,310 [INFO] PinOutPanel:1589 - setPackage(No Configuration,No Configuration)
2025-08-25 12:50:55,444 [INFO] CADModel:165 - CPN selected for project level
2025-08-25 12:50:55,444 [INFO] CADModel:114 - Register for checkConnection events
2025-08-25 12:50:55,477 [INFO] IPUIPlugin:80 - create IPUIPlugin
2025-08-25 12:50:55,477 [INFO] PluginManager:220 - loadIPPluginJar : add adc
2025-08-25 12:50:55,482 [INFO] IPUIPlugin:80 - create IPUIPlugin
2025-08-25 12:50:55,482 [INFO] PluginManager:220 - loadIPPluginJar : add aes
2025-08-25 12:50:55,489 [INFO] IPUIPlugin:80 - create IPUIPlugin
2025-08-25 12:50:55,489 [INFO] PluginManager:220 - loadIPPluginJar : add can
2025-08-25 12:50:55,493 [INFO] IPUIPlugin:80 - create IPUIPlugin
2025-08-25 12:50:55,493 [INFO] PluginManager:220 - loadIPPluginJar : add comp
2025-08-25 12:50:55,498 [INFO] IPUIPlugin:80 - create IPUIPlugin
2025-08-25 12:50:55,499 [INFO] PluginManager:220 - loadIPPluginJar : add cryp
2025-08-25 12:50:55,505 [INFO] IPUIPlugin:80 - create IPUIPlugin
2025-08-25 12:50:55,505 [INFO] PluginManager:220 - loadIPPluginJar : add ddr_ctrl_phy
2025-08-25 12:50:55,509 [INFO] IPUIPlugin:80 - create IPUIPlugin
2025-08-25 12:50:55,509 [INFO] PluginManager:220 - loadIPPluginJar : add dfsdm
2025-08-25 12:50:55,518 [INFO] IPUIPlugin:80 - create IPUIPlugin
2025-08-25 12:50:55,519 [INFO] PluginManager:220 - loadIPPluginJar : add dma
2025-08-25 12:50:55,523 [INFO] IPUIPlugin:80 - create IPUIPlugin
2025-08-25 12:50:55,523 [INFO] PluginManager:220 - loadIPPluginJar : add dma3
2025-08-25 12:50:55,528 [INFO] IPUIPlugin:80 - create IPUIPlugin
2025-08-25 12:50:55,528 [INFO] PluginManager:220 - loadIPPluginJar : add extmemmanager
2025-08-25 12:50:55,531 [INFO] IPUIPlugin:80 - create IPUIPlugin
2025-08-25 12:50:55,531 [INFO] PluginManager:220 - loadIPPluginJar : add fatfs
2025-08-25 12:50:55,539 [INFO] IPUIPlugin:80 - create IPUIPlugin
2025-08-25 12:50:55,539 [INFO] PluginManager:220 - loadIPPluginJar : add fmc
2025-08-25 12:50:55,550 [INFO] IPUIPlugin:80 - create IPUIPlugin
2025-08-25 12:50:55,551 [INFO] PluginManager:220 - loadIPPluginJar : add freertos
2025-08-25 12:50:55,554 [INFO] IPUIPlugin:80 - create IPUIPlugin
2025-08-25 12:50:55,555 [INFO] PluginManager:220 - loadIPPluginJar : add genericplugin
2025-08-25 12:50:55,559 [INFO] IPUIPlugin:80 - create IPUIPlugin
2025-08-25 12:50:55,559 [INFO] PluginManager:220 - loadIPPluginJar : add gfxmmu
2025-08-25 12:50:55,568 [INFO] IPUIPlugin:80 - create IPUIPlugin
2025-08-25 12:50:55,568 [INFO] PluginManager:220 - loadIPPluginJar : add gic
2025-08-25 12:50:55,576 [INFO] IPUIPlugin:80 - create IPUIPlugin
2025-08-25 12:50:55,576 [INFO] PluginManager:220 - loadIPPluginJar : add gpio
2025-08-25 12:50:55,582 [INFO] IPUIPlugin:80 - create IPUIPlugin
2025-08-25 12:50:55,582 [INFO] PluginManager:220 - loadIPPluginJar : add gtzc
2025-08-25 12:50:55,587 [INFO] IPUIPlugin:80 - create IPUIPlugin
2025-08-25 12:50:55,587 [INFO] PluginManager:220 - loadIPPluginJar : add hash
2025-08-25 12:50:55,593 [INFO] IPUIPlugin:80 - create IPUIPlugin
2025-08-25 12:50:55,594 [INFO] PluginManager:220 - loadIPPluginJar : add i2c
2025-08-25 12:50:55,599 [INFO] IPUIPlugin:80 - create IPUIPlugin
2025-08-25 12:50:55,599 [INFO] PluginManager:220 - loadIPPluginJar : add i2s
2025-08-25 12:50:55,605 [INFO] IPUIPlugin:80 - create IPUIPlugin
2025-08-25 12:50:55,605 [INFO] PluginManager:220 - loadIPPluginJar : add i3c
2025-08-25 12:50:55,612 [INFO] IPUIPlugin:80 - create IPUIPlugin
2025-08-25 12:50:55,612 [INFO] PluginManager:220 - loadIPPluginJar : add ipddr
2025-08-25 12:50:55,627 [INFO] IPUIPlugin:80 - create IPUIPlugin
2025-08-25 12:50:55,627 [INFO] PluginManager:220 - loadIPPluginJar : add linkedlist
2025-08-25 12:50:55,633 [INFO] IPUIPlugin:80 - create IPUIPlugin
2025-08-25 12:50:55,633 [INFO] PluginManager:220 - loadIPPluginJar : add lorawan
2025-08-25 12:50:55,638 [INFO] IPUIPlugin:80 - create IPUIPlugin
2025-08-25 12:50:55,638 [INFO] PluginManager:220 - loadIPPluginJar : add ltdc
2025-08-25 12:50:55,655 [INFO] IPUIPlugin:80 - create IPUIPlugin
2025-08-25 12:50:55,656 [INFO] PluginManager:220 - loadIPPluginJar : add mdma
2025-08-25 12:50:55,662 [INFO] IPUIPlugin:80 - create IPUIPlugin
2025-08-25 12:50:55,662 [INFO] PluginManager:220 - loadIPPluginJar : add nvic
2025-08-25 12:50:55,670 [INFO] IPUIPlugin:80 - create IPUIPlugin
2025-08-25 12:50:55,670 [INFO] PluginManager:220 - loadIPPluginJar : add opamp
2025-08-25 12:50:55,677 [INFO] IPUIPlugin:80 - create IPUIPlugin
2025-08-25 12:50:55,678 [INFO] PluginManager:220 - loadIPPluginJar : add openamp
2025-08-25 12:50:55,688 [INFO] IPUIPlugin:80 - create IPUIPlugin
2025-08-25 12:50:55,688 [INFO] PluginManager:220 - loadIPPluginJar : add pdm2pcm
2025-08-25 12:50:55,702 [INFO] IPUIPlugin:80 - create IPUIPlugin
2025-08-25 12:50:55,711 [INFO] PluginManager:220 - loadIPPluginJar : add plateformsettings
2025-08-25 12:50:55,714 [INFO] IPUIPlugin:80 - create IPUIPlugin
2025-08-25 12:50:55,715 [INFO] PluginManager:220 - loadIPPluginJar : add quadspi
2025-08-25 12:50:55,720 [INFO] IPUIPlugin:80 - create IPUIPlugin
2025-08-25 12:50:55,721 [INFO] PluginManager:220 - loadIPPluginJar : add radio
2025-08-25 12:50:55,732 [INFO] IPUIPlugin:80 - create IPUIPlugin
2025-08-25 12:50:55,732 [INFO] PluginManager:220 - loadIPPluginJar : add resmgrutility
2025-08-25 12:50:55,740 [INFO] IPUIPlugin:80 - create IPUIPlugin
2025-08-25 12:50:55,741 [INFO] PluginManager:220 - loadIPPluginJar : add sai
2025-08-25 12:50:55,749 [INFO] IPUIPlugin:80 - create IPUIPlugin
2025-08-25 12:50:55,749 [INFO] PluginManager:220 - loadIPPluginJar : add spi
2025-08-25 12:50:55,766 [INFO] IPUIPlugin:80 - create IPUIPlugin
2025-08-25 12:50:55,767 [INFO] PluginManager:220 - loadIPPluginJar : add stm32_wpan
2025-08-25 12:50:55,772 [INFO] IPUIPlugin:80 - create IPUIPlugin
2025-08-25 12:50:55,773 [INFO] PluginManager:220 - loadIPPluginJar : add tim
2025-08-25 12:50:55,785 [INFO] IPUIPlugin:80 - create IPUIPlugin
2025-08-25 12:50:55,785 [INFO] PluginManager:220 - loadIPPluginJar : add touchsensing
2025-08-25 12:50:55,792 [INFO] IPUIPlugin:80 - create IPUIPlugin
2025-08-25 12:50:55,792 [INFO] PluginManager:220 - loadIPPluginJar : add tracer_emb
2025-08-25 12:50:55,800 [INFO] IPUIPlugin:80 - create IPUIPlugin
2025-08-25 12:50:55,800 [INFO] PluginManager:220 - loadIPPluginJar : add ts
2025-08-25 12:50:55,806 [INFO] IPUIPlugin:80 - create IPUIPlugin
2025-08-25 12:50:55,806 [INFO] PluginManager:220 - loadIPPluginJar : add tsc
2025-08-25 12:50:55,811 [INFO] IPUIPlugin:80 - create IPUIPlugin
2025-08-25 12:50:55,812 [INFO] PluginManager:220 - loadIPPluginJar : add ucpd
2025-08-25 12:50:55,821 [INFO] IPUIPlugin:80 - create IPUIPlugin
2025-08-25 12:50:55,821 [INFO] PluginManager:220 - loadIPPluginJar : add usart
2025-08-25 12:50:55,832 [INFO] IPUIPlugin:80 - create IPUIPlugin
2025-08-25 12:50:55,833 [INFO] PluginManager:220 - loadIPPluginJar : add usbx
2025-08-25 12:50:56,059 [FATAL] Updater:351 - Updater called before beeing initialized
2025-08-25 12:50:56,123 [INFO] RulesReader:64 - Compatibility file has been processed (317 Rules)
2025-08-25 12:50:56,158 [INFO] RulesReader:64 - Compatibility file has been processed (317 Rules)
2025-08-25 12:50:56,174 [INFO] CADModel:165 - CPN selected for project level
2025-08-25 12:50:56,175 [INFO] CADModel:114 - Register for checkConnection events
2025-08-25 12:50:56,175 [FATAL] Updater:351 - Updater called before beeing initialized
2025-08-25 12:50:56,175 [ERROR] CADModel:125 - Updater not yet initialized, retry later 
2025-08-25 12:50:56,454 [FATAL] Updater:351 - Updater called before beeing initialized
2025-08-25 12:50:56,458 [INFO] CADModel:165 - CPN selected for project level
2025-08-25 12:50:56,458 [INFO] CADModel:114 - Register for checkConnection events
2025-08-25 12:50:56,458 [FATAL] Updater:351 - Updater called before beeing initialized
2025-08-25 12:50:56,458 [ERROR] CADModel:125 - Updater not yet initialized, retry later 
2025-08-25 12:50:56,464 [FATAL] Updater:351 - Updater called before beeing initialized
2025-08-25 12:50:56,698 [FATAL] Updater:351 - Updater called before beeing initialized
2025-08-25 12:50:56,707 [INFO] DbMcusAds:53 - JSON generation date=Tue Jul 08 13:44:23 IST 2025 (1751962463582)
2025-08-25 12:50:56,708 [FATAL] Updater:351 - Updater called before beeing initialized
2025-08-25 12:50:56,802 [WARN] DetailPanel:346 - Failed to get advertising image, set to default
2025-08-25 12:50:57,004 [FATAL] Updater:351 - Updater called before beeing initialized
2025-08-25 12:50:57,006 [FATAL] Updater:351 - Updater called before beeing initialized
2025-08-25 12:50:57,007 [FATAL] Updater:351 - Updater called before beeing initialized
2025-08-25 12:50:57,007 [WARN] DetailPanel:346 - Failed to get advertising image, set to default
2025-08-25 12:50:57,008 [FATAL] Updater:351 - Updater called before beeing initialized
2025-08-25 12:50:57,068 [INFO] ThirdPartyUpdaterWithRetryManager:70 - Updater plugin not ready yet. [2/15]
2025-08-25 12:50:57,095 [ERROR] Updater:1198 - MainUpdater not yet initialized. External WinMGr cannot be set.
2025-08-25 12:50:57,098 [INFO] Updater:1134 - Updater Version found : 6.15.0
2025-08-25 12:50:57,132 [INFO] ApplicationProperties:184 - Using Application install path: C:\ST\STM32CubeIDE_1.18.1\STM32CubeIDE\plugins\com.st.stm32cube.common.mx_6.15.0.202507011659
2025-08-25 12:50:58,267 [INFO] MainUpdater:2872 - connection check result : 10
2025-08-25 12:50:58,268 [INFO] MainUpdater:289 - Updater Check For Update Now.
2025-08-25 12:50:58,268 [INFO] MicroXplorer:498 - Change Database Version : DB.6.0.150
2025-08-25 12:50:58,274 [INFO] McuFinderGlobals:63 - Set McuFinder mode to 2 (CubeIDE integrated)
2025-08-25 12:50:58,277 [INFO] UserAuth:487 - Internet connection configuration mode: 1
2025-08-25 12:50:58,311 [INFO] JxBrowserEngine:152 - Initiate JxBrowser Engine with user profile folder
2025-08-25 12:50:58,531 [INFO] CheckServerUpdateThread:120 - End of CheckServer Thread
2025-08-25 12:51:00,825 [WARN] PackLoader:240 - Cannot read IP mode file for STMicroelectronics.FP-SNS-MOTENVWB1.1.4.0
2025-08-25 12:51:00,840 [WARN] PackLoader:240 - Cannot read IP mode file for STMicroelectronics.FP-ATR-ASTRA1.2.0.2
2025-08-25 12:51:00,856 [WARN] PackLoader:240 - Cannot read IP mode file for STMicroelectronics.X-CUBE-SMBUS.2.1.0
2025-08-25 12:51:00,865 [WARN] PackLoader:240 - Cannot read IP mode file for STMicroelectronics.X-CUBE-ST60.1.0.0
2025-08-25 12:51:00,944 [WARN] PackLoader:240 - Cannot read IP mode file for STMicroelectronics.X-CUBE-AZRTOS-F7.1.1.0
2025-08-25 12:51:01,031 [WARN] PackLoader:240 - Cannot read IP mode file for Infineon.AIROC-Wi-Fi-Bluetooth-STM32.1.7.0
2025-08-25 12:51:01,112 [WARN] PackLoader:240 - Cannot read IP mode file for STMicroelectronics.X-CUBE-AZRTOS-H7.3.4.0
2025-08-25 12:51:01,139 [WARN] PackLoader:240 - Cannot read IP mode file for STMicroelectronics.X-CUBE-DISPLAY.3.0.0
2025-08-25 12:51:01,170 [WARN] PackLoader:240 - Cannot read IP mode file for STMicroelectronics.X-CUBE-NFC10.1.0.0
2025-08-25 12:51:01,222 [WARN] PackLoader:240 - Cannot read IP mode file for STMicroelectronics.X-CUBE-BLEMGR.4.0.0
2025-08-25 12:51:01,262 [WARN] PackLoader:240 - Cannot read IP mode file for emotas.I-CUBE-CANOPEN.1.3.0
2025-08-25 12:51:01,274 [WARN] ConditionMgr:438 - getConditionDescription Invalid condition id : Cortex-A Device cause : null
2025-08-25 12:51:01,301 [WARN] ConditionMgr:1044 - genDependencies : Invalid condition id : Cortex-A Device cause : null
2025-08-25 12:51:01,301 [WARN] ConditionMgr:1044 - genDependencies : Invalid condition id : Cortex-A Device cause : null
2025-08-25 12:51:01,301 [WARN] ConditionMgr:1044 - genDependencies : Invalid condition id : Cortex-A Device cause : null
2025-08-25 12:51:01,322 [WARN] PackLoader:240 - Cannot read IP mode file for STMicroelectronics.X-CUBE-AI.10.0.0
2025-08-25 12:51:01,341 [WARN] PackLoader:240 - Cannot read IP mode file for STMicroelectronics.FP-SNS-STBOX1.2.1.0
2025-08-25 12:51:01,360 [WARN] PackLoader:240 - Cannot read IP mode file for STMicroelectronics.FP-SNS-SMARTAG2.1.2.0
2025-08-25 12:51:01,370 [WARN] PackLoader:240 - Cannot read IP mode file for STMicroelectronics.FP-SNS-FLIGHT1.5.1.0
2025-08-25 12:51:01,424 [INFO] LogOutputStream:77 - [STDOUT_REDIRECT] 1 : Invalid condition id : UX_CORESTACK_Condition cause : null
2025-08-25 12:51:01,426 [INFO] LogOutputStream:77 - [STDOUT_REDIRECT] 1 : Invalid condition id : UX_CORESTACK_Condition cause : null
2025-08-25 12:51:01,429 [INFO] LogOutputStream:77 - [STDOUT_REDIRECT] 1 : Invalid condition id : UX_CORESTACK_Condition cause : null
2025-08-25 12:51:01,432 [INFO] LogOutputStream:77 - [STDOUT_REDIRECT] 1 : Invalid condition id : UX_CORESTACK_Condition cause : null
2025-08-25 12:51:01,436 [INFO] LogOutputStream:77 - [STDOUT_REDIRECT] 1 : Invalid condition id : UX_CORESTACK_Condition cause : null
2025-08-25 12:51:01,442 [WARN] PackLoader:240 - Cannot read IP mode file for STMicroelectronics.X-CUBE-AZRTOS-WL.2.0.0
2025-08-25 12:51:01,456 [WARN] PackLoader:240 - Cannot read IP mode file for STMicroelectronics.FP-SNS-MOTENV1.5.0.0
2025-08-25 12:51:01,473 [WARN] PackLoader:240 - Cannot read IP mode file for WES.I-CUBE-Cesium.1.3.0
2025-08-25 12:51:01,482 [WARN] PackLoader:240 - Cannot read IP mode file for STMicroelectronics.X-CUBE-BLE2.3.3.0
2025-08-25 12:51:01,499 [WARN] PackLoader:240 - Cannot read IP mode file for STMicroelectronics.X-CUBE-NFC9.1.0.0
2025-08-25 12:51:01,516 [WARN] PackLoader:240 - Cannot read IP mode file for STMicroelectronics.X-CUBE-BLE1.7.1.0
2025-08-25 12:51:01,527 [WARN] PackLoader:240 - Cannot read IP mode file for wolfSSL.I-CUBE-wolfMQTT.1.19.2
2025-08-25 12:51:01,539 [WARN] PackLoader:240 - Cannot read IP mode file for STMicroelectronics.X-CUBE-EEPRMA1.5.2.0
2025-08-25 12:51:01,550 [WARN] PackLoader:240 - Cannot read IP mode file for STMicroelectronics.X-CUBE-AI.10.1.0
2025-08-25 12:51:01,677 [WARN] PackLoader:240 - Cannot read IP mode file for STMicroelectronics.X-CUBE-MEMS1.11.2.0
2025-08-25 12:51:02,079 [WARN] PackLoader:240 - Cannot read IP mode file for STMicroelectronics.X-CUBE-AZRTOS-G0.1.1.0
2025-08-25 12:51:02,096 [WARN] PackLoader:240 - Cannot read IP mode file for STMicroelectronics.X-CUBE-SAFEA1.1.2.2
2025-08-25 12:51:02,109 [WARN] PackLoader:240 - Cannot read IP mode file for STMicroelectronics.X-CUBE-NFC4.3.0.0
2025-08-25 12:51:02,117 [INFO] WebApp:169 - Instantiating new browser for Auth
2025-08-25 12:51:02,143 [WARN] PackLoader:240 - Cannot read IP mode file for EmbeddedOffice.I-CUBE-FS-RTOS.1.0.1
2025-08-25 12:51:02,177 [WARN] PackLoader:240 - Cannot read IP mode file for STMicroelectronics.X-CUBE-WB05N.2.0.0
2025-08-25 12:51:02,215 [WARN] PackLoader:240 - Cannot read IP mode file for wolfSSL.I-CUBE-wolfTPM.3.8.0
2025-08-25 12:51:02,244 [WARN] PackLoader:240 - Cannot read IP mode file for STMicroelectronics.X-CUBE-TCPP.4.2.0
2025-08-25 12:51:02,290 [WARN] PackLoader:240 - Cannot read IP mode file for RealThread.X-CUBE-RT-Thread_Nano.4.1.1
2025-08-25 12:51:02,329 [WARN] PackLoader:240 - Cannot read IP mode file for STMicroelectronics.FP-ATR-SIGFOX1.3.2.0
2025-08-25 12:51:02,346 [WARN] PackLoader:240 - Cannot read IP mode file for STMicroelectronics.X-CUBE-EEPRMA1.5.1.0
2025-08-25 12:51:02,370 [WARN] PackLoader:240 - Cannot read IP mode file for wolfSSL.I-CUBE-wolfSSL.5.7.6
2025-08-25 12:51:02,390 [WARN] PackLoader:240 - Cannot read IP mode file for ITTIA_DB.I-CUBE-ITTIADB.8.9.0
2025-08-25 12:51:02,412 [WARN] PackLoader:240 - Cannot read IP mode file for STMicroelectronics.X-CUBE-ST67W61.1.0.0
2025-08-25 12:51:02,423 [WARN] PackLoader:240 - Cannot read IP mode file for STMicroelectronics.X-CUBE-AI.10.2.0
2025-08-25 12:51:02,501 [WARN] PackLoader:240 - Cannot read IP mode file for SEGGER.I-CUBE-embOS.1.3.1
2025-08-25 12:51:02,587 [WARN] PackLoader:240 - Cannot read IP mode file for STMicroelectronics.X-CUBE-ALGOBUILD.1.4.0
2025-08-25 12:51:02,686 [WARN] PackLoader:240 - Cannot read IP mode file for STMicroelectronics.X-CUBE-MEMS1.11.3.0
2025-08-25 12:51:03,015 [WARN] PackLoader:240 - Cannot read IP mode file for STMicroelectronics.X-CUBE-PM33A1.1.0.0
2025-08-25 12:51:03,065 [WARN] PackLoader:240 - Cannot read IP mode file for STMicroelectronics.X-CUBE-AZRTOS-F4.1.1.0
2025-08-25 12:51:03,085 [WARN] PackLoader:240 - Cannot read IP mode file for Avnet-IotConnect.X-CUBE-IoTC-DA16k-PMOD.1.0.0
2025-08-25 12:51:03,094 [WARN] PackLoader:240 - Cannot read IP mode file for STMicroelectronics.X-CUBE-ISPU.2.1.0
2025-08-25 12:51:03,176 [WARN] PackLoader:240 - Cannot read IP mode file for STMicroelectronics.X-CUBE-NFC12.1.0.0
2025-08-25 12:51:03,220 [WARN] PackLoader:240 - Cannot read IP mode file for STMicroelectronics.X-CUBE-AZRTOS-L5.2.0.0
2025-08-25 12:51:03,243 [WARN] PackLoader:240 - Cannot read IP mode file for STMicroelectronics.X-CUBE-NFC6.3.1.0
2025-08-25 12:51:03,269 [WARN] PackLoader:240 - Cannot read IP mode file for STMicroelectronics.X-CUBE-FREERTOS.1.3.1
2025-08-25 12:51:03,278 [WARN] PackLoader:240 - Cannot read IP mode file for STMicroelectronics.X-CUBE-FREERTOS.1.3.0
2025-08-25 12:51:03,288 [WARN] PackLoader:240 - Cannot read IP mode file for STMicroelectronics.X-CUBE-NFC7.1.0.1
2025-08-25 12:51:03,304 [WARN] PackLoader:240 - Cannot read IP mode file for STMicroelectronics.FP-SNS-STAIOTCFT.1.0.0
2025-08-25 12:51:03,316 [WARN] PackLoader:240 - Cannot read IP mode file for STMicroelectronics.X-CUBE-DPower.1.3.0
2025-08-25 12:51:03,358 [WARN] ConditionMgr:438 - getConditionDescription Invalid condition id : LAN8742 Phy interface Condition cause : null
2025-08-25 12:51:03,359 [WARN] PackLoader:240 - Cannot read IP mode file for STMicroelectronics.X-CUBE-AZRTOS-L4.2.0.0
2025-08-25 12:51:03,362 [WARN] ConditionMgr:1044 - genDependencies : Invalid condition id : LAN8742 Phy interface Condition cause : null
2025-08-25 12:51:03,362 [WARN] ConditionMgr:1044 - genDependencies : Invalid condition id : LAN8742 Phy interface Condition cause : null
2025-08-25 12:51:03,363 [WARN] ConditionMgr:1044 - genDependencies : Invalid condition id : LAN8742 Phy interface Condition cause : null
2025-08-25 12:51:03,390 [WARN] PackLoader:240 - Cannot read IP mode file for STMicroelectronics.X-CUBE-SFXS2LP1.4.0.0
2025-08-25 12:51:03,426 [WARN] PackLoader:240 - Cannot read IP mode file for STMicroelectronics.X-CUBE-AZRTOS-H7.3.3.0
2025-08-25 12:51:03,452 [WARN] PackLoader:240 - Cannot read IP mode file for STMicroelectronics.X-CUBE-BLEMGR.4.1.0
2025-08-25 12:51:03,486 [WARN] ConditionMgr:438 - getConditionDescription Invalid condition id : UX DEVICE CLASS RTOS Condition cause : null
2025-08-25 12:51:03,487 [WARN] ConditionMgr:438 - getConditionDescription Invalid condition id : UX DEVICE CLASS RTOS Condition cause : null
2025-08-25 12:51:03,491 [WARN] PackLoader:240 - Cannot read IP mode file for STMicroelectronics.X-CUBE-AZRTOS-WB.2.0.0
2025-08-25 12:51:03,492 [WARN] ConditionMgr:1044 - genDependencies : Invalid condition id : UX DEVICE CLASS RTOS Condition cause : null
2025-08-25 12:51:03,493 [WARN] ConditionMgr:1044 - genDependencies : Invalid condition id : UX DEVICE CLASS RTOS Condition cause : null
2025-08-25 12:51:03,494 [WARN] ConditionMgr:1044 - genDependencies : Invalid condition id : UX DEVICE CLASS RTOS Condition cause : null
2025-08-25 12:51:03,495 [WARN] ConditionMgr:1044 - genDependencies : Invalid condition id : UX DEVICE CLASS RTOS Condition cause : null
2025-08-25 12:51:03,495 [WARN] ConditionMgr:1044 - genDependencies : Invalid condition id : UX DEVICE CLASS RTOS Condition cause : null
2025-08-25 12:51:03,506 [WARN] PackLoader:240 - Cannot read IP mode file for STMicroelectronics.X-CUBE-GNSS1.7.0.1
2025-08-25 12:51:03,517 [WARN] PackLoader:240 - Cannot read IP mode file for STMicroelectronics.X-CUBE-TOUCHGFX.4.25.0
2025-08-25 12:51:03,528 [WARN] PackLoader:240 - Cannot read IP mode file for STMicroelectronics.FP-SNS-STBOX1.2.0.0
2025-08-25 12:51:03,552 [WARN] PackLoader:240 - Cannot read IP mode file for STMicroelectronics.X-CUBE-SUBG2.5.0.0
2025-08-25 12:51:03,598 [WARN] PackLoader:240 - Cannot read IP mode file for STMicroelectronics.X-CUBE-AZRTOS-H7RS.1.1.0
2025-08-25 12:51:03,610 [WARN] PackLoader:240 - Cannot read IP mode file for Cesanta.I-CUBE-Mongoose.7.13.0
2025-08-25 12:51:03,638 [WARN] PackLoader:240 - Cannot read IP mode file for STMicroelectronics.X-CUBE-AZRTOS-G4.2.0.0
2025-08-25 12:51:03,649 [WARN] PackLoader:240 - Cannot read IP mode file for wolfSSL.I-CUBE-wolfSSH.1.4.20
2025-08-25 12:51:03,655 [WARN] PackLoader:240 - Cannot read IP mode file for STMicroelectronics.X-CUBE-NFC7.2.0.0
2025-08-25 12:51:03,675 [WARN] PackLoader:240 - Cannot read IP mode file for STMicroelectronics.X-CUBE-IPS.3.1.0
2025-08-25 12:51:03,695 [WARN] PackLoader:240 - Cannot read IP mode file for STMicroelectronics.X-CUBE-ALS.1.0.2
2025-08-25 12:51:03,706 [WARN] PackLoader:240 - Cannot read IP mode file for portGmbH.I-Cube-SoM-uGOAL.1.1.0
2025-08-25 12:51:03,728 [WARN] PackLoader:240 - Cannot read IP mode file for STMicroelectronics.X-CUBE-TOF1.3.4.3
2025-08-25 12:51:03,751 [INFO] ThirdParty:978 - Integrity check success = true
2025-08-25 12:51:03,751 [INFO] IntegrityCheckThread:100 - exiting critical section [integrity check]
2025-08-25 12:51:03,751 [INFO] IntegrityCheckThread:103 - End integrity checks thread
2025-08-25 12:51:05,131 [INFO] WebApp:463 - Apply proxy settings
2025-08-25 12:51:05,132 [INFO] WebApp:548 - Chromium requires no authentication
2025-08-25 12:51:05,155 [INFO] WebApp:491 - Direct internet connection detected
2025-08-25 12:51:05,217 [INFO] WebApp:900 - Register for checkConnection events
2025-08-25 12:51:05,218 [INFO] WebApp:463 - Apply proxy settings
2025-08-25 12:51:05,218 [INFO] WebApp:548 - Chromium requires no authentication
2025-08-25 12:51:05,219 [INFO] WebApp:491 - Direct internet connection detected
2025-08-25 12:51:06,695 [INFO] WebApp:191 - Connection restablished
2025-08-25 12:51:06,879 [INFO] WebApp:225 - Starting web application
2025-08-25 12:51:06,879 [INFO] WebApp:593 - Web application path used C:\ST\STM32CubeIDE_1.18.1\STM32CubeIDE\plugins\com.st.stm32cube.common.mx_6.15.0.202507011659\db\plugins\mcufinder\reactClient1\index.html
2025-08-25 12:51:07,442 [INFO] UserAuth:487 - Internet connection configuration mode: 1
2025-08-25 16:13:42,565 [ERROR] LogOutputStream:75 - [STDERR_REDIRECT] 
