../Core/Src/main.c:226:10:ADC_Current	24	static
../Core/Src/main.c:246:10:ADC_Voltage	24	static
../Core/Src/main.c:266:6:CurrentValue	24	static
../Core/Src/main.c:354:6:VoltageValue	40	static
../Core/Src/main.c:504:5:main	128	static
../Core/Src/main.c:1037:6:SystemClock_Config	88	static
../Core/Src/main.c:1083:13:MX_ADC1_Init	24	static
../Core/Src/main.c:1151:13:MX_TIM3_Init	64	static
../Core/Src/main.c:1209:13:MX_GPIO_Init	48	static
../Core/Src/main.c:1276:6:Error_Handler	8	static,ignoring_inline_asm
