../Core/Src/main.c:103:6:updateDigits	24	static
../Core/Src/main.c:113:10:ADC_Convert_Rank1	24	static
../Core/Src/main.c:133:10:ADC_Convert_Rank2	24	static
../Core/Src/main.c:153:10:ADC_Convert_Rank3	24	static
../Core/Src/main.c:184:5:main	16	static
../Core/Src/main.c:343:6:SystemClock_Config	88	static
../Core/Src/main.c:389:13:MX_ADC1_Init	24	static
../Core/Src/main.c:467:13:MX_TIM3_Init	64	static
../Core/Src/main.c:525:13:MX_USART1_UART_Init	8	static
../Core/Src/main.c:573:13:MX_GPIO_Init	16	static
../Core/Src/main.c:595:6:Error_Handler	8	static,ignoring_inline_asm
