15:26:36 **** Incremental Build of configuration Debug for project test1 ****
make -j8 all 
arm-none-eabi-gcc "../Core/Src/main.c" -mcpu=cortex-m0plus -std=gnu11 -g3 -DDEBUG -DUSE_HAL_DRIVER -DSTM32G030xx -c -I../Core/Inc -I../Drivers/STM32G0xx_HAL_Driver/Inc -I../Drivers/STM32G0xx_HAL_Driver/Inc/Legacy -I../Drivers/CMSIS/Device/ST/STM32G0xx/Include -I../Drivers/CMSIS/Include -O0 -ffunction-sections -fdata-sections -Wall -fstack-usage -fcyclomatic-complexity -MMD -MP -MF"Core/Src/main.d" -MT"Core/Src/main.o" --specs=nano.specs -mfloat-abi=soft -mthumb -o "Core/Src/main.o"
../Core/Src/main.c: In function 'main':
../Core/Src/main.c:230:92: error: invalid operands to binary >> (have 'float' and 'int')
  230 |           filtered_adc_1 = ((filtered_adc_1 * ((1 << SMOOTHING_SHIFT) - 1)) + corrected_1) >> SMOOTHING_SHIFT;
      |                            ~~~~~~~~~~~~~~~~~~~~~~~~~~~~~~~~~~~~~~~~~~~~~~~~~~~~~~~~~~~~~~~ ^~
      |                                                                             |
      |                                                                             float
make: *** [Core/Src/subdir.mk:34: Core/Src/main.o] Error 1
"make -j8 all" terminated with exit code 2. Build might be incomplete.
15:28:08 **** Incremental Build of configuration Debug for project test1 ****
make -j8 all 
arm-none-eabi-gcc "../Core/Src/main.c" -mcpu=cortex-m0plus -std=gnu11 -g3 -DDEBUG -DUSE_HAL_DRIVER -DSTM32G030xx -c -I../Core/Inc -I../Drivers/STM32G0xx_HAL_Driver/Inc -I../Drivers/STM32G0xx_HAL_Driver/Inc/Legacy -I../Drivers/CMSIS/Device/ST/STM32G0xx/Include -I../Drivers/CMSIS/Include -O0 -ffunction-sections -fdata-sections -Wall -fstack-usage -fcyclomatic-complexity -MMD -MP -MF"Core/Src/main.d" -MT"Core/Src/main.o" --specs=nano.specs -mfloat-abi=soft -mthumb -o "Core/Src/main.o"
arm-none-eabi-gcc -o "test1.elf" @"objects.list"   -mcpu=cortex-m0plus -T"C:\Users\singh\STM32CubeIDE\workspace_1.18.1\test1\STM32G030K6TX_FLASH.ld" --specs=nosys.specs -Wl,-Map="test1.map" -Wl,--gc-sections -static --specs=nano.specs -mfloat-abi=soft -mthumb -Wl,--start-group -lc -lm -Wl,--end-group
Finished building target: test1.elf
 
arm-none-eabi-size  test1.elf 
arm-none-eabi-objdump -h -S test1.elf  > "test1.list"
   text	   data	    bss	    dec	    hex	filename
  21908	     12	   1780	  23700	   5c94	test1.elf
Finished building: default.size.stdout
 
Finished building: test1.list
 
15:28:42 **** Incremental Build of configuration Debug for project test1 ****
make -j8 all 
arm-none-eabi-gcc "../Core/Src/main.c" -mcpu=cortex-m0plus -std=gnu11 -g3 -DDEBUG -DUSE_HAL_DRIVER -DSTM32G030xx -c -I../Core/Inc -I../Drivers/STM32G0xx_HAL_Driver/Inc -I../Drivers/STM32G0xx_HAL_Driver/Inc/Legacy -I../Drivers/CMSIS/Device/ST/STM32G0xx/Include -I../Drivers/CMSIS/Include -O0 -ffunction-sections -fdata-sections -Wall -fstack-usage -fcyclomatic-complexity -MMD -MP -MF"Core/Src/main.d" -MT"Core/Src/main.o" --specs=nano.specs -mfloat-abi=soft -mthumb -o "Core/Src/main.o"
arm-none-eabi-gcc -o "test1.elf" @"objects.list"   -mcpu=cortex-m0plus -T"C:\Users\singh\STM32CubeIDE\workspace_1.18.1\test1\STM32G030K6TX_FLASH.ld" --specs=nosys.specs -Wl,-Map="test1.map" -Wl,--gc-sections -static --specs=nano.specs -mfloat-abi=soft -mthumb -Wl,--start-group -lc -lm -Wl,--end-group
Finished building target: test1.elf
 
arm-none-eabi-size  test1.elf 
arm-none-eabi-objdump -h -S test1.elf  > "test1.list"
   text	   data	    bss	    dec	    hex	filename
  21956	     12	   1780	  23748	   5cc4	test1.elf
Finished building: default.size.stdout
 
Finished building: test1.list
 
15:34:19 **** Incremental Build of configuration Debug for project test1 ****
make -j8 all 
arm-none-eabi-gcc "../Core/Src/main.c" -mcpu=cortex-m0plus -std=gnu11 -g3 -DDEBUG -DUSE_HAL_DRIVER -DSTM32G030xx -c -I../Core/Inc -I../Drivers/STM32G0xx_HAL_Driver/Inc -I../Drivers/STM32G0xx_HAL_Driver/Inc/Legacy -I../Drivers/CMSIS/Device/ST/STM32G0xx/Include -I../Drivers/CMSIS/Include -O0 -ffunction-sections -fdata-sections -Wall -fstack-usage -fcyclomatic-complexity -MMD -MP -MF"Core/Src/main.d" -MT"Core/Src/main.o" --specs=nano.specs -mfloat-abi=soft -mthumb -o "Core/Src/main.o"
arm-none-eabi-gcc -o "test1.elf" @"objects.list"   -mcpu=cortex-m0plus -T"C:\Users\singh\STM32CubeIDE\workspace_1.18.1\test1\STM32G030K6TX_FLASH.ld" --specs=nosys.specs -Wl,-Map="test1.map" -Wl,--gc-sections -static --specs=nano.specs -mfloat-abi=soft -mthumb -Wl,--start-group -lc -lm -Wl,--end-group
Finished building target: test1.elf
 
arm-none-eabi-size  test1.elf 
arm-none-eabi-objdump -h -S test1.elf  > "test1.list"
   text	   data	    bss	    dec	    hex	filename
  23716	     12	   1788	  25516	   63ac	test1.elf
Finished building: default.size.stdout
 
Finished building: test1.list
 
15:38:08 **** Incremental Build of configuration Debug for project test1 ****
make -j8 all 
arm-none-eabi-gcc "../Core/Src/main.c" -mcpu=cortex-m0plus -std=gnu11 -g3 -DDEBUG -DUSE_HAL_DRIVER -DSTM32G030xx -c -I../Core/Inc -I../Drivers/STM32G0xx_HAL_Driver/Inc -I../Drivers/STM32G0xx_HAL_Driver/Inc/Legacy -I../Drivers/CMSIS/Device/ST/STM32G0xx/Include -I../Drivers/CMSIS/Include -O0 -ffunction-sections -fdata-sections -Wall -fstack-usage -fcyclomatic-complexity -MMD -MP -MF"Core/Src/main.d" -MT"Core/Src/main.o" --specs=nano.specs -mfloat-abi=soft -mthumb -o "Core/Src/main.o"
../Core/Src/main.c: In function 'main':
../Core/Src/main.c:240:17: warning: unused variable 'test' [-Wunused-variable]
  240 |           float test = ((voltage / 3.3) * 200.0);
      |                 ^~~~
arm-none-eabi-gcc -o "test1.elf" @"objects.list"   -mcpu=cortex-m0plus -T"C:\Users\singh\STM32CubeIDE\workspace_1.18.1\test1\STM32G030K6TX_FLASH.ld" --specs=nosys.specs -Wl,-Map="test1.map" -Wl,--gc-sections -static --specs=nano.specs -mfloat-abi=soft -mthumb -Wl,--start-group -lc -lm -Wl,--end-group
Finished building target: test1.elf
 
arm-none-eabi-size  test1.elf 
arm-none-eabi-objdump -h -S test1.elf  > "test1.list"
   text	   data	    bss	    dec	    hex	filename
  23776	     12	   1788	  25576	   63e8	test1.elf
Finished building: default.size.stdout
 
Finished building: test1.list
 
15:38:43 **** Incremental Build of configuration Debug for project test1 ****
make -j8 all 
arm-none-eabi-gcc "../Core/Src/main.c" -mcpu=cortex-m0plus -std=gnu11 -g3 -DDEBUG -DUSE_HAL_DRIVER -DSTM32G030xx -c -I../Core/Inc -I../Drivers/STM32G0xx_HAL_Driver/Inc -I../Drivers/STM32G0xx_HAL_Driver/Inc/Legacy -I../Drivers/CMSIS/Device/ST/STM32G0xx/Include -I../Drivers/CMSIS/Include -O0 -ffunction-sections -fdata-sections -Wall -fstack-usage -fcyclomatic-complexity -MMD -MP -MF"Core/Src/main.d" -MT"Core/Src/main.o" --specs=nano.specs -mfloat-abi=soft -mthumb -o "Core/Src/main.o"
arm-none-eabi-gcc -o "test1.elf" @"objects.list"   -mcpu=cortex-m0plus -T"C:\Users\singh\STM32CubeIDE\workspace_1.18.1\test1\STM32G030K6TX_FLASH.ld" --specs=nosys.specs -Wl,-Map="test1.map" -Wl,--gc-sections -static --specs=nano.specs -mfloat-abi=soft -mthumb -Wl,--start-group -lc -lm -Wl,--end-group
Finished building target: test1.elf
 
arm-none-eabi-size  test1.elf 
arm-none-eabi-objdump -h -S test1.elf  > "test1.list"
   text	   data	    bss	    dec	    hex	filename
  23784	     12	   1788	  25584	   63f0	test1.elf
Finished building: default.size.stdout
 
Finished building: test1.list
 
15:39:38 **** Incremental Build of configuration Debug for project test1 ****
make -j8 all 
arm-none-eabi-gcc "../Core/Src/main.c" -mcpu=cortex-m0plus -std=gnu11 -g3 -DDEBUG -DUSE_HAL_DRIVER -DSTM32G030xx -c -I../Core/Inc -I../Drivers/STM32G0xx_HAL_Driver/Inc -I../Drivers/STM32G0xx_HAL_Driver/Inc/Legacy -I../Drivers/CMSIS/Device/ST/STM32G0xx/Include -I../Drivers/CMSIS/Include -O0 -ffunction-sections -fdata-sections -Wall -fstack-usage -fcyclomatic-complexity -MMD -MP -MF"Core/Src/main.d" -MT"Core/Src/main.o" --specs=nano.specs -mfloat-abi=soft -mthumb -o "Core/Src/main.o"
arm-none-eabi-gcc -o "test1.elf" @"objects.list"   -mcpu=cortex-m0plus -T"C:\Users\singh\STM32CubeIDE\workspace_1.18.1\test1\STM32G030K6TX_FLASH.ld" --specs=nosys.specs -Wl,-Map="test1.map" -Wl,--gc-sections -static --specs=nano.specs -mfloat-abi=soft -mthumb -Wl,--start-group -lc -lm -Wl,--end-group
Finished building target: test1.elf
 
arm-none-eabi-size  test1.elf 
arm-none-eabi-objdump -h -S test1.elf  > "test1.list"
   text	   data	    bss	    dec	    hex	filename
  23784	     12	   1788	  25584	   63f0	test1.elf
Finished building: default.size.stdout
 
Finished building: test1.list
 
